2025-05-28 17:23:37,044 [INFO] Activator:176 - 


2025-05-28 17:23:37,050 [INFO] Activator:177 - !SESSION log4j initialized
2025-05-28 17:23:46,855 [INFO] LogOutputStream:77 - [STDOUT_REDIRECT] 
2025-05-28 17:23:47,815 [INFO] LogOutputStream:77 - [STDOUT_REDIRECT] 
2025-05-28 17:23:56,950 [INFO] ApplicationProperties:184 - Using Application install path: C:\ST\STM32CubeIDE_1.18.0\STM32CubeIDE\plugins\com.st.stm32cube.common.mx_6.14.0.202502271554
2025-05-28 17:23:56,987 [INFO] DbMcusXml:78 - Set database path to: C:\ST\STM32CubeIDE_1.18.0\STM32CubeIDE\plugins\com.st.stm32cube.common.mx_6.14.0.202502271554\\db\/mcu/
2025-05-28 17:23:56,987 [INFO] ApiDb:274 - Set plugin database path to: C:\ST\STM32CubeIDE_1.18.0\STM32CubeIDE\plugins\com.st.stm32cube.common.mx_6.14.0.202502271554\\db\/plugins/boardmanager/
2025-05-28 17:23:56,988 [WARN] ApiDb:259 - Overriding images path with different value:  => C:\ST\STM32CubeIDE_1.18.0\STM32CubeIDE\plugins\com.st.stm32cube.common.mx_6.14.0.202502271554\\db\/plugins/mcufinder/images/
2025-05-28 17:23:57,025 [INFO] ApiDb:250 - Set database path to: C:\Users\pwlub\.stmcufinder\plugins\mcufinder//mcu/
2025-05-28 17:23:57,027 [INFO] DbMcusAds:125 - Set database path to: C:\Users\pwlub\.stmcufinder\plugins\mcufinder//mcu/
2025-05-28 17:23:57,033 [INFO] CrossReferenceDbSqlite:203 - Set database path to: C:\Users\pwlub\.stmcufinder\plugins\mcufinder//mcu/cs/
2025-05-28 17:23:57,366 [INFO] RulesReader:64 - Compatibility file has been processed (301 Rules)
2025-05-28 17:23:57,512 [INFO] DbMcusXml:78 - Set database path to: C:\ST\STM32CubeIDE_1.18.0\STM32CubeIDE\plugins\com.st.stm32cube.common.mx_6.14.0.202502271554\\db\/mcu/
2025-05-28 17:23:57,513 [INFO] ApiDb:274 - Set plugin database path to: C:\ST\STM32CubeIDE_1.18.0\STM32CubeIDE\plugins\com.st.stm32cube.common.mx_6.14.0.202502271554\\db\/plugins/boardmanager/
2025-05-28 17:23:57,513 [INFO] ApiDb:261 - Set plugin images path to: C:\ST\STM32CubeIDE_1.18.0\STM32CubeIDE\plugins\com.st.stm32cube.common.mx_6.14.0.202502271554\\db\/plugins/mcufinder/images/
2025-05-28 17:23:57,513 [WARN] DbFile:41 - Overriding database path with different value: C:\Users\pwlub\.stmcufinder\plugins\mcufinder/ => C:\Users\pwlub\.stmcufinder\plugins\mcufinder
2025-05-28 17:23:57,513 [INFO] ApiDb:250 - Set database path to: C:\Users\pwlub\.stmcufinder\plugins\mcufinder//mcu/
2025-05-28 17:23:57,514 [WARN] DbFile:41 - Overriding database path with different value: C:\Users\pwlub\.stmcufinder\plugins\mcufinder/ => C:\Users\pwlub\.stmcufinder\plugins\mcufinder
2025-05-28 17:23:57,514 [INFO] DbMcusAds:125 - Set database path to: C:\Users\pwlub\.stmcufinder\plugins\mcufinder//mcu/
2025-05-28 17:23:57,514 [WARN] DbFile:41 - Overriding database path with different value: C:\Users\pwlub\.stmcufinder\plugins\mcufinder/ => C:\Users\pwlub\.stmcufinder\plugins\mcufinder
2025-05-28 17:23:57,514 [WARN] DbFile:41 - Overriding database path with different value: C:\Users\pwlub\.stmcufinder\plugins\mcufinder/ => C:\Users\pwlub\.stmcufinder\plugins\mcufinder
2025-05-28 17:23:57,514 [INFO] CrossReferenceDbSqlite:203 - Set database path to: C:\Users\pwlub\.stmcufinder\plugins\mcufinder//mcu/cs/
2025-05-28 17:23:57,765 [INFO] MainPanel:272 - HeapMemory: 273678336
2025-05-28 17:23:58,044 [INFO] DbMcusXml:78 - Set database path to: C:\ST\STM32CubeIDE_1.18.0\STM32CubeIDE\plugins\com.st.stm32cube.common.mx_6.14.0.202502271554\\db\/mcu/
2025-05-28 17:23:58,045 [INFO] ApiDb:274 - Set plugin database path to: C:\ST\STM32CubeIDE_1.18.0\STM32CubeIDE\plugins\com.st.stm32cube.common.mx_6.14.0.202502271554\\db\/plugins/boardmanager/
2025-05-28 17:23:58,045 [INFO] ApiDb:261 - Set plugin images path to: C:\ST\STM32CubeIDE_1.18.0\STM32CubeIDE\plugins\com.st.stm32cube.common.mx_6.14.0.202502271554\\db\/plugins/mcufinder/images/
2025-05-28 17:23:58,045 [WARN] DbFile:41 - Overriding database path with different value: C:\Users\pwlub\.stmcufinder\plugins\mcufinder/ => C:\Users\pwlub\.stmcufinder\plugins\mcufinder
2025-05-28 17:23:58,045 [INFO] ApiDb:250 - Set database path to: C:\Users\pwlub\.stmcufinder\plugins\mcufinder//mcu/
2025-05-28 17:23:58,045 [WARN] DbFile:41 - Overriding database path with different value: C:\Users\pwlub\.stmcufinder\plugins\mcufinder/ => C:\Users\pwlub\.stmcufinder\plugins\mcufinder
2025-05-28 17:23:58,045 [INFO] DbMcusAds:125 - Set database path to: C:\Users\pwlub\.stmcufinder\plugins\mcufinder//mcu/
2025-05-28 17:23:58,045 [WARN] DbFile:41 - Overriding database path with different value: C:\Users\pwlub\.stmcufinder\plugins\mcufinder/ => C:\Users\pwlub\.stmcufinder\plugins\mcufinder
2025-05-28 17:23:58,045 [WARN] DbFile:41 - Overriding database path with different value: C:\Users\pwlub\.stmcufinder\plugins\mcufinder/ => C:\Users\pwlub\.stmcufinder\plugins\mcufinder
2025-05-28 17:23:58,046 [INFO] CrossReferenceDbSqlite:203 - Set database path to: C:\Users\pwlub\.stmcufinder\plugins\mcufinder//mcu/cs/
2025-05-28 17:23:58,073 [INFO] ApplicationProperties:184 - Using Application install path: C:\ST\STM32CubeIDE_1.18.0\STM32CubeIDE\plugins\com.st.stm32cube.common.mx_6.14.0.202502271554
2025-05-28 17:23:58,075 [INFO] PluginManage:196 - Search for loadable plugins [exclusion list=, ]
2025-05-28 17:23:58,078 [INFO] PluginManage:310 - Check plugin analytics
2025-05-28 17:24:02,925 [INFO] AnalyticsPlugin:253 - Accepted Software Licenses: STM32CubeMX.6.14.0
2025-05-28 17:24:02,926 [INFO] AnalyticsPlugin:255 - Accepted CMSIS Pack Licenses: 
2025-05-28 17:24:02,927 [INFO] AnalyticsPlugin:257 - Accepted Firmware Licenses: FW.G4.1.5.0,FW.G4.1.6.0
2025-05-28 17:24:02,931 [INFO] PluginManage:359 - Loaded plugin analytics (category:tool,tabindex:-1)
2025-05-28 17:24:02,932 [INFO] PluginManage:310 - Check plugin cadmodel
2025-05-28 17:24:02,947 [INFO] CADModel:105 - Init CAD model plugin
2025-05-28 17:24:02,947 [INFO] PluginManage:359 - Loaded plugin cadmodel (category:power,tabindex:5)
2025-05-28 17:24:02,947 [INFO] PluginManage:310 - Check plugin clock
2025-05-28 17:24:02,969 [INFO] PluginManage:359 - Loaded plugin clock (category:base,tabindex:2)
2025-05-28 17:24:02,970 [INFO] PluginManage:310 - Check plugin ddr
2025-05-28 17:24:02,976 [INFO] PluginManage:359 - Loaded plugin ddr (category:tool,tabindex:6)
2025-05-28 17:24:02,976 [INFO] PluginManage:310 - Check plugin filemanager
2025-05-28 17:24:03,219 [INFO] PluginManage:359 - Loaded plugin filemanager (category:base,tabindex:10)
2025-05-28 17:24:03,219 [INFO] PluginManage:310 - Check plugin ipmanager
2025-05-28 17:24:03,232 [INFO] PluginManage:359 - Loaded plugin ipmanager (category:base,tabindex:5)
2025-05-28 17:24:03,232 [INFO] PluginManage:310 - Check plugin lpbam
2025-05-28 17:24:03,312 [INFO] PluginManage:359 - Loaded plugin lpbam (category:base,tabindex:0)
2025-05-28 17:24:03,312 [INFO] PluginManage:310 - Check plugin memorymap
2025-05-28 17:24:03,348 [INFO] PluginManage:359 - Loaded plugin memorymap (category:base,tabindex:4)
2025-05-28 17:24:03,348 [INFO] PluginManage:310 - Check plugin pinoutandconfiguration
2025-05-28 17:24:03,368 [INFO] PluginManage:359 - Loaded plugin pinoutandconfiguration (category:base,tabindex:1)
2025-05-28 17:24:03,368 [INFO] PluginManage:310 - Check plugin pinoutconfig
2025-05-28 17:24:03,590 [WARN] SupportedApi:132 - Cannot load RTOS API schema: s4s-elt-must-match.1: The content of 'definitions' must match (annotation?, (simpleType | complexType)?, (unique | key | keyref)*)). A problem was found starting at: attribute.
2025-05-28 17:24:03,874 [INFO] PluginManage:359 - Loaded plugin pinoutconfig (category:base,tabindex:0)
2025-05-28 17:24:03,874 [INFO] PluginManage:310 - Check plugin power
2025-05-28 17:24:03,891 [INFO] PluginManage:359 - Loaded plugin power (category:power,tabindex:4)
2025-05-28 17:24:03,891 [INFO] PluginManage:310 - Check plugin projectmanager
2025-05-28 17:24:03,927 [INFO] PluginManage:359 - Loaded plugin projectmanager (category:projectmanager,tabindex:4)
2025-05-28 17:24:03,928 [INFO] PluginManage:310 - Check plugin rif
2025-05-28 17:24:03,943 [INFO] PluginManage:359 - Loaded plugin rif (category:base,tabindex:3)
2025-05-28 17:24:03,944 [INFO] PluginManage:310 - Check plugin thirdparty
2025-05-28 17:24:04,255 [WARN] IntegrityCheckThread:84 - waiting for thirdparty lock release [integrity check]
2025-05-28 17:24:04,255 [INFO] IntegrityCheckThread:86 - entering critical section [integrity check]
2025-05-28 17:24:04,255 [INFO] PluginManage:359 - Loaded plugin thirdparty (category:base,tabindex:-1)
2025-05-28 17:24:04,256 [INFO] PluginManage:310 - Check plugin tools
2025-05-28 17:24:04,257 [INFO] ThirdPartyUpdaterWithRetryManager:70 - Updater plugin not ready yet. [1/15]
2025-05-28 17:24:04,264 [INFO] PluginManage:359 - Loaded plugin tools (category:base,tabindex:7)
2025-05-28 17:24:04,264 [INFO] PluginManage:310 - Check plugin tutovideos
2025-05-28 17:24:04,635 [INFO] PluginManage:359 - Loaded plugin tutovideos (category:base,tabindex:-1)
2025-05-28 17:24:04,635 [INFO] PluginManage:310 - Check plugin updater
2025-05-28 17:24:04,688 [INFO] PluginManage:359 - Loaded plugin updater (category:base,tabindex:12)
2025-05-28 17:24:04,689 [INFO] PluginManage:310 - Check plugin userauth
2025-05-28 17:24:04,697 [INFO] UserAuth:118 - Init User Auth plugin
2025-05-28 17:24:04,698 [INFO] PluginManage:359 - Loaded plugin userauth (category:base,tabindex:14)
2025-05-28 17:24:04,699 [INFO] PluginManage:283 - PluginManage : Loaded plugins [18]
2025-05-28 17:24:05,148 [INFO] PinOutPanel:1589 - setPackage(No Configuration,No Configuration)
2025-05-28 17:24:05,380 [INFO] CADModel:165 - CPN selected for project level
2025-05-28 17:24:05,381 [INFO] CADModel:114 - Register for checkConnection events
2025-05-28 17:24:05,428 [INFO] IPUIPlugin:80 - create IPUIPlugin
2025-05-28 17:24:05,428 [INFO] PluginManager:220 - loadIPPluginJar : add adc
2025-05-28 17:24:05,434 [INFO] IPUIPlugin:80 - create IPUIPlugin
2025-05-28 17:24:05,434 [INFO] PluginManager:220 - loadIPPluginJar : add aes
2025-05-28 17:24:05,441 [INFO] IPUIPlugin:80 - create IPUIPlugin
2025-05-28 17:24:05,441 [INFO] PluginManager:220 - loadIPPluginJar : add can
2025-05-28 17:24:05,445 [INFO] IPUIPlugin:80 - create IPUIPlugin
2025-05-28 17:24:05,446 [INFO] PluginManager:220 - loadIPPluginJar : add comp
2025-05-28 17:24:05,452 [INFO] IPUIPlugin:80 - create IPUIPlugin
2025-05-28 17:24:05,452 [INFO] PluginManager:220 - loadIPPluginJar : add cryp
2025-05-28 17:24:05,461 [INFO] IPUIPlugin:80 - create IPUIPlugin
2025-05-28 17:24:05,462 [INFO] PluginManager:220 - loadIPPluginJar : add ddr_ctrl_phy
2025-05-28 17:24:05,467 [INFO] IPUIPlugin:80 - create IPUIPlugin
2025-05-28 17:24:05,467 [INFO] PluginManager:220 - loadIPPluginJar : add dfsdm
2025-05-28 17:24:05,481 [INFO] IPUIPlugin:80 - create IPUIPlugin
2025-05-28 17:24:05,482 [INFO] PluginManager:220 - loadIPPluginJar : add dma
2025-05-28 17:24:05,488 [INFO] IPUIPlugin:80 - create IPUIPlugin
2025-05-28 17:24:05,489 [INFO] PluginManager:220 - loadIPPluginJar : add dma3
2025-05-28 17:24:05,496 [INFO] IPUIPlugin:80 - create IPUIPlugin
2025-05-28 17:24:05,496 [INFO] PluginManager:220 - loadIPPluginJar : add extmemmanager
2025-05-28 17:24:05,501 [INFO] IPUIPlugin:80 - create IPUIPlugin
2025-05-28 17:24:05,502 [INFO] PluginManager:220 - loadIPPluginJar : add fatfs
2025-05-28 17:24:05,512 [INFO] IPUIPlugin:80 - create IPUIPlugin
2025-05-28 17:24:05,512 [INFO] PluginManager:220 - loadIPPluginJar : add fmc
2025-05-28 17:24:05,525 [INFO] IPUIPlugin:80 - create IPUIPlugin
2025-05-28 17:24:05,526 [INFO] PluginManager:220 - loadIPPluginJar : add freertos
2025-05-28 17:24:05,529 [INFO] IPUIPlugin:80 - create IPUIPlugin
2025-05-28 17:24:05,530 [INFO] PluginManager:220 - loadIPPluginJar : add genericplugin
2025-05-28 17:24:05,534 [INFO] IPUIPlugin:80 - create IPUIPlugin
2025-05-28 17:24:05,534 [INFO] PluginManager:220 - loadIPPluginJar : add gfxmmu
2025-05-28 17:24:05,543 [INFO] IPUIPlugin:80 - create IPUIPlugin
2025-05-28 17:24:05,544 [INFO] PluginManager:220 - loadIPPluginJar : add gic
2025-05-28 17:24:05,555 [INFO] IPUIPlugin:80 - create IPUIPlugin
2025-05-28 17:24:05,555 [INFO] PluginManager:220 - loadIPPluginJar : add gpio
2025-05-28 17:24:05,562 [INFO] IPUIPlugin:80 - create IPUIPlugin
2025-05-28 17:24:05,562 [INFO] PluginManager:220 - loadIPPluginJar : add gtzc
2025-05-28 17:24:05,568 [INFO] IPUIPlugin:80 - create IPUIPlugin
2025-05-28 17:24:05,568 [INFO] PluginManager:220 - loadIPPluginJar : add hash
2025-05-28 17:24:05,576 [INFO] IPUIPlugin:80 - create IPUIPlugin
2025-05-28 17:24:05,576 [INFO] PluginManager:220 - loadIPPluginJar : add i2c
2025-05-28 17:24:05,583 [INFO] IPUIPlugin:80 - create IPUIPlugin
2025-05-28 17:24:05,583 [INFO] PluginManager:220 - loadIPPluginJar : add i2s
2025-05-28 17:24:05,600 [INFO] IPUIPlugin:80 - create IPUIPlugin
2025-05-28 17:24:05,600 [INFO] PluginManager:220 - loadIPPluginJar : add i3c
2025-05-28 17:24:05,607 [INFO] IPUIPlugin:80 - create IPUIPlugin
2025-05-28 17:24:05,608 [INFO] PluginManager:220 - loadIPPluginJar : add ipddr
2025-05-28 17:24:05,626 [INFO] IPUIPlugin:80 - create IPUIPlugin
2025-05-28 17:24:05,627 [INFO] PluginManager:220 - loadIPPluginJar : add linkedlist
2025-05-28 17:24:05,634 [INFO] IPUIPlugin:80 - create IPUIPlugin
2025-05-28 17:24:05,634 [INFO] PluginManager:220 - loadIPPluginJar : add lorawan
2025-05-28 17:24:05,638 [INFO] IPUIPlugin:80 - create IPUIPlugin
2025-05-28 17:24:05,638 [INFO] PluginManager:220 - loadIPPluginJar : add ltdc
2025-05-28 17:24:05,651 [INFO] IPUIPlugin:80 - create IPUIPlugin
2025-05-28 17:24:05,651 [INFO] PluginManager:220 - loadIPPluginJar : add mdma
2025-05-28 17:24:05,659 [INFO] IPUIPlugin:80 - create IPUIPlugin
2025-05-28 17:24:05,660 [INFO] PluginManager:220 - loadIPPluginJar : add nvic
2025-05-28 17:24:05,666 [INFO] IPUIPlugin:80 - create IPUIPlugin
2025-05-28 17:24:05,667 [INFO] PluginManager:220 - loadIPPluginJar : add opamp
2025-05-28 17:24:05,675 [INFO] IPUIPlugin:80 - create IPUIPlugin
2025-05-28 17:24:05,675 [INFO] PluginManager:220 - loadIPPluginJar : add openamp
2025-05-28 17:24:05,683 [INFO] IPUIPlugin:80 - create IPUIPlugin
2025-05-28 17:24:05,683 [INFO] PluginManager:220 - loadIPPluginJar : add pdm2pcm
2025-05-28 17:24:05,695 [INFO] IPUIPlugin:80 - create IPUIPlugin
2025-05-28 17:24:05,700 [INFO] PluginManager:220 - loadIPPluginJar : add plateformsettings
2025-05-28 17:24:05,704 [INFO] IPUIPlugin:80 - create IPUIPlugin
2025-05-28 17:24:05,704 [INFO] PluginManager:220 - loadIPPluginJar : add quadspi
2025-05-28 17:24:05,710 [INFO] IPUIPlugin:80 - create IPUIPlugin
2025-05-28 17:24:05,711 [INFO] PluginManager:220 - loadIPPluginJar : add radio
2025-05-28 17:24:05,721 [INFO] IPUIPlugin:80 - create IPUIPlugin
2025-05-28 17:24:05,721 [INFO] PluginManager:220 - loadIPPluginJar : add resmgrutility
2025-05-28 17:24:05,728 [INFO] IPUIPlugin:80 - create IPUIPlugin
2025-05-28 17:24:05,729 [INFO] PluginManager:220 - loadIPPluginJar : add sai
2025-05-28 17:24:05,734 [INFO] IPUIPlugin:80 - create IPUIPlugin
2025-05-28 17:24:05,735 [INFO] PluginManager:220 - loadIPPluginJar : add spi
2025-05-28 17:24:05,750 [INFO] IPUIPlugin:80 - create IPUIPlugin
2025-05-28 17:24:05,751 [INFO] PluginManager:220 - loadIPPluginJar : add stm32_wpan
2025-05-28 17:24:05,760 [INFO] IPUIPlugin:80 - create IPUIPlugin
2025-05-28 17:24:05,760 [INFO] PluginManager:220 - loadIPPluginJar : add tim
2025-05-28 17:24:05,768 [INFO] IPUIPlugin:80 - create IPUIPlugin
2025-05-28 17:24:05,768 [INFO] PluginManager:220 - loadIPPluginJar : add touchsensing
2025-05-28 17:24:05,774 [INFO] IPUIPlugin:80 - create IPUIPlugin
2025-05-28 17:24:05,775 [INFO] PluginManager:220 - loadIPPluginJar : add tracer_emb
2025-05-28 17:24:05,780 [INFO] IPUIPlugin:80 - create IPUIPlugin
2025-05-28 17:24:05,780 [INFO] PluginManager:220 - loadIPPluginJar : add ts
2025-05-28 17:24:05,785 [INFO] IPUIPlugin:80 - create IPUIPlugin
2025-05-28 17:24:05,787 [INFO] PluginManager:220 - loadIPPluginJar : add tsc
2025-05-28 17:24:05,793 [INFO] IPUIPlugin:80 - create IPUIPlugin
2025-05-28 17:24:05,793 [INFO] PluginManager:220 - loadIPPluginJar : add ucpd
2025-05-28 17:24:05,800 [INFO] IPUIPlugin:80 - create IPUIPlugin
2025-05-28 17:24:05,800 [INFO] PluginManager:220 - loadIPPluginJar : add usart
2025-05-28 17:24:05,808 [INFO] IPUIPlugin:80 - create IPUIPlugin
2025-05-28 17:24:05,808 [INFO] PluginManager:220 - loadIPPluginJar : add usbx
2025-05-28 17:24:06,043 [FATAL] Updater:351 - Updater called before beeing initialized
2025-05-28 17:24:06,139 [INFO] RulesReader:64 - Compatibility file has been processed (301 Rules)
2025-05-28 17:24:06,160 [INFO] RulesReader:64 - Compatibility file has been processed (301 Rules)
2025-05-28 17:24:06,172 [INFO] CADModel:165 - CPN selected for project level
2025-05-28 17:24:06,172 [INFO] CADModel:114 - Register for checkConnection events
2025-05-28 17:24:06,173 [FATAL] Updater:351 - Updater called before beeing initialized
2025-05-28 17:24:06,173 [ERROR] CADModel:125 - Updater not yet initialized, retry later 
2025-05-28 17:24:06,495 [FATAL] Updater:351 - Updater called before beeing initialized
2025-05-28 17:24:06,501 [INFO] CADModel:165 - CPN selected for project level
2025-05-28 17:24:06,502 [INFO] CADModel:114 - Register for checkConnection events
2025-05-28 17:24:06,502 [FATAL] Updater:351 - Updater called before beeing initialized
2025-05-28 17:24:06,502 [ERROR] CADModel:125 - Updater not yet initialized, retry later 
2025-05-28 17:24:06,515 [FATAL] Updater:351 - Updater called before beeing initialized
2025-05-28 17:24:07,265 [INFO] ThirdPartyUpdaterWithRetryManager:70 - Updater plugin not ready yet. [2/15]
2025-05-28 17:24:07,278 [FATAL] Updater:351 - Updater called before beeing initialized
2025-05-28 17:24:07,304 [INFO] DbMcusAds:53 - JSON generation date=Thu Mar 06 15:54:21 CET 2025 (1741272861825)
2025-05-28 17:24:07,304 [FATAL] Updater:351 - Updater called before beeing initialized
2025-05-28 17:24:07,401 [WARN] DetailPanel:346 - Failed to get advertising image, set to default
2025-05-28 17:24:08,267 [FATAL] Updater:351 - Updater called before beeing initialized
2025-05-28 17:24:08,270 [FATAL] Updater:351 - Updater called before beeing initialized
2025-05-28 17:24:08,271 [FATAL] Updater:351 - Updater called before beeing initialized
2025-05-28 17:24:08,271 [WARN] DetailPanel:346 - Failed to get advertising image, set to default
2025-05-28 17:24:08,275 [FATAL] Updater:351 - Updater called before beeing initialized
2025-05-28 17:24:08,452 [ERROR] Updater:1198 - MainUpdater not yet initialized. External WinMGr cannot be set.
2025-05-28 17:24:08,456 [INFO] Updater:1134 - Updater Version found : 6.14.0
2025-05-28 17:24:08,509 [INFO] ApplicationProperties:184 - Using Application install path: C:\ST\STM32CubeIDE_1.18.0\STM32CubeIDE\plugins\com.st.stm32cube.common.mx_6.14.0.202502271554
2025-05-28 17:24:10,121 [ERROR] LogOutputStream:75 - [STDERR_REDIRECT] May 28, 2025 5:24:10 PM java.util.prefs.WindowsPreferences <init>
2025-05-28 17:24:10,127 [ERROR] LogOutputStream:75 - [STDERR_REDIRECT] WARNING: Could not open/create prefs root node Software\JavaSoft\Prefs at root 0xffffffff80000002. Windows RegCreateKeyEx(...) returned error code 5.
2025-05-28 17:24:10,127 [ERROR] LogOutputStream:75 - [STDERR_REDIRECT] 
2025-05-28 17:24:10,270 [FATAL] Updater:351 - Updater called before beeing initialized
2025-05-28 17:24:10,270 [ERROR] IntegrityCheckThread:130 - Cannot retrieve database content from updater: error 21
2025-05-28 17:24:10,273 [INFO] ThirdParty:978 - Integrity check success = false
2025-05-28 17:24:10,278 [INFO] IntegrityCheckThread:100 - exiting critical section [integrity check]
2025-05-28 17:24:10,279 [INFO] IntegrityCheckThread:103 - End integrity checks thread
2025-05-28 17:24:11,650 [INFO] MainUpdater:2872 - connection check result : 10
2025-05-28 17:24:11,651 [INFO] MainUpdater:3566 - Updater definition file requires update
2025-05-28 17:24:11,652 [INFO] MainUpdater:289 - Updater Check For Update Now.
2025-05-28 17:24:11,653 [INFO] MicroXplorer:498 - Change Database Version : DB.6.0.140
2025-05-28 17:24:11,663 [INFO] McuFinderGlobals:63 - Set McuFinder mode to 2 (CubeIDE integrated)
2025-05-28 17:24:11,691 [INFO] UserAuth:486 - Internet connection configuration mode: 1
2025-05-28 17:24:11,753 [INFO] JxBrowserEngine:152 - Initiate JxBrowser Engine with user profile folder
2025-05-28 17:24:13,165 [INFO] ServerAccessManage:473 - Download File updaters.zip
2025-05-28 17:24:14,031 [INFO] FileExtend:242 - Unzip File : updaters.zip
2025-05-28 17:24:14,031 [INFO] FileExtend:257 - Standard Zip Deflate
2025-05-28 17:24:14,871 [INFO] WebApp:169 - Instantiating new browser for Auth
2025-05-28 17:24:17,041 [INFO] ServerAccessManage:473 - Download File PacksControlFlags.xml
2025-05-28 17:24:17,926 [INFO] ServerAccessManage:473 - Download File cubemx.pidx
2025-05-28 17:24:18,210 [INFO] LoadServerUpdatesThread:375 - End of LoadServerUpdate Thread
2025-05-28 17:24:18,640 [INFO] CheckServerUpdateThread:120 - End of CheckServer Thread
2025-05-28 17:24:18,771 [INFO] WebApp:463 - Apply proxy settings
2025-05-28 17:24:18,771 [INFO] WebApp:548 - Chromium requires no authentication
2025-05-28 17:24:18,790 [INFO] WebApp:491 - Direct internet connection detected
2025-05-28 17:24:18,844 [INFO] WebApp:894 - Register for checkConnection events
2025-05-28 17:24:18,844 [INFO] WebApp:463 - Apply proxy settings
2025-05-28 17:24:18,844 [INFO] WebApp:548 - Chromium requires no authentication
2025-05-28 17:24:18,848 [INFO] WebApp:491 - Direct internet connection detected
2025-05-28 17:24:19,338 [INFO] WebApp:225 - Starting web application
2025-05-28 17:24:19,339 [INFO] WebApp:593 - Web application path used C:\ST\STM32CubeIDE_1.18.0\STM32CubeIDE\plugins\com.st.stm32cube.common.mx_6.14.0.202502271554\db\plugins\mcufinder\reactClient1\index.html
2025-05-28 17:24:19,602 [INFO] UserAuth:486 - Internet connection configuration mode: 1
2025-05-28 17:24:20,502 [ERROR] LogOutputStream:75 - [STDERR_REDIRECT] May 28, 2025 5:24:20 PM org.glassfish.grizzly.http.server.NetworkListener start
2025-05-28 17:24:20,504 [ERROR] LogOutputStream:75 - [STDERR_REDIRECT] INFO: Started listener bound to [localhost:16721]
2025-05-28 17:24:20,505 [ERROR] LogOutputStream:75 - [STDERR_REDIRECT] 
2025-05-28 17:24:20,510 [ERROR] LogOutputStream:75 - [STDERR_REDIRECT] May 28, 2025 5:24:20 PM org.glassfish.grizzly.http.server.HttpServer start
2025-05-28 17:24:20,511 [ERROR] LogOutputStream:75 - [STDERR_REDIRECT] INFO: [HttpServer] Started.
2025-05-28 17:24:20,511 [ERROR] LogOutputStream:75 - [STDERR_REDIRECT] 
2025-05-28 17:24:21,132 [INFO] WebApp:191 - Connection restablished
2025-05-28 17:24:23,761 [ERROR] AdobePublisher:187 - Exception while getting the server answer: java.net.SocketTimeoutException: Read timed out
2025-05-28 17:50:52,022 [INFO] WebApp:194 - Connection lost
2025-05-28 17:50:52,435 [INFO] WebApp:191 - Connection restablished
2025-05-28 17:52:25,992 [INFO] WebApp:194 - Connection lost
2025-05-28 17:52:26,412 [INFO] WebApp:191 - Connection restablished
2025-05-28 17:52:29,965 [INFO] WebApp:194 - Connection lost
2025-05-28 17:52:30,321 [INFO] WebApp:191 - Connection restablished
2025-05-28 17:53:12,022 [INFO] WebApp:194 - Connection lost
2025-05-28 17:53:12,670 [INFO] WebApp:191 - Connection restablished
2025-05-28 17:53:48,471 [INFO] WebApp:194 - Connection lost
2025-05-28 17:53:48,968 [INFO] WebApp:191 - Connection restablished
2025-05-28 18:16:21,676 [INFO] WebApp:194 - Connection lost
2025-05-28 18:16:25,831 [INFO] WebApp:191 - Connection restablished
2025-05-28 18:16:26,082 [INFO] WebApp:194 - Connection lost
2025-05-28 18:16:27,434 [INFO] WebApp:191 - Connection restablished
2025-05-28 18:16:39,134 [INFO] WebApp:194 - Connection lost
2025-05-28 18:16:39,529 [INFO] WebApp:191 - Connection restablished
2025-05-28 18:16:42,642 [INFO] WebApp:194 - Connection lost
2025-05-28 18:16:42,924 [INFO] WebApp:191 - Connection restablished
