2025-05-15 21:01:08,282 [INFO] Activator:176 - 


2025-05-15 21:01:08,291 [INFO] Activator:177 - !SESSION log4j initialized
2025-05-15 21:01:18,248 [INFO] LogOutputStream:77 - [STDOUT_REDIRECT] 
2025-05-15 21:01:18,713 [INFO] LogOutputStream:77 - [STDOUT_REDIRECT] 
2025-05-15 21:01:26,699 [INFO] ApplicationProperties:184 - Using Application install path: C:\ST\STM32CubeIDE_1.18.0\STM32CubeIDE\plugins\com.st.stm32cube.common.mx_6.14.0.202502271554
2025-05-15 21:01:26,725 [INFO] DbMcusXml:78 - Set database path to: C:\ST\STM32CubeIDE_1.18.0\STM32CubeIDE\plugins\com.st.stm32cube.common.mx_6.14.0.202502271554\\db\/mcu/
2025-05-15 21:01:26,726 [INFO] ApiDb:274 - Set plugin database path to: C:\ST\STM32CubeIDE_1.18.0\STM32CubeIDE\plugins\com.st.stm32cube.common.mx_6.14.0.202502271554\\db\/plugins/boardmanager/
2025-05-15 21:01:26,727 [WARN] ApiDb:259 - Overriding images path with different value:  => C:\ST\STM32CubeIDE_1.18.0\STM32CubeIDE\plugins\com.st.stm32cube.common.mx_6.14.0.202502271554\\db\/plugins/mcufinder/images/
2025-05-15 21:01:26,751 [INFO] ApiDb:250 - Set database path to: C:\Users\pwlub\.stmcufinder\plugins\mcufinder//mcu/
2025-05-15 21:01:26,753 [INFO] DbMcusAds:125 - Set database path to: C:\Users\pwlub\.stmcufinder\plugins\mcufinder//mcu/
2025-05-15 21:01:26,756 [INFO] CrossReferenceDbSqlite:203 - Set database path to: C:\Users\pwlub\.stmcufinder\plugins\mcufinder//mcu/cs/
2025-05-15 21:01:26,934 [INFO] RulesReader:64 - Compatibility file has been processed (301 Rules)
2025-05-15 21:01:27,045 [INFO] DbMcusXml:78 - Set database path to: C:\ST\STM32CubeIDE_1.18.0\STM32CubeIDE\plugins\com.st.stm32cube.common.mx_6.14.0.202502271554\\db\/mcu/
2025-05-15 21:01:27,045 [INFO] ApiDb:274 - Set plugin database path to: C:\ST\STM32CubeIDE_1.18.0\STM32CubeIDE\plugins\com.st.stm32cube.common.mx_6.14.0.202502271554\\db\/plugins/boardmanager/
2025-05-15 21:01:27,045 [INFO] ApiDb:261 - Set plugin images path to: C:\ST\STM32CubeIDE_1.18.0\STM32CubeIDE\plugins\com.st.stm32cube.common.mx_6.14.0.202502271554\\db\/plugins/mcufinder/images/
2025-05-15 21:01:27,045 [WARN] DbFile:41 - Overriding database path with different value: C:\Users\pwlub\.stmcufinder\plugins\mcufinder/ => C:\Users\pwlub\.stmcufinder\plugins\mcufinder
2025-05-15 21:01:27,045 [INFO] ApiDb:250 - Set database path to: C:\Users\pwlub\.stmcufinder\plugins\mcufinder//mcu/
2025-05-15 21:01:27,046 [WARN] DbFile:41 - Overriding database path with different value: C:\Users\pwlub\.stmcufinder\plugins\mcufinder/ => C:\Users\pwlub\.stmcufinder\plugins\mcufinder
2025-05-15 21:01:27,046 [INFO] DbMcusAds:125 - Set database path to: C:\Users\pwlub\.stmcufinder\plugins\mcufinder//mcu/
2025-05-15 21:01:27,046 [WARN] DbFile:41 - Overriding database path with different value: C:\Users\pwlub\.stmcufinder\plugins\mcufinder/ => C:\Users\pwlub\.stmcufinder\plugins\mcufinder
2025-05-15 21:01:27,046 [WARN] DbFile:41 - Overriding database path with different value: C:\Users\pwlub\.stmcufinder\plugins\mcufinder/ => C:\Users\pwlub\.stmcufinder\plugins\mcufinder
2025-05-15 21:01:27,046 [INFO] CrossReferenceDbSqlite:203 - Set database path to: C:\Users\pwlub\.stmcufinder\plugins\mcufinder//mcu/cs/
2025-05-15 21:01:27,170 [INFO] MainPanel:272 - HeapMemory: 268435456
2025-05-15 21:01:27,342 [INFO] DbMcusXml:78 - Set database path to: C:\ST\STM32CubeIDE_1.18.0\STM32CubeIDE\plugins\com.st.stm32cube.common.mx_6.14.0.202502271554\\db\/mcu/
2025-05-15 21:01:27,342 [INFO] ApiDb:274 - Set plugin database path to: C:\ST\STM32CubeIDE_1.18.0\STM32CubeIDE\plugins\com.st.stm32cube.common.mx_6.14.0.202502271554\\db\/plugins/boardmanager/
2025-05-15 21:01:27,342 [INFO] ApiDb:261 - Set plugin images path to: C:\ST\STM32CubeIDE_1.18.0\STM32CubeIDE\plugins\com.st.stm32cube.common.mx_6.14.0.202502271554\\db\/plugins/mcufinder/images/
2025-05-15 21:01:27,343 [WARN] DbFile:41 - Overriding database path with different value: C:\Users\pwlub\.stmcufinder\plugins\mcufinder/ => C:\Users\pwlub\.stmcufinder\plugins\mcufinder
2025-05-15 21:01:27,343 [INFO] ApiDb:250 - Set database path to: C:\Users\pwlub\.stmcufinder\plugins\mcufinder//mcu/
2025-05-15 21:01:27,343 [WARN] DbFile:41 - Overriding database path with different value: C:\Users\pwlub\.stmcufinder\plugins\mcufinder/ => C:\Users\pwlub\.stmcufinder\plugins\mcufinder
2025-05-15 21:01:27,343 [INFO] DbMcusAds:125 - Set database path to: C:\Users\pwlub\.stmcufinder\plugins\mcufinder//mcu/
2025-05-15 21:01:27,343 [WARN] DbFile:41 - Overriding database path with different value: C:\Users\pwlub\.stmcufinder\plugins\mcufinder/ => C:\Users\pwlub\.stmcufinder\plugins\mcufinder
2025-05-15 21:01:27,343 [WARN] DbFile:41 - Overriding database path with different value: C:\Users\pwlub\.stmcufinder\plugins\mcufinder/ => C:\Users\pwlub\.stmcufinder\plugins\mcufinder
2025-05-15 21:01:27,344 [INFO] CrossReferenceDbSqlite:203 - Set database path to: C:\Users\pwlub\.stmcufinder\plugins\mcufinder//mcu/cs/
2025-05-15 21:01:27,371 [INFO] ApplicationProperties:184 - Using Application install path: C:\ST\STM32CubeIDE_1.18.0\STM32CubeIDE\plugins\com.st.stm32cube.common.mx_6.14.0.202502271554
2025-05-15 21:01:27,373 [INFO] PluginManage:196 - Search for loadable plugins [exclusion list=, ]
2025-05-15 21:01:27,375 [INFO] PluginManage:310 - Check plugin analytics
2025-05-15 21:01:32,211 [INFO] AnalyticsPlugin:253 - Accepted Software Licenses: STM32CubeMX.6.14.0
2025-05-15 21:01:32,212 [INFO] AnalyticsPlugin:255 - Accepted CMSIS Pack Licenses: 
2025-05-15 21:01:32,212 [INFO] AnalyticsPlugin:257 - Accepted Firmware Licenses: FW.G4.1.5.0,FW.G4.1.6.0
2025-05-15 21:01:32,217 [INFO] PluginManage:359 - Loaded plugin analytics (category:tool,tabindex:-1)
2025-05-15 21:01:32,217 [INFO] PluginManage:310 - Check plugin cadmodel
2025-05-15 21:01:32,231 [INFO] CADModel:105 - Init CAD model plugin
2025-05-15 21:01:32,231 [INFO] PluginManage:359 - Loaded plugin cadmodel (category:power,tabindex:5)
2025-05-15 21:01:32,233 [INFO] PluginManage:310 - Check plugin clock
2025-05-15 21:01:32,252 [INFO] PluginManage:359 - Loaded plugin clock (category:base,tabindex:2)
2025-05-15 21:01:32,252 [INFO] PluginManage:310 - Check plugin ddr
2025-05-15 21:01:32,257 [INFO] PluginManage:359 - Loaded plugin ddr (category:tool,tabindex:6)
2025-05-15 21:01:32,258 [INFO] PluginManage:310 - Check plugin filemanager
2025-05-15 21:01:32,470 [INFO] PluginManage:359 - Loaded plugin filemanager (category:base,tabindex:10)
2025-05-15 21:01:32,470 [INFO] PluginManage:310 - Check plugin ipmanager
2025-05-15 21:01:32,479 [INFO] PluginManage:359 - Loaded plugin ipmanager (category:base,tabindex:5)
2025-05-15 21:01:32,480 [INFO] PluginManage:310 - Check plugin lpbam
2025-05-15 21:01:32,493 [INFO] PluginManage:359 - Loaded plugin lpbam (category:base,tabindex:0)
2025-05-15 21:01:32,493 [INFO] PluginManage:310 - Check plugin memorymap
2025-05-15 21:01:32,513 [INFO] PluginManage:359 - Loaded plugin memorymap (category:base,tabindex:4)
2025-05-15 21:01:32,513 [INFO] PluginManage:310 - Check plugin pinoutandconfiguration
2025-05-15 21:01:32,525 [INFO] PluginManage:359 - Loaded plugin pinoutandconfiguration (category:base,tabindex:1)
2025-05-15 21:01:32,525 [INFO] PluginManage:310 - Check plugin pinoutconfig
2025-05-15 21:01:32,771 [WARN] SupportedApi:132 - Cannot load RTOS API schema: s4s-elt-must-match.1: The content of 'definitions' must match (annotation?, (simpleType | complexType)?, (unique | key | keyref)*)). A problem was found starting at: attribute.
2025-05-15 21:01:33,033 [INFO] PluginManage:359 - Loaded plugin pinoutconfig (category:base,tabindex:0)
2025-05-15 21:01:33,034 [INFO] PluginManage:310 - Check plugin power
2025-05-15 21:01:33,050 [INFO] PluginManage:359 - Loaded plugin power (category:power,tabindex:4)
2025-05-15 21:01:33,051 [INFO] PluginManage:310 - Check plugin projectmanager
2025-05-15 21:01:33,077 [INFO] PluginManage:359 - Loaded plugin projectmanager (category:projectmanager,tabindex:4)
2025-05-15 21:01:33,077 [INFO] PluginManage:310 - Check plugin rif
2025-05-15 21:01:33,095 [INFO] PluginManage:359 - Loaded plugin rif (category:base,tabindex:3)
2025-05-15 21:01:33,095 [INFO] PluginManage:310 - Check plugin thirdparty
2025-05-15 21:01:33,388 [INFO] PluginManage:359 - Loaded plugin thirdparty (category:base,tabindex:-1)
2025-05-15 21:01:33,388 [INFO] PluginManage:310 - Check plugin tools
2025-05-15 21:01:33,388 [WARN] IntegrityCheckThread:84 - waiting for thirdparty lock release [integrity check]
2025-05-15 21:01:33,389 [INFO] IntegrityCheckThread:86 - entering critical section [integrity check]
2025-05-15 21:01:33,390 [INFO] ThirdPartyUpdaterWithRetryManager:70 - Updater plugin not ready yet. [1/15]
2025-05-15 21:01:33,394 [INFO] PluginManage:359 - Loaded plugin tools (category:base,tabindex:7)
2025-05-15 21:01:33,394 [INFO] PluginManage:310 - Check plugin tutovideos
2025-05-15 21:01:33,676 [INFO] PluginManage:359 - Loaded plugin tutovideos (category:base,tabindex:-1)
2025-05-15 21:01:33,676 [INFO] PluginManage:310 - Check plugin updater
2025-05-15 21:01:33,716 [INFO] PluginManage:359 - Loaded plugin updater (category:base,tabindex:12)
2025-05-15 21:01:33,716 [INFO] PluginManage:310 - Check plugin userauth
2025-05-15 21:01:33,722 [INFO] UserAuth:118 - Init User Auth plugin
2025-05-15 21:01:33,724 [INFO] PluginManage:359 - Loaded plugin userauth (category:base,tabindex:14)
2025-05-15 21:01:33,725 [INFO] PluginManage:283 - PluginManage : Loaded plugins [18]
2025-05-15 21:01:34,146 [INFO] PinOutPanel:1589 - setPackage(No Configuration,No Configuration)
2025-05-15 21:01:34,361 [INFO] CADModel:165 - CPN selected for project level
2025-05-15 21:01:34,361 [INFO] CADModel:114 - Register for checkConnection events
2025-05-15 21:01:34,400 [INFO] IPUIPlugin:80 - create IPUIPlugin
2025-05-15 21:01:34,401 [INFO] PluginManager:220 - loadIPPluginJar : add adc
2025-05-15 21:01:34,407 [INFO] IPUIPlugin:80 - create IPUIPlugin
2025-05-15 21:01:34,407 [INFO] PluginManager:220 - loadIPPluginJar : add aes
2025-05-15 21:01:34,413 [INFO] IPUIPlugin:80 - create IPUIPlugin
2025-05-15 21:01:34,414 [INFO] PluginManager:220 - loadIPPluginJar : add can
2025-05-15 21:01:34,417 [INFO] IPUIPlugin:80 - create IPUIPlugin
2025-05-15 21:01:34,418 [INFO] PluginManager:220 - loadIPPluginJar : add comp
2025-05-15 21:01:34,424 [INFO] IPUIPlugin:80 - create IPUIPlugin
2025-05-15 21:01:34,424 [INFO] PluginManager:220 - loadIPPluginJar : add cryp
2025-05-15 21:01:34,432 [INFO] IPUIPlugin:80 - create IPUIPlugin
2025-05-15 21:01:34,432 [INFO] PluginManager:220 - loadIPPluginJar : add ddr_ctrl_phy
2025-05-15 21:01:34,438 [INFO] IPUIPlugin:80 - create IPUIPlugin
2025-05-15 21:01:34,438 [INFO] PluginManager:220 - loadIPPluginJar : add dfsdm
2025-05-15 21:01:34,477 [INFO] IPUIPlugin:80 - create IPUIPlugin
2025-05-15 21:01:34,478 [INFO] PluginManager:220 - loadIPPluginJar : add dma
2025-05-15 21:01:34,484 [INFO] IPUIPlugin:80 - create IPUIPlugin
2025-05-15 21:01:34,484 [INFO] PluginManager:220 - loadIPPluginJar : add dma3
2025-05-15 21:01:34,491 [INFO] IPUIPlugin:80 - create IPUIPlugin
2025-05-15 21:01:34,491 [INFO] PluginManager:220 - loadIPPluginJar : add extmemmanager
2025-05-15 21:01:34,495 [INFO] IPUIPlugin:80 - create IPUIPlugin
2025-05-15 21:01:34,495 [INFO] PluginManager:220 - loadIPPluginJar : add fatfs
2025-05-15 21:01:34,504 [INFO] IPUIPlugin:80 - create IPUIPlugin
2025-05-15 21:01:34,504 [INFO] PluginManager:220 - loadIPPluginJar : add fmc
2025-05-15 21:01:34,514 [INFO] IPUIPlugin:80 - create IPUIPlugin
2025-05-15 21:01:34,514 [INFO] PluginManager:220 - loadIPPluginJar : add freertos
2025-05-15 21:01:34,518 [INFO] IPUIPlugin:80 - create IPUIPlugin
2025-05-15 21:01:34,518 [INFO] PluginManager:220 - loadIPPluginJar : add genericplugin
2025-05-15 21:01:34,523 [INFO] IPUIPlugin:80 - create IPUIPlugin
2025-05-15 21:01:34,523 [INFO] PluginManager:220 - loadIPPluginJar : add gfxmmu
2025-05-15 21:01:34,532 [INFO] IPUIPlugin:80 - create IPUIPlugin
2025-05-15 21:01:34,533 [INFO] PluginManager:220 - loadIPPluginJar : add gic
2025-05-15 21:01:34,541 [INFO] IPUIPlugin:80 - create IPUIPlugin
2025-05-15 21:01:34,541 [INFO] PluginManager:220 - loadIPPluginJar : add gpio
2025-05-15 21:01:34,548 [INFO] IPUIPlugin:80 - create IPUIPlugin
2025-05-15 21:01:34,548 [INFO] PluginManager:220 - loadIPPluginJar : add gtzc
2025-05-15 21:01:34,553 [INFO] IPUIPlugin:80 - create IPUIPlugin
2025-05-15 21:01:34,553 [INFO] PluginManager:220 - loadIPPluginJar : add hash
2025-05-15 21:01:34,559 [INFO] IPUIPlugin:80 - create IPUIPlugin
2025-05-15 21:01:34,559 [INFO] PluginManager:220 - loadIPPluginJar : add i2c
2025-05-15 21:01:34,565 [INFO] IPUIPlugin:80 - create IPUIPlugin
2025-05-15 21:01:34,565 [INFO] PluginManager:220 - loadIPPluginJar : add i2s
2025-05-15 21:01:34,569 [INFO] IPUIPlugin:80 - create IPUIPlugin
2025-05-15 21:01:34,569 [INFO] PluginManager:220 - loadIPPluginJar : add i3c
2025-05-15 21:01:34,574 [INFO] IPUIPlugin:80 - create IPUIPlugin
2025-05-15 21:01:34,574 [INFO] PluginManager:220 - loadIPPluginJar : add ipddr
2025-05-15 21:01:34,586 [INFO] IPUIPlugin:80 - create IPUIPlugin
2025-05-15 21:01:34,586 [INFO] PluginManager:220 - loadIPPluginJar : add linkedlist
2025-05-15 21:01:34,591 [INFO] IPUIPlugin:80 - create IPUIPlugin
2025-05-15 21:01:34,591 [INFO] PluginManager:220 - loadIPPluginJar : add lorawan
2025-05-15 21:01:34,594 [INFO] IPUIPlugin:80 - create IPUIPlugin
2025-05-15 21:01:34,594 [INFO] PluginManager:220 - loadIPPluginJar : add ltdc
2025-05-15 21:01:34,605 [INFO] IPUIPlugin:80 - create IPUIPlugin
2025-05-15 21:01:34,605 [INFO] PluginManager:220 - loadIPPluginJar : add mdma
2025-05-15 21:01:34,612 [INFO] IPUIPlugin:80 - create IPUIPlugin
2025-05-15 21:01:34,612 [INFO] PluginManager:220 - loadIPPluginJar : add nvic
2025-05-15 21:01:34,617 [INFO] IPUIPlugin:80 - create IPUIPlugin
2025-05-15 21:01:34,617 [INFO] PluginManager:220 - loadIPPluginJar : add opamp
2025-05-15 21:01:34,622 [INFO] IPUIPlugin:80 - create IPUIPlugin
2025-05-15 21:01:34,622 [INFO] PluginManager:220 - loadIPPluginJar : add openamp
2025-05-15 21:01:34,626 [INFO] IPUIPlugin:80 - create IPUIPlugin
2025-05-15 21:01:34,626 [INFO] PluginManager:220 - loadIPPluginJar : add pdm2pcm
2025-05-15 21:01:34,635 [INFO] IPUIPlugin:80 - create IPUIPlugin
2025-05-15 21:01:34,638 [INFO] PluginManager:220 - loadIPPluginJar : add plateformsettings
2025-05-15 21:01:34,641 [INFO] IPUIPlugin:80 - create IPUIPlugin
2025-05-15 21:01:34,641 [INFO] PluginManager:220 - loadIPPluginJar : add quadspi
2025-05-15 21:01:34,644 [INFO] IPUIPlugin:80 - create IPUIPlugin
2025-05-15 21:01:34,645 [INFO] PluginManager:220 - loadIPPluginJar : add radio
2025-05-15 21:01:34,652 [INFO] IPUIPlugin:80 - create IPUIPlugin
2025-05-15 21:01:34,652 [INFO] PluginManager:220 - loadIPPluginJar : add resmgrutility
2025-05-15 21:01:34,657 [INFO] IPUIPlugin:80 - create IPUIPlugin
2025-05-15 21:01:34,657 [INFO] PluginManager:220 - loadIPPluginJar : add sai
2025-05-15 21:01:34,661 [INFO] IPUIPlugin:80 - create IPUIPlugin
2025-05-15 21:01:34,661 [INFO] PluginManager:220 - loadIPPluginJar : add spi
2025-05-15 21:01:34,671 [INFO] IPUIPlugin:80 - create IPUIPlugin
2025-05-15 21:01:34,671 [INFO] PluginManager:220 - loadIPPluginJar : add stm32_wpan
2025-05-15 21:01:34,675 [INFO] IPUIPlugin:80 - create IPUIPlugin
2025-05-15 21:01:34,675 [INFO] PluginManager:220 - loadIPPluginJar : add tim
2025-05-15 21:01:34,679 [INFO] IPUIPlugin:80 - create IPUIPlugin
2025-05-15 21:01:34,680 [INFO] PluginManager:220 - loadIPPluginJar : add touchsensing
2025-05-15 21:01:34,683 [INFO] IPUIPlugin:80 - create IPUIPlugin
2025-05-15 21:01:34,683 [INFO] PluginManager:220 - loadIPPluginJar : add tracer_emb
2025-05-15 21:01:34,686 [INFO] IPUIPlugin:80 - create IPUIPlugin
2025-05-15 21:01:34,687 [INFO] PluginManager:220 - loadIPPluginJar : add ts
2025-05-15 21:01:34,689 [INFO] IPUIPlugin:80 - create IPUIPlugin
2025-05-15 21:01:34,689 [INFO] PluginManager:220 - loadIPPluginJar : add tsc
2025-05-15 21:01:34,691 [INFO] IPUIPlugin:80 - create IPUIPlugin
2025-05-15 21:01:34,692 [INFO] PluginManager:220 - loadIPPluginJar : add ucpd
2025-05-15 21:01:34,695 [INFO] IPUIPlugin:80 - create IPUIPlugin
2025-05-15 21:01:34,695 [INFO] PluginManager:220 - loadIPPluginJar : add usart
2025-05-15 21:01:34,701 [INFO] IPUIPlugin:80 - create IPUIPlugin
2025-05-15 21:01:34,701 [INFO] PluginManager:220 - loadIPPluginJar : add usbx
2025-05-15 21:01:34,848 [FATAL] Updater:351 - Updater called before beeing initialized
2025-05-15 21:01:34,891 [INFO] RulesReader:64 - Compatibility file has been processed (301 Rules)
2025-05-15 21:01:34,906 [INFO] RulesReader:64 - Compatibility file has been processed (301 Rules)
2025-05-15 21:01:34,919 [INFO] CADModel:165 - CPN selected for project level
2025-05-15 21:01:34,919 [INFO] CADModel:114 - Register for checkConnection events
2025-05-15 21:01:34,919 [FATAL] Updater:351 - Updater called before beeing initialized
2025-05-15 21:01:34,919 [ERROR] CADModel:125 - Updater not yet initialized, retry later 
2025-05-15 21:01:35,146 [FATAL] Updater:351 - Updater called before beeing initialized
2025-05-15 21:01:35,150 [INFO] CADModel:165 - CPN selected for project level
2025-05-15 21:01:35,150 [INFO] CADModel:114 - Register for checkConnection events
2025-05-15 21:01:35,150 [FATAL] Updater:351 - Updater called before beeing initialized
2025-05-15 21:01:35,150 [ERROR] CADModel:125 - Updater not yet initialized, retry later 
2025-05-15 21:01:35,154 [FATAL] Updater:351 - Updater called before beeing initialized
2025-05-15 21:01:35,423 [FATAL] Updater:351 - Updater called before beeing initialized
2025-05-15 21:01:35,474 [INFO] DbMcusAds:53 - JSON generation date=Thu Mar 06 15:54:21 CET 2025 (1741272861825)
2025-05-15 21:01:35,474 [FATAL] Updater:351 - Updater called before beeing initialized
2025-05-15 21:01:35,544 [WARN] DetailPanel:346 - Failed to get advertising image, set to default
2025-05-15 21:01:35,873 [FATAL] Updater:351 - Updater called before beeing initialized
2025-05-15 21:01:35,875 [FATAL] Updater:351 - Updater called before beeing initialized
2025-05-15 21:01:35,875 [FATAL] Updater:351 - Updater called before beeing initialized
2025-05-15 21:01:35,875 [WARN] DetailPanel:346 - Failed to get advertising image, set to default
2025-05-15 21:01:35,876 [FATAL] Updater:351 - Updater called before beeing initialized
2025-05-15 21:01:35,949 [ERROR] Updater:1198 - MainUpdater not yet initialized. External WinMGr cannot be set.
2025-05-15 21:01:35,952 [INFO] Updater:1134 - Updater Version found : 6.14.0
2025-05-15 21:01:35,978 [INFO] ApplicationProperties:184 - Using Application install path: C:\ST\STM32CubeIDE_1.18.0\STM32CubeIDE\plugins\com.st.stm32cube.common.mx_6.14.0.202502271554
2025-05-15 21:01:36,391 [INFO] ThirdPartyUpdaterWithRetryManager:70 - Updater plugin not ready yet. [2/15]
2025-05-15 21:01:37,593 [ERROR] LogOutputStream:75 - [STDERR_REDIRECT] May 15, 2025 9:01:37 PM java.util.prefs.WindowsPreferences <init>
2025-05-15 21:01:37,605 [ERROR] LogOutputStream:75 - [STDERR_REDIRECT] WARNING: Could not open/create prefs root node Software\JavaSoft\Prefs at root 0xffffffff80000002. Windows RegCreateKeyEx(...) returned error code 5.
2025-05-15 21:01:37,606 [ERROR] LogOutputStream:75 - [STDERR_REDIRECT] 
2025-05-15 21:01:38,144 [INFO] MainUpdater:2872 - connection check result : 10
2025-05-15 21:01:38,145 [INFO] MainUpdater:3566 - Updater definition file requires update
2025-05-15 21:01:38,147 [INFO] MainUpdater:289 - Updater Check For Update Now.
2025-05-15 21:01:38,148 [INFO] MicroXplorer:498 - Change Database Version : DB.6.0.140
2025-05-15 21:01:38,161 [INFO] McuFinderGlobals:63 - Set McuFinder mode to 2 (CubeIDE integrated)
2025-05-15 21:01:38,179 [INFO] UserAuth:486 - Internet connection configuration mode: 1
2025-05-15 21:01:38,218 [INFO] JxBrowserEngine:152 - Initiate JxBrowser Engine with user profile folder
2025-05-15 21:01:38,374 [INFO] ServerAccessManage:473 - Download File updaters.zip
2025-05-15 21:01:38,551 [INFO] FileExtend:242 - Unzip File : updaters.zip
2025-05-15 21:01:38,551 [INFO] FileExtend:257 - Standard Zip Deflate
2025-05-15 21:01:39,396 [WARN] MainUpdater:1193 - Updater busy. Cannot search thirdparties
2025-05-15 21:01:39,396 [INFO] ThirdPartyUpdaterWithRetryManager:96 - Updater plugin is busy. [1/15]
2025-05-15 21:01:39,585 [INFO] ServerAccessManage:473 - Download File PacksControlFlags.xml
2025-05-15 21:01:40,449 [INFO] ServerAccessManage:473 - Download File cubemx.pidx
2025-05-15 21:01:40,693 [INFO] LoadServerUpdatesThread:375 - End of LoadServerUpdate Thread
2025-05-15 21:01:41,076 [INFO] CheckServerUpdateThread:120 - End of CheckServer Thread
2025-05-15 21:01:41,846 [INFO] WebApp:169 - Instantiating new browser for Auth
2025-05-15 21:01:42,954 [WARN] PackLoader:240 - Cannot read IP mode file for STMicroelectronics.FP-SNS-MOTENVWB1.1.4.0
2025-05-15 21:01:43,011 [WARN] PackLoader:240 - Cannot read IP mode file for STMicroelectronics.FP-ATR-ASTRA1.2.0.2
2025-05-15 21:01:43,165 [WARN] PackLoader:240 - Cannot read IP mode file for STMicroelectronics.X-CUBE-SMBUS.2.1.0
2025-05-15 21:01:43,207 [WARN] PackLoader:240 - Cannot read IP mode file for STMicroelectronics.X-CUBE-WB05N.1.1.0
2025-05-15 21:01:43,336 [WARN] PackLoader:240 - Cannot read IP mode file for STMicroelectronics.X-CUBE-AZRTOS-F7.1.1.0
2025-05-15 21:01:43,437 [WARN] PackLoader:240 - Cannot read IP mode file for Infineon.AIROC-Wi-Fi-Bluetooth-STM32.1.7.0
2025-05-15 21:01:43,479 [WARN] PackLoader:240 - Cannot read IP mode file for STMicroelectronics.X-CUBE-DISPLAY.3.0.0
2025-05-15 21:01:43,519 [WARN] PackLoader:240 - Cannot read IP mode file for STMicroelectronics.X-CUBE-NFC10.1.0.0
2025-05-15 21:01:43,573 [WARN] PackLoader:240 - Cannot read IP mode file for STMicroelectronics.X-CUBE-BLEMGR.4.0.0
2025-05-15 21:01:43,622 [WARN] PackLoader:240 - Cannot read IP mode file for emotas.I-CUBE-CANOPEN.1.3.0
2025-05-15 21:01:43,646 [WARN] ConditionMgr:438 - getConditionDescription Invalid condition id : Cortex-A Device cause : null
2025-05-15 21:01:43,681 [WARN] ConditionMgr:1044 - genDependencies : Invalid condition id : Cortex-A Device cause : null
2025-05-15 21:01:43,681 [WARN] ConditionMgr:1044 - genDependencies : Invalid condition id : Cortex-A Device cause : null
2025-05-15 21:01:43,681 [WARN] ConditionMgr:1044 - genDependencies : Invalid condition id : Cortex-A Device cause : null
2025-05-15 21:01:43,710 [WARN] PackLoader:240 - Cannot read IP mode file for STMicroelectronics.X-CUBE-AI.10.0.0
2025-05-15 21:01:43,741 [WARN] PackLoader:240 - Cannot read IP mode file for STMicroelectronics.FP-SNS-SMARTAG2.1.2.0
2025-05-15 21:01:43,767 [WARN] PackLoader:240 - Cannot read IP mode file for STMicroelectronics.FP-SNS-FLIGHT1.5.1.0
2025-05-15 21:01:43,910 [WARN] PackLoader:240 - Cannot read IP mode file for STMicroelectronics.X-CUBE-MEMS1.11.1.0
2025-05-15 21:01:44,278 [INFO] LogOutputStream:77 - [STDOUT_REDIRECT] 1 : Invalid condition id : UX_CORESTACK_Condition cause : null
2025-05-15 21:01:44,279 [INFO] LogOutputStream:77 - [STDOUT_REDIRECT] 1 : Invalid condition id : UX_CORESTACK_Condition cause : null
2025-05-15 21:01:44,303 [INFO] LogOutputStream:77 - [STDOUT_REDIRECT] 1 : Invalid condition id : UX_CORESTACK_Condition cause : null
2025-05-15 21:01:44,305 [INFO] LogOutputStream:77 - [STDOUT_REDIRECT] 1 : Invalid condition id : UX_CORESTACK_Condition cause : null
2025-05-15 21:01:44,309 [INFO] LogOutputStream:77 - [STDOUT_REDIRECT] 1 : Invalid condition id : UX_CORESTACK_Condition cause : null
2025-05-15 21:01:44,315 [WARN] PackLoader:240 - Cannot read IP mode file for STMicroelectronics.X-CUBE-AZRTOS-WL.2.0.0
2025-05-15 21:01:44,345 [WARN] PackLoader:240 - Cannot read IP mode file for STMicroelectronics.FP-SNS-MOTENV1.5.0.0
2025-05-15 21:01:44,375 [WARN] PackLoader:240 - Cannot read IP mode file for WES.I-CUBE-Cesium.1.3.0
2025-05-15 21:01:44,400 [WARN] PackLoader:240 - Cannot read IP mode file for STMicroelectronics.X-CUBE-BLE2.3.3.0
2025-05-15 21:01:44,429 [WARN] PackLoader:240 - Cannot read IP mode file for STMicroelectronics.X-CUBE-NFC9.1.0.0
2025-05-15 21:01:44,455 [WARN] PackLoader:240 - Cannot read IP mode file for STMicroelectronics.X-CUBE-BLE1.7.1.0
2025-05-15 21:01:44,599 [WARN] PackLoader:240 - Cannot read IP mode file for STMicroelectronics.X-CUBE-MEMS1.11.2.0
2025-05-15 21:01:44,895 [WARN] PackLoader:240 - Cannot read IP mode file for STMicroelectronics.X-CUBE-AZRTOS-G0.1.1.0
2025-05-15 21:01:45,114 [INFO] WebApp:463 - Apply proxy settings
2025-05-15 21:01:45,115 [INFO] WebApp:548 - Chromium requires no authentication
2025-05-15 21:01:45,138 [INFO] WebApp:491 - Direct internet connection detected
2025-05-15 21:01:45,164 [WARN] PackLoader:240 - Cannot read IP mode file for STMicroelectronics.X-CUBE-SAFEA1.1.2.2
2025-05-15 21:01:45,185 [INFO] WebApp:894 - Register for checkConnection events
2025-05-15 21:01:45,186 [INFO] WebApp:463 - Apply proxy settings
2025-05-15 21:01:45,186 [INFO] WebApp:548 - Chromium requires no authentication
2025-05-15 21:01:45,187 [INFO] WebApp:491 - Direct internet connection detected
2025-05-15 21:01:45,191 [WARN] PackLoader:240 - Cannot read IP mode file for STMicroelectronics.X-CUBE-NFC4.3.0.0
2025-05-15 21:01:45,222 [WARN] PackLoader:240 - Cannot read IP mode file for EmbeddedOffice.I-CUBE-FS-RTOS.1.0.1
2025-05-15 21:01:45,249 [WARN] PackLoader:240 - Cannot read IP mode file for STMicroelectronics.X-CUBE-WB05N.2.0.0
2025-05-15 21:01:45,271 [WARN] PackLoader:240 - Cannot read IP mode file for wolfSSL.I-CUBE-wolfTPM.3.8.0
2025-05-15 21:01:45,299 [WARN] PackLoader:240 - Cannot read IP mode file for STMicroelectronics.X-CUBE-TCPP.4.2.0
2025-05-15 21:01:45,328 [WARN] PackLoader:240 - Cannot read IP mode file for RealThread.X-CUBE-RT-Thread_Nano.4.1.1
2025-05-15 21:01:45,351 [WARN] PackLoader:240 - Cannot read IP mode file for STMicroelectronics.FP-ATR-SIGFOX1.3.2.0
2025-05-15 21:01:45,446 [WARN] PackLoader:240 - Cannot read IP mode file for STMicroelectronics.X-CUBE-EEPRMA1.5.1.0
2025-05-15 21:01:45,478 [WARN] PackLoader:240 - Cannot read IP mode file for ITTIA_DB.I-CUBE-ITTIADB.8.9.0
2025-05-15 21:01:45,538 [WARN] PackLoader:240 - Cannot read IP mode file for SEGGER.I-CUBE-embOS.1.3.1
2025-05-15 21:01:45,647 [WARN] PackLoader:240 - Cannot read IP mode file for STMicroelectronics.X-CUBE-ALGOBUILD.1.4.0
2025-05-15 21:01:45,720 [WARN] PackLoader:240 - Cannot read IP mode file for STMicroelectronics.X-CUBE-AZRTOS-F4.1.1.0
2025-05-15 21:01:45,746 [WARN] PackLoader:240 - Cannot read IP mode file for Avnet-IotConnect.X-CUBE-IoTC-DA16k-PMOD.1.0.0
2025-05-15 21:01:45,768 [WARN] PackLoader:240 - Cannot read IP mode file for STMicroelectronics.X-CUBE-ISPU.2.1.0
2025-05-15 21:01:45,822 [WARN] PackLoader:240 - Cannot read IP mode file for STMicroelectronics.X-CUBE-AZRTOS-L5.2.0.0
2025-05-15 21:01:45,860 [WARN] PackLoader:240 - Cannot read IP mode file for STMicroelectronics.X-CUBE-NFC6.3.1.0
2025-05-15 21:01:45,872 [INFO] WebApp:225 - Starting web application
2025-05-15 21:01:45,872 [INFO] WebApp:593 - Web application path used C:\ST\STM32CubeIDE_1.18.0\STM32CubeIDE\plugins\com.st.stm32cube.common.mx_6.14.0.202502271554\db\plugins\mcufinder\reactClient1\index.html
2025-05-15 21:01:45,915 [WARN] PackLoader:240 - Cannot read IP mode file for STMicroelectronics.X-CUBE-DPower.1.2.0
2025-05-15 21:01:45,942 [WARN] PackLoader:240 - Cannot read IP mode file for STMicroelectronics.X-CUBE-FREERTOS.1.3.1
2025-05-15 21:01:45,966 [WARN] PackLoader:240 - Cannot read IP mode file for STMicroelectronics.X-CUBE-FREERTOS.1.3.0
2025-05-15 21:01:45,994 [WARN] PackLoader:240 - Cannot read IP mode file for STMicroelectronics.X-CUBE-NFC7.1.0.1
2025-05-15 21:01:46,051 [WARN] ConditionMgr:438 - getConditionDescription Invalid condition id : LAN8742 Phy interface Condition cause : null
2025-05-15 21:01:46,052 [WARN] PackLoader:240 - Cannot read IP mode file for STMicroelectronics.X-CUBE-AZRTOS-L4.2.0.0
2025-05-15 21:01:46,055 [WARN] ConditionMgr:1044 - genDependencies : Invalid condition id : LAN8742 Phy interface Condition cause : null
2025-05-15 21:01:46,056 [WARN] ConditionMgr:1044 - genDependencies : Invalid condition id : LAN8742 Phy interface Condition cause : null
2025-05-15 21:01:46,056 [WARN] ConditionMgr:1044 - genDependencies : Invalid condition id : LAN8742 Phy interface Condition cause : null
2025-05-15 21:01:46,091 [WARN] PackLoader:240 - Cannot read IP mode file for STMicroelectronics.X-CUBE-SFXS2LP1.4.0.0
2025-05-15 21:01:46,146 [WARN] PackLoader:240 - Cannot read IP mode file for STMicroelectronics.X-CUBE-AZRTOS-H7.3.3.0
2025-05-15 21:01:46,224 [WARN] ConditionMgr:438 - getConditionDescription Invalid condition id : UX DEVICE CLASS RTOS Condition cause : null
2025-05-15 21:01:46,225 [WARN] ConditionMgr:438 - getConditionDescription Invalid condition id : UX DEVICE CLASS RTOS Condition cause : null
2025-05-15 21:01:46,228 [WARN] PackLoader:240 - Cannot read IP mode file for STMicroelectronics.X-CUBE-AZRTOS-WB.2.0.0
2025-05-15 21:01:46,229 [WARN] ConditionMgr:1044 - genDependencies : Invalid condition id : UX DEVICE CLASS RTOS Condition cause : null
2025-05-15 21:01:46,229 [WARN] ConditionMgr:1044 - genDependencies : Invalid condition id : UX DEVICE CLASS RTOS Condition cause : null
2025-05-15 21:01:46,230 [WARN] ConditionMgr:1044 - genDependencies : Invalid condition id : UX DEVICE CLASS RTOS Condition cause : null
2025-05-15 21:01:46,231 [WARN] ConditionMgr:1044 - genDependencies : Invalid condition id : UX DEVICE CLASS RTOS Condition cause : null
2025-05-15 21:01:46,231 [WARN] ConditionMgr:1044 - genDependencies : Invalid condition id : UX DEVICE CLASS RTOS Condition cause : null
2025-05-15 21:01:46,262 [WARN] PackLoader:240 - Cannot read IP mode file for STMicroelectronics.X-CUBE-GNSS1.7.0.1
2025-05-15 21:01:46,286 [INFO] UserAuth:486 - Internet connection configuration mode: 1
2025-05-15 21:01:46,289 [WARN] PackLoader:240 - Cannot read IP mode file for STMicroelectronics.X-CUBE-TOUCHGFX.4.25.0
2025-05-15 21:01:46,318 [WARN] PackLoader:240 - Cannot read IP mode file for STMicroelectronics.FP-SNS-STBOX1.2.0.0
2025-05-15 21:01:46,353 [WARN] PackLoader:240 - Cannot read IP mode file for STMicroelectronics.X-CUBE-SUBG2.5.0.0
2025-05-15 21:01:46,385 [WARN] PackLoader:240 - Cannot read IP mode file for Cesanta.I-CUBE-Mongoose.7.13.0
2025-05-15 21:01:46,434 [WARN] PackLoader:240 - Cannot read IP mode file for STMicroelectronics.X-CUBE-AZRTOS-G4.2.0.0
2025-05-15 21:01:46,502 [WARN] PackLoader:240 - Cannot read IP mode file for wolfSSL.I-CUBE-wolfSSH.1.4.20
2025-05-15 21:01:46,594 [WARN] PackLoader:240 - Cannot read IP mode file for STMicroelectronics.X-CUBE-NFC7.2.0.0
2025-05-15 21:01:46,645 [WARN] PackLoader:240 - Cannot read IP mode file for STMicroelectronics.X-CUBE-IPS.3.1.0
2025-05-15 21:01:46,719 [WARN] PackLoader:240 - Cannot read IP mode file for STMicroelectronics.X-CUBE-ALS.1.0.2
2025-05-15 21:01:46,751 [WARN] PackLoader:240 - Cannot read IP mode file for portGmbH.I-Cube-SoM-uGOAL.1.1.0
2025-05-15 21:01:46,801 [WARN] PackLoader:240 - Cannot read IP mode file for STMicroelectronics.X-CUBE-AZRTOS-H7RS.1.0.0
2025-05-15 21:01:46,842 [WARN] PackLoader:240 - Cannot read IP mode file for STMicroelectronics.X-CUBE-TOF1.3.4.2
2025-05-15 21:01:46,928 [WARN] PackLoader:240 - Cannot read IP mode file for STMicroelectronics.X-CUBE-TOF1.3.4.3
2025-05-15 21:01:46,960 [INFO] ThirdParty:978 - Integrity check success = true
2025-05-15 21:01:46,960 [INFO] IntegrityCheckThread:100 - exiting critical section [integrity check]
2025-05-15 21:01:46,960 [INFO] IntegrityCheckThread:103 - End integrity checks thread
2025-05-15 21:01:47,266 [ERROR] LogOutputStream:75 - [STDERR_REDIRECT] May 15, 2025 9:01:47 PM org.glassfish.grizzly.http.server.NetworkListener start
2025-05-15 21:01:47,268 [ERROR] LogOutputStream:75 - [STDERR_REDIRECT] INFO: Started listener bound to [localhost:16721]
2025-05-15 21:01:47,268 [ERROR] LogOutputStream:75 - [STDERR_REDIRECT] 
2025-05-15 21:01:47,270 [ERROR] LogOutputStream:75 - [STDERR_REDIRECT] May 15, 2025 9:01:47 PM org.glassfish.grizzly.http.server.HttpServer start
2025-05-15 21:01:47,271 [ERROR] LogOutputStream:75 - [STDERR_REDIRECT] INFO: [HttpServer] Started.
2025-05-15 21:01:47,271 [ERROR] LogOutputStream:75 - [STDERR_REDIRECT] 
2025-05-15 21:01:47,854 [INFO] WebApp:191 - Connection restablished
2025-05-15 21:15:36,092 [ERROR] LogOutputStream:75 - [STDERR_REDIRECT] 
2025-05-15 21:15:36,092 [ERROR] LogOutputStream:75 - [STDERR_REDIRECT] 
