2025-06-02 17:20:56,678 [INFO] Activator:176 - 


2025-06-02 17:20:56,687 [INFO] Activator:177 - !SESSION log4j initialized
2025-06-02 17:21:07,844 [INFO] LogOutputStream:77 - [STDOUT_REDIRECT] 
2025-06-02 17:21:09,180 [INFO] LogOutputStream:77 - [STDOUT_REDIRECT] 
2025-06-02 17:21:16,813 [INFO] ApplicationProperties:184 - Using Application install path: C:\ST\STM32CubeIDE_1.18.0\STM32CubeIDE\plugins\com.st.stm32cube.common.mx_6.14.0.202502271554
2025-06-02 17:21:16,855 [INFO] DbMcusXml:78 - Set database path to: C:\ST\STM32CubeIDE_1.18.0\STM32CubeIDE\plugins\com.st.stm32cube.common.mx_6.14.0.202502271554\\db\/mcu/
2025-06-02 17:21:16,855 [INFO] ApiDb:274 - Set plugin database path to: C:\ST\STM32CubeIDE_1.18.0\STM32CubeIDE\plugins\com.st.stm32cube.common.mx_6.14.0.202502271554\\db\/plugins/boardmanager/
2025-06-02 17:21:16,856 [WARN] ApiDb:259 - Overriding images path with different value:  => C:\ST\STM32CubeIDE_1.18.0\STM32CubeIDE\plugins\com.st.stm32cube.common.mx_6.14.0.202502271554\\db\/plugins/mcufinder/images/
2025-06-02 17:21:16,884 [INFO] ApiDb:250 - Set database path to: C:\Users\pwlub\.stmcufinder\plugins\mcufinder//mcu/
2025-06-02 17:21:16,886 [INFO] DbMcusAds:125 - Set database path to: C:\Users\pwlub\.stmcufinder\plugins\mcufinder//mcu/
2025-06-02 17:21:16,892 [INFO] CrossReferenceDbSqlite:203 - Set database path to: C:\Users\pwlub\.stmcufinder\plugins\mcufinder//mcu/cs/
2025-06-02 17:21:17,100 [INFO] RulesReader:64 - Compatibility file has been processed (301 Rules)
2025-06-02 17:21:17,234 [INFO] DbMcusXml:78 - Set database path to: C:\ST\STM32CubeIDE_1.18.0\STM32CubeIDE\plugins\com.st.stm32cube.common.mx_6.14.0.202502271554\\db\/mcu/
2025-06-02 17:21:17,234 [INFO] ApiDb:274 - Set plugin database path to: C:\ST\STM32CubeIDE_1.18.0\STM32CubeIDE\plugins\com.st.stm32cube.common.mx_6.14.0.202502271554\\db\/plugins/boardmanager/
2025-06-02 17:21:17,234 [INFO] ApiDb:261 - Set plugin images path to: C:\ST\STM32CubeIDE_1.18.0\STM32CubeIDE\plugins\com.st.stm32cube.common.mx_6.14.0.202502271554\\db\/plugins/mcufinder/images/
2025-06-02 17:21:17,236 [WARN] DbFile:41 - Overriding database path with different value: C:\Users\pwlub\.stmcufinder\plugins\mcufinder/ => C:\Users\pwlub\.stmcufinder\plugins\mcufinder
2025-06-02 17:21:17,236 [INFO] ApiDb:250 - Set database path to: C:\Users\pwlub\.stmcufinder\plugins\mcufinder//mcu/
2025-06-02 17:21:17,236 [WARN] DbFile:41 - Overriding database path with different value: C:\Users\pwlub\.stmcufinder\plugins\mcufinder/ => C:\Users\pwlub\.stmcufinder\plugins\mcufinder
2025-06-02 17:21:17,236 [INFO] DbMcusAds:125 - Set database path to: C:\Users\pwlub\.stmcufinder\plugins\mcufinder//mcu/
2025-06-02 17:21:17,236 [WARN] DbFile:41 - Overriding database path with different value: C:\Users\pwlub\.stmcufinder\plugins\mcufinder/ => C:\Users\pwlub\.stmcufinder\plugins\mcufinder
2025-06-02 17:21:17,237 [WARN] DbFile:41 - Overriding database path with different value: C:\Users\pwlub\.stmcufinder\plugins\mcufinder/ => C:\Users\pwlub\.stmcufinder\plugins\mcufinder
2025-06-02 17:21:17,237 [INFO] CrossReferenceDbSqlite:203 - Set database path to: C:\Users\pwlub\.stmcufinder\plugins\mcufinder//mcu/cs/
2025-06-02 17:21:17,389 [INFO] MainPanel:272 - HeapMemory: 278921216
2025-06-02 17:21:17,549 [INFO] DbMcusXml:78 - Set database path to: C:\ST\STM32CubeIDE_1.18.0\STM32CubeIDE\plugins\com.st.stm32cube.common.mx_6.14.0.202502271554\\db\/mcu/
2025-06-02 17:21:17,549 [INFO] ApiDb:274 - Set plugin database path to: C:\ST\STM32CubeIDE_1.18.0\STM32CubeIDE\plugins\com.st.stm32cube.common.mx_6.14.0.202502271554\\db\/plugins/boardmanager/
2025-06-02 17:21:17,549 [INFO] ApiDb:261 - Set plugin images path to: C:\ST\STM32CubeIDE_1.18.0\STM32CubeIDE\plugins\com.st.stm32cube.common.mx_6.14.0.202502271554\\db\/plugins/mcufinder/images/
2025-06-02 17:21:17,549 [WARN] DbFile:41 - Overriding database path with different value: C:\Users\pwlub\.stmcufinder\plugins\mcufinder/ => C:\Users\pwlub\.stmcufinder\plugins\mcufinder
2025-06-02 17:21:17,550 [INFO] ApiDb:250 - Set database path to: C:\Users\pwlub\.stmcufinder\plugins\mcufinder//mcu/
2025-06-02 17:21:17,550 [WARN] DbFile:41 - Overriding database path with different value: C:\Users\pwlub\.stmcufinder\plugins\mcufinder/ => C:\Users\pwlub\.stmcufinder\plugins\mcufinder
2025-06-02 17:21:17,550 [INFO] DbMcusAds:125 - Set database path to: C:\Users\pwlub\.stmcufinder\plugins\mcufinder//mcu/
2025-06-02 17:21:17,550 [WARN] DbFile:41 - Overriding database path with different value: C:\Users\pwlub\.stmcufinder\plugins\mcufinder/ => C:\Users\pwlub\.stmcufinder\plugins\mcufinder
2025-06-02 17:21:17,550 [WARN] DbFile:41 - Overriding database path with different value: C:\Users\pwlub\.stmcufinder\plugins\mcufinder/ => C:\Users\pwlub\.stmcufinder\plugins\mcufinder
2025-06-02 17:21:17,550 [INFO] CrossReferenceDbSqlite:203 - Set database path to: C:\Users\pwlub\.stmcufinder\plugins\mcufinder//mcu/cs/
2025-06-02 17:21:17,574 [INFO] ApplicationProperties:184 - Using Application install path: C:\ST\STM32CubeIDE_1.18.0\STM32CubeIDE\plugins\com.st.stm32cube.common.mx_6.14.0.202502271554
2025-06-02 17:21:17,576 [INFO] PluginManage:196 - Search for loadable plugins [exclusion list=, ]
2025-06-02 17:21:17,579 [INFO] PluginManage:310 - Check plugin analytics
2025-06-02 17:21:22,414 [INFO] AnalyticsPlugin:253 - Accepted Software Licenses: STM32CubeMX.6.14.0
2025-06-02 17:21:22,414 [INFO] AnalyticsPlugin:255 - Accepted CMSIS Pack Licenses: 
2025-06-02 17:21:22,414 [INFO] AnalyticsPlugin:257 - Accepted Firmware Licenses: FW.G4.1.5.0,FW.G4.1.6.0
2025-06-02 17:21:22,418 [INFO] PluginManage:359 - Loaded plugin analytics (category:tool,tabindex:-1)
2025-06-02 17:21:22,419 [INFO] PluginManage:310 - Check plugin cadmodel
2025-06-02 17:21:22,429 [INFO] CADModel:105 - Init CAD model plugin
2025-06-02 17:21:22,429 [INFO] PluginManage:359 - Loaded plugin cadmodel (category:power,tabindex:5)
2025-06-02 17:21:22,430 [INFO] PluginManage:310 - Check plugin clock
2025-06-02 17:21:22,445 [INFO] PluginManage:359 - Loaded plugin clock (category:base,tabindex:2)
2025-06-02 17:21:22,446 [INFO] PluginManage:310 - Check plugin ddr
2025-06-02 17:21:22,448 [INFO] PluginManage:359 - Loaded plugin ddr (category:tool,tabindex:6)
2025-06-02 17:21:22,449 [INFO] PluginManage:310 - Check plugin filemanager
2025-06-02 17:21:22,670 [INFO] PluginManage:359 - Loaded plugin filemanager (category:base,tabindex:10)
2025-06-02 17:21:22,670 [INFO] PluginManage:310 - Check plugin ipmanager
2025-06-02 17:21:22,682 [INFO] PluginManage:359 - Loaded plugin ipmanager (category:base,tabindex:5)
2025-06-02 17:21:22,683 [INFO] PluginManage:310 - Check plugin lpbam
2025-06-02 17:21:22,693 [INFO] PluginManage:359 - Loaded plugin lpbam (category:base,tabindex:0)
2025-06-02 17:21:22,694 [INFO] PluginManage:310 - Check plugin memorymap
2025-06-02 17:21:22,723 [INFO] PluginManage:359 - Loaded plugin memorymap (category:base,tabindex:4)
2025-06-02 17:21:22,724 [INFO] PluginManage:310 - Check plugin pinoutandconfiguration
2025-06-02 17:21:22,740 [INFO] PluginManage:359 - Loaded plugin pinoutandconfiguration (category:base,tabindex:1)
2025-06-02 17:21:22,740 [INFO] PluginManage:310 - Check plugin pinoutconfig
2025-06-02 17:21:22,883 [WARN] SupportedApi:132 - Cannot load RTOS API schema: s4s-elt-must-match.1: The content of 'definitions' must match (annotation?, (simpleType | complexType)?, (unique | key | keyref)*)). A problem was found starting at: attribute.
2025-06-02 17:21:23,100 [INFO] PluginManage:359 - Loaded plugin pinoutconfig (category:base,tabindex:0)
2025-06-02 17:21:23,100 [INFO] PluginManage:310 - Check plugin power
2025-06-02 17:21:23,116 [INFO] PluginManage:359 - Loaded plugin power (category:power,tabindex:4)
2025-06-02 17:21:23,116 [INFO] PluginManage:310 - Check plugin projectmanager
2025-06-02 17:21:23,147 [INFO] PluginManage:359 - Loaded plugin projectmanager (category:projectmanager,tabindex:4)
2025-06-02 17:21:23,147 [INFO] PluginManage:310 - Check plugin rif
2025-06-02 17:21:23,162 [INFO] PluginManage:359 - Loaded plugin rif (category:base,tabindex:3)
2025-06-02 17:21:23,163 [INFO] PluginManage:310 - Check plugin thirdparty
2025-06-02 17:21:23,421 [INFO] PluginManage:359 - Loaded plugin thirdparty (category:base,tabindex:-1)
2025-06-02 17:21:23,422 [INFO] PluginManage:310 - Check plugin tools
2025-06-02 17:21:23,421 [WARN] IntegrityCheckThread:84 - waiting for thirdparty lock release [integrity check]
2025-06-02 17:21:23,423 [INFO] IntegrityCheckThread:86 - entering critical section [integrity check]
2025-06-02 17:21:23,423 [INFO] ThirdPartyUpdaterWithRetryManager:70 - Updater plugin not ready yet. [1/15]
2025-06-02 17:21:23,427 [INFO] PluginManage:359 - Loaded plugin tools (category:base,tabindex:7)
2025-06-02 17:21:23,427 [INFO] PluginManage:310 - Check plugin tutovideos
2025-06-02 17:21:23,749 [INFO] PluginManage:359 - Loaded plugin tutovideos (category:base,tabindex:-1)
2025-06-02 17:21:23,750 [INFO] PluginManage:310 - Check plugin updater
2025-06-02 17:21:23,791 [INFO] PluginManage:359 - Loaded plugin updater (category:base,tabindex:12)
2025-06-02 17:21:23,792 [INFO] PluginManage:310 - Check plugin userauth
2025-06-02 17:21:23,801 [INFO] UserAuth:118 - Init User Auth plugin
2025-06-02 17:21:23,802 [INFO] PluginManage:359 - Loaded plugin userauth (category:base,tabindex:14)
2025-06-02 17:21:23,803 [INFO] PluginManage:283 - PluginManage : Loaded plugins [18]
2025-06-02 17:21:24,168 [INFO] PinOutPanel:1589 - setPackage(No Configuration,No Configuration)
2025-06-02 17:21:24,289 [INFO] CADModel:165 - CPN selected for project level
2025-06-02 17:21:24,289 [INFO] CADModel:114 - Register for checkConnection events
2025-06-02 17:21:24,318 [INFO] IPUIPlugin:80 - create IPUIPlugin
2025-06-02 17:21:24,319 [INFO] PluginManager:220 - loadIPPluginJar : add adc
2025-06-02 17:21:24,323 [INFO] IPUIPlugin:80 - create IPUIPlugin
2025-06-02 17:21:24,324 [INFO] PluginManager:220 - loadIPPluginJar : add aes
2025-06-02 17:21:24,328 [INFO] IPUIPlugin:80 - create IPUIPlugin
2025-06-02 17:21:24,329 [INFO] PluginManager:220 - loadIPPluginJar : add can
2025-06-02 17:21:24,333 [INFO] IPUIPlugin:80 - create IPUIPlugin
2025-06-02 17:21:24,334 [INFO] PluginManager:220 - loadIPPluginJar : add comp
2025-06-02 17:21:24,338 [INFO] IPUIPlugin:80 - create IPUIPlugin
2025-06-02 17:21:24,338 [INFO] PluginManager:220 - loadIPPluginJar : add cryp
2025-06-02 17:21:24,344 [INFO] IPUIPlugin:80 - create IPUIPlugin
2025-06-02 17:21:24,344 [INFO] PluginManager:220 - loadIPPluginJar : add ddr_ctrl_phy
2025-06-02 17:21:24,348 [INFO] IPUIPlugin:80 - create IPUIPlugin
2025-06-02 17:21:24,348 [INFO] PluginManager:220 - loadIPPluginJar : add dfsdm
2025-06-02 17:21:24,355 [INFO] IPUIPlugin:80 - create IPUIPlugin
2025-06-02 17:21:24,355 [INFO] PluginManager:220 - loadIPPluginJar : add dma
2025-06-02 17:21:24,360 [INFO] IPUIPlugin:80 - create IPUIPlugin
2025-06-02 17:21:24,360 [INFO] PluginManager:220 - loadIPPluginJar : add dma3
2025-06-02 17:21:24,364 [INFO] IPUIPlugin:80 - create IPUIPlugin
2025-06-02 17:21:24,365 [INFO] PluginManager:220 - loadIPPluginJar : add extmemmanager
2025-06-02 17:21:24,368 [INFO] IPUIPlugin:80 - create IPUIPlugin
2025-06-02 17:21:24,368 [INFO] PluginManager:220 - loadIPPluginJar : add fatfs
2025-06-02 17:21:24,373 [INFO] IPUIPlugin:80 - create IPUIPlugin
2025-06-02 17:21:24,373 [INFO] PluginManager:220 - loadIPPluginJar : add fmc
2025-06-02 17:21:24,380 [INFO] IPUIPlugin:80 - create IPUIPlugin
2025-06-02 17:21:24,381 [INFO] PluginManager:220 - loadIPPluginJar : add freertos
2025-06-02 17:21:24,383 [INFO] IPUIPlugin:80 - create IPUIPlugin
2025-06-02 17:21:24,384 [INFO] PluginManager:220 - loadIPPluginJar : add genericplugin
2025-06-02 17:21:24,387 [INFO] IPUIPlugin:80 - create IPUIPlugin
2025-06-02 17:21:24,387 [INFO] PluginManager:220 - loadIPPluginJar : add gfxmmu
2025-06-02 17:21:24,394 [INFO] IPUIPlugin:80 - create IPUIPlugin
2025-06-02 17:21:24,394 [INFO] PluginManager:220 - loadIPPluginJar : add gic
2025-06-02 17:21:24,399 [INFO] IPUIPlugin:80 - create IPUIPlugin
2025-06-02 17:21:24,399 [INFO] PluginManager:220 - loadIPPluginJar : add gpio
2025-06-02 17:21:24,404 [INFO] IPUIPlugin:80 - create IPUIPlugin
2025-06-02 17:21:24,404 [INFO] PluginManager:220 - loadIPPluginJar : add gtzc
2025-06-02 17:21:24,408 [INFO] IPUIPlugin:80 - create IPUIPlugin
2025-06-02 17:21:24,408 [INFO] PluginManager:220 - loadIPPluginJar : add hash
2025-06-02 17:21:24,411 [INFO] IPUIPlugin:80 - create IPUIPlugin
2025-06-02 17:21:24,412 [INFO] PluginManager:220 - loadIPPluginJar : add i2c
2025-06-02 17:21:24,415 [INFO] IPUIPlugin:80 - create IPUIPlugin
2025-06-02 17:21:24,416 [INFO] PluginManager:220 - loadIPPluginJar : add i2s
2025-06-02 17:21:24,419 [INFO] IPUIPlugin:80 - create IPUIPlugin
2025-06-02 17:21:24,419 [INFO] PluginManager:220 - loadIPPluginJar : add i3c
2025-06-02 17:21:24,424 [INFO] IPUIPlugin:80 - create IPUIPlugin
2025-06-02 17:21:24,424 [INFO] PluginManager:220 - loadIPPluginJar : add ipddr
2025-06-02 17:21:24,433 [INFO] IPUIPlugin:80 - create IPUIPlugin
2025-06-02 17:21:24,434 [INFO] PluginManager:220 - loadIPPluginJar : add linkedlist
2025-06-02 17:21:24,437 [INFO] IPUIPlugin:80 - create IPUIPlugin
2025-06-02 17:21:24,438 [INFO] PluginManager:220 - loadIPPluginJar : add lorawan
2025-06-02 17:21:24,440 [INFO] IPUIPlugin:80 - create IPUIPlugin
2025-06-02 17:21:24,441 [INFO] PluginManager:220 - loadIPPluginJar : add ltdc
2025-06-02 17:21:24,448 [INFO] IPUIPlugin:80 - create IPUIPlugin
2025-06-02 17:21:24,448 [INFO] PluginManager:220 - loadIPPluginJar : add mdma
2025-06-02 17:21:24,452 [INFO] IPUIPlugin:80 - create IPUIPlugin
2025-06-02 17:21:24,452 [INFO] PluginManager:220 - loadIPPluginJar : add nvic
2025-06-02 17:21:24,457 [INFO] IPUIPlugin:80 - create IPUIPlugin
2025-06-02 17:21:24,457 [INFO] PluginManager:220 - loadIPPluginJar : add opamp
2025-06-02 17:21:24,461 [INFO] IPUIPlugin:80 - create IPUIPlugin
2025-06-02 17:21:24,461 [INFO] PluginManager:220 - loadIPPluginJar : add openamp
2025-06-02 17:21:24,466 [INFO] IPUIPlugin:80 - create IPUIPlugin
2025-06-02 17:21:24,466 [INFO] PluginManager:220 - loadIPPluginJar : add pdm2pcm
2025-06-02 17:21:24,474 [INFO] IPUIPlugin:80 - create IPUIPlugin
2025-06-02 17:21:24,477 [INFO] PluginManager:220 - loadIPPluginJar : add plateformsettings
2025-06-02 17:21:24,481 [INFO] IPUIPlugin:80 - create IPUIPlugin
2025-06-02 17:21:24,481 [INFO] PluginManager:220 - loadIPPluginJar : add quadspi
2025-06-02 17:21:24,485 [INFO] IPUIPlugin:80 - create IPUIPlugin
2025-06-02 17:21:24,486 [INFO] PluginManager:220 - loadIPPluginJar : add radio
2025-06-02 17:21:24,492 [INFO] IPUIPlugin:80 - create IPUIPlugin
2025-06-02 17:21:24,493 [INFO] PluginManager:220 - loadIPPluginJar : add resmgrutility
2025-06-02 17:21:24,497 [INFO] IPUIPlugin:80 - create IPUIPlugin
2025-06-02 17:21:24,497 [INFO] PluginManager:220 - loadIPPluginJar : add sai
2025-06-02 17:21:24,502 [INFO] IPUIPlugin:80 - create IPUIPlugin
2025-06-02 17:21:24,502 [INFO] PluginManager:220 - loadIPPluginJar : add spi
2025-06-02 17:21:24,510 [INFO] IPUIPlugin:80 - create IPUIPlugin
2025-06-02 17:21:24,510 [INFO] PluginManager:220 - loadIPPluginJar : add stm32_wpan
2025-06-02 17:21:24,514 [INFO] IPUIPlugin:80 - create IPUIPlugin
2025-06-02 17:21:24,514 [INFO] PluginManager:220 - loadIPPluginJar : add tim
2025-06-02 17:21:24,519 [INFO] IPUIPlugin:80 - create IPUIPlugin
2025-06-02 17:21:24,520 [INFO] PluginManager:220 - loadIPPluginJar : add touchsensing
2025-06-02 17:21:24,523 [INFO] IPUIPlugin:80 - create IPUIPlugin
2025-06-02 17:21:24,524 [INFO] PluginManager:220 - loadIPPluginJar : add tracer_emb
2025-06-02 17:21:24,527 [INFO] IPUIPlugin:80 - create IPUIPlugin
2025-06-02 17:21:24,527 [INFO] PluginManager:220 - loadIPPluginJar : add ts
2025-06-02 17:21:24,530 [INFO] IPUIPlugin:80 - create IPUIPlugin
2025-06-02 17:21:24,530 [INFO] PluginManager:220 - loadIPPluginJar : add tsc
2025-06-02 17:21:24,533 [INFO] IPUIPlugin:80 - create IPUIPlugin
2025-06-02 17:21:24,534 [INFO] PluginManager:220 - loadIPPluginJar : add ucpd
2025-06-02 17:21:24,537 [INFO] IPUIPlugin:80 - create IPUIPlugin
2025-06-02 17:21:24,537 [INFO] PluginManager:220 - loadIPPluginJar : add usart
2025-06-02 17:21:24,541 [INFO] IPUIPlugin:80 - create IPUIPlugin
2025-06-02 17:21:24,542 [INFO] PluginManager:220 - loadIPPluginJar : add usbx
2025-06-02 17:21:24,696 [FATAL] Updater:351 - Updater called before beeing initialized
2025-06-02 17:21:24,739 [INFO] RulesReader:64 - Compatibility file has been processed (301 Rules)
2025-06-02 17:21:24,760 [INFO] RulesReader:64 - Compatibility file has been processed (301 Rules)
2025-06-02 17:21:24,773 [INFO] CADModel:165 - CPN selected for project level
2025-06-02 17:21:24,773 [INFO] CADModel:114 - Register for checkConnection events
2025-06-02 17:21:24,774 [FATAL] Updater:351 - Updater called before beeing initialized
2025-06-02 17:21:24,774 [ERROR] CADModel:125 - Updater not yet initialized, retry later 
2025-06-02 17:21:25,007 [FATAL] Updater:351 - Updater called before beeing initialized
2025-06-02 17:21:25,010 [INFO] CADModel:165 - CPN selected for project level
2025-06-02 17:21:25,011 [INFO] CADModel:114 - Register for checkConnection events
2025-06-02 17:21:25,011 [FATAL] Updater:351 - Updater called before beeing initialized
2025-06-02 17:21:25,011 [ERROR] CADModel:125 - Updater not yet initialized, retry later 
2025-06-02 17:21:25,015 [FATAL] Updater:351 - Updater called before beeing initialized
2025-06-02 17:21:25,236 [FATAL] Updater:351 - Updater called before beeing initialized
2025-06-02 17:21:25,259 [INFO] DbMcusAds:53 - JSON generation date=Thu Mar 06 15:54:21 CET 2025 (1741272861825)
2025-06-02 17:21:25,259 [FATAL] Updater:351 - Updater called before beeing initialized
2025-06-02 17:21:25,327 [WARN] DetailPanel:346 - Failed to get advertising image, set to default
2025-06-02 17:21:25,829 [FATAL] Updater:351 - Updater called before beeing initialized
2025-06-02 17:21:25,830 [FATAL] Updater:351 - Updater called before beeing initialized
2025-06-02 17:21:25,831 [FATAL] Updater:351 - Updater called before beeing initialized
2025-06-02 17:21:25,831 [WARN] DetailPanel:346 - Failed to get advertising image, set to default
2025-06-02 17:21:25,832 [FATAL] Updater:351 - Updater called before beeing initialized
2025-06-02 17:21:25,932 [ERROR] Updater:1198 - MainUpdater not yet initialized. External WinMGr cannot be set.
2025-06-02 17:21:25,936 [INFO] Updater:1134 - Updater Version found : 6.14.0
2025-06-02 17:21:25,973 [INFO] ApplicationProperties:184 - Using Application install path: C:\ST\STM32CubeIDE_1.18.0\STM32CubeIDE\plugins\com.st.stm32cube.common.mx_6.14.0.202502271554
2025-06-02 17:21:26,424 [INFO] ThirdPartyUpdaterWithRetryManager:70 - Updater plugin not ready yet. [2/15]
2025-06-02 17:21:27,572 [ERROR] LogOutputStream:75 - [STDERR_REDIRECT] Jun 02, 2025 5:21:27 PM java.util.prefs.WindowsPreferences <init>
2025-06-02 17:21:27,577 [ERROR] LogOutputStream:75 - [STDERR_REDIRECT] WARNING: Could not open/create prefs root node Software\JavaSoft\Prefs at root 0xffffffff80000002. Windows RegCreateKeyEx(...) returned error code 5.
2025-06-02 17:21:27,578 [ERROR] LogOutputStream:75 - [STDERR_REDIRECT] 
2025-06-02 17:21:28,141 [INFO] MainUpdater:2872 - connection check result : 10
2025-06-02 17:21:28,142 [INFO] MainUpdater:289 - Updater Check For Update Now.
2025-06-02 17:21:28,142 [INFO] MicroXplorer:498 - Change Database Version : DB.6.0.140
2025-06-02 17:21:28,151 [INFO] McuFinderGlobals:63 - Set McuFinder mode to 2 (CubeIDE integrated)
2025-06-02 17:21:28,166 [INFO] UserAuth:486 - Internet connection configuration mode: 1
2025-06-02 17:21:28,223 [INFO] JxBrowserEngine:152 - Initiate JxBrowser Engine with user profile folder
2025-06-02 17:21:28,502 [INFO] CheckServerUpdateThread:120 - End of CheckServer Thread
2025-06-02 17:21:30,623 [WARN] PackLoader:240 - Cannot read IP mode file for STMicroelectronics.FP-SNS-MOTENVWB1.1.4.0
2025-06-02 17:21:30,656 [WARN] PackLoader:240 - Cannot read IP mode file for STMicroelectronics.FP-ATR-ASTRA1.2.0.2
2025-06-02 17:21:30,689 [WARN] PackLoader:240 - Cannot read IP mode file for STMicroelectronics.X-CUBE-SMBUS.2.1.0
2025-06-02 17:21:30,723 [WARN] PackLoader:240 - Cannot read IP mode file for STMicroelectronics.X-CUBE-WB05N.1.1.0
2025-06-02 17:21:30,780 [WARN] PackLoader:240 - Cannot read IP mode file for STMicroelectronics.X-CUBE-ST60.1.0.0
2025-06-02 17:21:30,910 [WARN] PackLoader:240 - Cannot read IP mode file for STMicroelectronics.X-CUBE-AZRTOS-F7.1.1.0
2025-06-02 17:21:30,941 [INFO] WebApp:169 - Instantiating new browser for Auth
2025-06-02 17:21:31,047 [WARN] PackLoader:240 - Cannot read IP mode file for Infineon.AIROC-Wi-Fi-Bluetooth-STM32.1.7.0
2025-06-02 17:21:31,193 [WARN] PackLoader:240 - Cannot read IP mode file for STMicroelectronics.X-CUBE-DISPLAY.3.0.0
2025-06-02 17:21:31,270 [WARN] PackLoader:240 - Cannot read IP mode file for STMicroelectronics.X-CUBE-NFC10.1.0.0
2025-06-02 17:21:31,348 [WARN] PackLoader:240 - Cannot read IP mode file for STMicroelectronics.X-CUBE-BLEMGR.4.0.0
2025-06-02 17:21:31,489 [WARN] PackLoader:240 - Cannot read IP mode file for emotas.I-CUBE-CANOPEN.1.3.0
2025-06-02 17:21:31,764 [WARN] ConditionMgr:438 - getConditionDescription Invalid condition id : Cortex-A Device cause : null
2025-06-02 17:21:31,807 [WARN] ConditionMgr:1044 - genDependencies : Invalid condition id : Cortex-A Device cause : null
2025-06-02 17:21:31,807 [WARN] ConditionMgr:1044 - genDependencies : Invalid condition id : Cortex-A Device cause : null
2025-06-02 17:21:31,808 [WARN] ConditionMgr:1044 - genDependencies : Invalid condition id : Cortex-A Device cause : null
2025-06-02 17:21:31,843 [WARN] PackLoader:240 - Cannot read IP mode file for STMicroelectronics.X-CUBE-AI.10.0.0
2025-06-02 17:21:31,873 [WARN] PackLoader:240 - Cannot read IP mode file for STMicroelectronics.FP-SNS-SMARTAG2.1.2.0
2025-06-02 17:21:31,897 [WARN] PackLoader:240 - Cannot read IP mode file for STMicroelectronics.FP-SNS-FLIGHT1.5.1.0
2025-06-02 17:21:32,108 [WARN] PackLoader:240 - Cannot read IP mode file for STMicroelectronics.X-CUBE-MEMS1.11.1.0
2025-06-02 17:21:32,560 [INFO] LogOutputStream:77 - [STDOUT_REDIRECT] 1 : Invalid condition id : UX_CORESTACK_Condition cause : null
2025-06-02 17:21:32,561 [INFO] LogOutputStream:77 - [STDOUT_REDIRECT] 1 : Invalid condition id : UX_CORESTACK_Condition cause : null
2025-06-02 17:21:32,563 [INFO] LogOutputStream:77 - [STDOUT_REDIRECT] 1 : Invalid condition id : UX_CORESTACK_Condition cause : null
2025-06-02 17:21:32,565 [INFO] LogOutputStream:77 - [STDOUT_REDIRECT] 1 : Invalid condition id : UX_CORESTACK_Condition cause : null
2025-06-02 17:21:32,567 [INFO] LogOutputStream:77 - [STDOUT_REDIRECT] 1 : Invalid condition id : UX_CORESTACK_Condition cause : null
2025-06-02 17:21:32,572 [WARN] PackLoader:240 - Cannot read IP mode file for STMicroelectronics.X-CUBE-AZRTOS-WL.2.0.0
2025-06-02 17:21:32,599 [WARN] PackLoader:240 - Cannot read IP mode file for STMicroelectronics.FP-SNS-MOTENV1.5.0.0
2025-06-02 17:21:32,657 [WARN] PackLoader:240 - Cannot read IP mode file for WES.I-CUBE-Cesium.1.3.0
2025-06-02 17:21:32,685 [WARN] PackLoader:240 - Cannot read IP mode file for STMicroelectronics.X-CUBE-BLE2.3.3.0
2025-06-02 17:21:32,733 [WARN] PackLoader:240 - Cannot read IP mode file for STMicroelectronics.X-CUBE-NFC9.1.0.0
2025-06-02 17:21:32,770 [WARN] PackLoader:240 - Cannot read IP mode file for STMicroelectronics.X-CUBE-BLE1.7.1.0
2025-06-02 17:21:32,959 [WARN] PackLoader:240 - Cannot read IP mode file for STMicroelectronics.X-CUBE-MEMS1.11.2.0
2025-06-02 17:21:33,222 [WARN] PackLoader:240 - Cannot read IP mode file for STMicroelectronics.X-CUBE-AZRTOS-G0.1.1.0
2025-06-02 17:21:33,256 [WARN] PackLoader:240 - Cannot read IP mode file for STMicroelectronics.X-CUBE-SAFEA1.1.2.2
2025-06-02 17:21:33,283 [WARN] PackLoader:240 - Cannot read IP mode file for STMicroelectronics.X-CUBE-NFC4.3.0.0
2025-06-02 17:21:33,364 [WARN] PackLoader:240 - Cannot read IP mode file for EmbeddedOffice.I-CUBE-FS-RTOS.1.0.1
2025-06-02 17:21:33,389 [WARN] PackLoader:240 - Cannot read IP mode file for STMicroelectronics.X-CUBE-WB05N.2.0.0
2025-06-02 17:21:33,412 [WARN] PackLoader:240 - Cannot read IP mode file for wolfSSL.I-CUBE-wolfTPM.3.8.0
2025-06-02 17:21:33,437 [WARN] PackLoader:240 - Cannot read IP mode file for STMicroelectronics.X-CUBE-TCPP.4.2.0
2025-06-02 17:21:33,467 [WARN] PackLoader:240 - Cannot read IP mode file for RealThread.X-CUBE-RT-Thread_Nano.4.1.1
2025-06-02 17:21:33,492 [WARN] PackLoader:240 - Cannot read IP mode file for STMicroelectronics.FP-ATR-SIGFOX1.3.2.0
2025-06-02 17:21:33,520 [WARN] PackLoader:240 - Cannot read IP mode file for STMicroelectronics.X-CUBE-EEPRMA1.5.1.0
2025-06-02 17:21:33,547 [WARN] PackLoader:240 - Cannot read IP mode file for ITTIA_DB.I-CUBE-ITTIADB.8.9.0
2025-06-02 17:21:33,671 [WARN] PackLoader:240 - Cannot read IP mode file for SEGGER.I-CUBE-embOS.1.3.1
2025-06-02 17:21:33,767 [WARN] PackLoader:240 - Cannot read IP mode file for STMicroelectronics.X-CUBE-ALGOBUILD.1.4.0
2025-06-02 17:21:33,840 [WARN] PackLoader:240 - Cannot read IP mode file for STMicroelectronics.X-CUBE-AZRTOS-F4.1.1.0
2025-06-02 17:21:33,867 [WARN] PackLoader:240 - Cannot read IP mode file for Avnet-IotConnect.X-CUBE-IoTC-DA16k-PMOD.1.0.0
2025-06-02 17:21:33,891 [WARN] PackLoader:240 - Cannot read IP mode file for STMicroelectronics.X-CUBE-ISPU.2.1.0
2025-06-02 17:21:33,981 [WARN] PackLoader:240 - Cannot read IP mode file for STMicroelectronics.X-CUBE-AZRTOS-L5.2.0.0
2025-06-02 17:21:34,020 [WARN] PackLoader:240 - Cannot read IP mode file for STMicroelectronics.X-CUBE-NFC6.3.1.0
2025-06-02 17:21:34,050 [WARN] PackLoader:240 - Cannot read IP mode file for STMicroelectronics.X-CUBE-DPower.1.2.0
2025-06-02 17:21:34,075 [WARN] PackLoader:240 - Cannot read IP mode file for STMicroelectronics.X-CUBE-FREERTOS.1.3.1
2025-06-02 17:21:34,152 [WARN] PackLoader:240 - Cannot read IP mode file for STMicroelectronics.X-CUBE-FREERTOS.1.3.0
2025-06-02 17:21:34,179 [WARN] PackLoader:240 - Cannot read IP mode file for STMicroelectronics.X-CUBE-NFC7.1.0.1
2025-06-02 17:21:34,272 [WARN] ConditionMgr:438 - getConditionDescription Invalid condition id : LAN8742 Phy interface Condition cause : null
2025-06-02 17:21:34,280 [WARN] PackLoader:240 - Cannot read IP mode file for STMicroelectronics.X-CUBE-AZRTOS-L4.2.0.0
2025-06-02 17:21:34,284 [WARN] ConditionMgr:1044 - genDependencies : Invalid condition id : LAN8742 Phy interface Condition cause : null
2025-06-02 17:21:34,284 [WARN] ConditionMgr:1044 - genDependencies : Invalid condition id : LAN8742 Phy interface Condition cause : null
2025-06-02 17:21:34,285 [WARN] ConditionMgr:1044 - genDependencies : Invalid condition id : LAN8742 Phy interface Condition cause : null
2025-06-02 17:21:34,322 [WARN] PackLoader:240 - Cannot read IP mode file for STMicroelectronics.X-CUBE-SFXS2LP1.4.0.0
2025-06-02 17:21:34,387 [WARN] PackLoader:240 - Cannot read IP mode file for STMicroelectronics.X-CUBE-AZRTOS-H7.3.3.0
2025-06-02 17:21:34,438 [WARN] ConditionMgr:438 - getConditionDescription Invalid condition id : UX DEVICE CLASS RTOS Condition cause : null
2025-06-02 17:21:34,438 [WARN] ConditionMgr:438 - getConditionDescription Invalid condition id : UX DEVICE CLASS RTOS Condition cause : null
2025-06-02 17:21:34,441 [WARN] PackLoader:240 - Cannot read IP mode file for STMicroelectronics.X-CUBE-AZRTOS-WB.2.0.0
2025-06-02 17:21:34,442 [WARN] ConditionMgr:1044 - genDependencies : Invalid condition id : UX DEVICE CLASS RTOS Condition cause : null
2025-06-02 17:21:34,442 [WARN] ConditionMgr:1044 - genDependencies : Invalid condition id : UX DEVICE CLASS RTOS Condition cause : null
2025-06-02 17:21:34,443 [WARN] ConditionMgr:1044 - genDependencies : Invalid condition id : UX DEVICE CLASS RTOS Condition cause : null
2025-06-02 17:21:34,444 [WARN] ConditionMgr:1044 - genDependencies : Invalid condition id : UX DEVICE CLASS RTOS Condition cause : null
2025-06-02 17:21:34,444 [WARN] ConditionMgr:1044 - genDependencies : Invalid condition id : UX DEVICE CLASS RTOS Condition cause : null
2025-06-02 17:21:34,498 [WARN] PackLoader:240 - Cannot read IP mode file for STMicroelectronics.X-CUBE-GNSS1.7.0.1
2025-06-02 17:21:34,553 [WARN] PackLoader:240 - Cannot read IP mode file for STMicroelectronics.X-CUBE-TOUCHGFX.4.25.0
2025-06-02 17:21:34,581 [WARN] PackLoader:240 - Cannot read IP mode file for STMicroelectronics.FP-SNS-STBOX1.2.0.0
2025-06-02 17:21:34,624 [WARN] PackLoader:240 - Cannot read IP mode file for STMicroelectronics.X-CUBE-SUBG2.5.0.0
2025-06-02 17:21:34,658 [WARN] PackLoader:240 - Cannot read IP mode file for Cesanta.I-CUBE-Mongoose.7.13.0
2025-06-02 17:21:34,723 [WARN] PackLoader:240 - Cannot read IP mode file for STMicroelectronics.X-CUBE-AZRTOS-G4.2.0.0
2025-06-02 17:21:34,754 [WARN] PackLoader:240 - Cannot read IP mode file for wolfSSL.I-CUBE-wolfSSH.1.4.20
2025-06-02 17:21:34,783 [WARN] PackLoader:240 - Cannot read IP mode file for STMicroelectronics.X-CUBE-NFC7.2.0.0
2025-06-02 17:21:34,824 [WARN] PackLoader:240 - Cannot read IP mode file for STMicroelectronics.X-CUBE-IPS.3.1.0
2025-06-02 17:21:34,867 [WARN] PackLoader:240 - Cannot read IP mode file for STMicroelectronics.X-CUBE-ALS.1.0.2
2025-06-02 17:21:34,893 [WARN] PackLoader:240 - Cannot read IP mode file for portGmbH.I-Cube-SoM-uGOAL.1.1.0
2025-06-02 17:21:34,945 [WARN] PackLoader:240 - Cannot read IP mode file for STMicroelectronics.X-CUBE-AZRTOS-H7RS.1.0.0
2025-06-02 17:21:34,988 [WARN] PackLoader:240 - Cannot read IP mode file for STMicroelectronics.X-CUBE-TOF1.3.4.2
2025-06-02 17:21:35,037 [WARN] PackLoader:240 - Cannot read IP mode file for STMicroelectronics.X-CUBE-TOF1.3.4.3
2025-06-02 17:21:35,077 [INFO] ThirdParty:978 - Integrity check success = true
2025-06-02 17:21:35,077 [INFO] IntegrityCheckThread:100 - exiting critical section [integrity check]
2025-06-02 17:21:35,077 [INFO] IntegrityCheckThread:103 - End integrity checks thread
2025-06-02 17:21:35,616 [INFO] WebApp:463 - Apply proxy settings
2025-06-02 17:21:35,616 [INFO] WebApp:548 - Chromium requires no authentication
2025-06-02 17:21:35,635 [INFO] WebApp:491 - Direct internet connection detected
2025-06-02 17:21:35,686 [INFO] WebApp:894 - Register for checkConnection events
2025-06-02 17:21:35,687 [INFO] WebApp:463 - Apply proxy settings
2025-06-02 17:21:35,687 [INFO] WebApp:548 - Chromium requires no authentication
2025-06-02 17:21:35,688 [INFO] WebApp:491 - Direct internet connection detected
2025-06-02 17:21:36,077 [INFO] WebApp:191 - Connection restablished
2025-06-02 17:21:36,109 [INFO] WebApp:225 - Starting web application
2025-06-02 17:21:36,109 [INFO] WebApp:593 - Web application path used C:\ST\STM32CubeIDE_1.18.0\STM32CubeIDE\plugins\com.st.stm32cube.common.mx_6.14.0.202502271554\db\plugins\mcufinder\reactClient1\index.html
2025-06-02 17:21:36,319 [INFO] UserAuth:486 - Internet connection configuration mode: 1
2025-06-02 17:21:37,272 [ERROR] LogOutputStream:75 - [STDERR_REDIRECT] Jun 02, 2025 5:21:37 PM org.glassfish.grizzly.http.server.NetworkListener start
2025-06-02 17:21:37,274 [ERROR] LogOutputStream:75 - [STDERR_REDIRECT] INFO: Started listener bound to [localhost:16721]
2025-06-02 17:21:37,275 [ERROR] LogOutputStream:75 - [STDERR_REDIRECT] 
2025-06-02 17:21:37,278 [ERROR] LogOutputStream:75 - [STDERR_REDIRECT] Jun 02, 2025 5:21:37 PM org.glassfish.grizzly.http.server.HttpServer start
2025-06-02 17:21:37,279 [ERROR] LogOutputStream:75 - [STDERR_REDIRECT] INFO: [HttpServer] Started.
2025-06-02 17:21:37,280 [ERROR] LogOutputStream:75 - [STDERR_REDIRECT] 
