2025-05-10 17:40:23,943 [INFO] Activator:176 - 


2025-05-10 17:40:23,951 [INFO] Activator:177 - !SESSION log4j initialized
2025-05-10 17:40:32,768 [INFO] LogOutputStream:77 - [STDOUT_REDIRECT] 
2025-05-10 17:40:33,128 [INFO] LogOutputStream:77 - [STDOUT_REDIRECT] 
2025-05-10 17:40:38,923 [INFO] ApplicationProperties:184 - Using Application install path: C:\ST\STM32CubeIDE_1.18.0\STM32CubeIDE\plugins\com.st.stm32cube.common.mx_6.14.0.202502271554
2025-05-10 17:40:38,950 [INFO] DbMcusXml:78 - Set database path to: C:\ST\STM32CubeIDE_1.18.0\STM32CubeIDE\plugins\com.st.stm32cube.common.mx_6.14.0.202502271554\\db\/mcu/
2025-05-10 17:40:38,951 [INFO] ApiDb:274 - Set plugin database path to: C:\ST\STM32CubeIDE_1.18.0\STM32CubeIDE\plugins\com.st.stm32cube.common.mx_6.14.0.202502271554\\db\/plugins/boardmanager/
2025-05-10 17:40:38,951 [WARN] ApiDb:259 - Overriding images path with different value:  => C:\ST\STM32CubeIDE_1.18.0\STM32CubeIDE\plugins\com.st.stm32cube.common.mx_6.14.0.202502271554\\db\/plugins/mcufinder/images/
2025-05-10 17:40:38,972 [INFO] ApiDb:250 - Set database path to: C:\Users\pwlub\.stmcufinder\plugins\mcufinder//mcu/
2025-05-10 17:40:38,974 [INFO] DbMcusAds:125 - Set database path to: C:\Users\pwlub\.stmcufinder\plugins\mcufinder//mcu/
2025-05-10 17:40:38,977 [INFO] CrossReferenceDbSqlite:203 - Set database path to: C:\Users\pwlub\.stmcufinder\plugins\mcufinder//mcu/cs/
2025-05-10 17:40:39,156 [INFO] RulesReader:64 - Compatibility file has been processed (301 Rules)
2025-05-10 17:40:39,276 [INFO] DbMcusXml:78 - Set database path to: C:\ST\STM32CubeIDE_1.18.0\STM32CubeIDE\plugins\com.st.stm32cube.common.mx_6.14.0.202502271554\\db\/mcu/
2025-05-10 17:40:39,276 [INFO] ApiDb:274 - Set plugin database path to: C:\ST\STM32CubeIDE_1.18.0\STM32CubeIDE\plugins\com.st.stm32cube.common.mx_6.14.0.202502271554\\db\/plugins/boardmanager/
2025-05-10 17:40:39,276 [INFO] ApiDb:261 - Set plugin images path to: C:\ST\STM32CubeIDE_1.18.0\STM32CubeIDE\plugins\com.st.stm32cube.common.mx_6.14.0.202502271554\\db\/plugins/mcufinder/images/
2025-05-10 17:40:39,277 [WARN] DbFile:41 - Overriding database path with different value: C:\Users\pwlub\.stmcufinder\plugins\mcufinder/ => C:\Users\pwlub\.stmcufinder\plugins\mcufinder
2025-05-10 17:40:39,277 [INFO] ApiDb:250 - Set database path to: C:\Users\pwlub\.stmcufinder\plugins\mcufinder//mcu/
2025-05-10 17:40:39,277 [WARN] DbFile:41 - Overriding database path with different value: C:\Users\pwlub\.stmcufinder\plugins\mcufinder/ => C:\Users\pwlub\.stmcufinder\plugins\mcufinder
2025-05-10 17:40:39,277 [INFO] DbMcusAds:125 - Set database path to: C:\Users\pwlub\.stmcufinder\plugins\mcufinder//mcu/
2025-05-10 17:40:39,277 [WARN] DbFile:41 - Overriding database path with different value: C:\Users\pwlub\.stmcufinder\plugins\mcufinder/ => C:\Users\pwlub\.stmcufinder\plugins\mcufinder
2025-05-10 17:40:39,278 [WARN] DbFile:41 - Overriding database path with different value: C:\Users\pwlub\.stmcufinder\plugins\mcufinder/ => C:\Users\pwlub\.stmcufinder\plugins\mcufinder
2025-05-10 17:40:39,278 [INFO] CrossReferenceDbSqlite:203 - Set database path to: C:\Users\pwlub\.stmcufinder\plugins\mcufinder//mcu/cs/
2025-05-10 17:40:39,398 [INFO] MainPanel:272 - HeapMemory: 272629760
2025-05-10 17:40:39,556 [INFO] DbMcusXml:78 - Set database path to: C:\ST\STM32CubeIDE_1.18.0\STM32CubeIDE\plugins\com.st.stm32cube.common.mx_6.14.0.202502271554\\db\/mcu/
2025-05-10 17:40:39,557 [INFO] ApiDb:274 - Set plugin database path to: C:\ST\STM32CubeIDE_1.18.0\STM32CubeIDE\plugins\com.st.stm32cube.common.mx_6.14.0.202502271554\\db\/plugins/boardmanager/
2025-05-10 17:40:39,557 [INFO] ApiDb:261 - Set plugin images path to: C:\ST\STM32CubeIDE_1.18.0\STM32CubeIDE\plugins\com.st.stm32cube.common.mx_6.14.0.202502271554\\db\/plugins/mcufinder/images/
2025-05-10 17:40:39,557 [WARN] DbFile:41 - Overriding database path with different value: C:\Users\pwlub\.stmcufinder\plugins\mcufinder/ => C:\Users\pwlub\.stmcufinder\plugins\mcufinder
2025-05-10 17:40:39,557 [INFO] ApiDb:250 - Set database path to: C:\Users\pwlub\.stmcufinder\plugins\mcufinder//mcu/
2025-05-10 17:40:39,557 [WARN] DbFile:41 - Overriding database path with different value: C:\Users\pwlub\.stmcufinder\plugins\mcufinder/ => C:\Users\pwlub\.stmcufinder\plugins\mcufinder
2025-05-10 17:40:39,557 [INFO] DbMcusAds:125 - Set database path to: C:\Users\pwlub\.stmcufinder\plugins\mcufinder//mcu/
2025-05-10 17:40:39,557 [WARN] DbFile:41 - Overriding database path with different value: C:\Users\pwlub\.stmcufinder\plugins\mcufinder/ => C:\Users\pwlub\.stmcufinder\plugins\mcufinder
2025-05-10 17:40:39,558 [WARN] DbFile:41 - Overriding database path with different value: C:\Users\pwlub\.stmcufinder\plugins\mcufinder/ => C:\Users\pwlub\.stmcufinder\plugins\mcufinder
2025-05-10 17:40:39,558 [INFO] CrossReferenceDbSqlite:203 - Set database path to: C:\Users\pwlub\.stmcufinder\plugins\mcufinder//mcu/cs/
2025-05-10 17:40:39,583 [INFO] ApplicationProperties:184 - Using Application install path: C:\ST\STM32CubeIDE_1.18.0\STM32CubeIDE\plugins\com.st.stm32cube.common.mx_6.14.0.202502271554
2025-05-10 17:40:39,584 [INFO] PluginManage:196 - Search for loadable plugins [exclusion list=, ]
2025-05-10 17:40:39,587 [INFO] PluginManage:310 - Check plugin analytics
2025-05-10 17:40:44,453 [INFO] AnalyticsPlugin:253 - Accepted Software Licenses: STM32CubeMX.6.14.0
2025-05-10 17:40:44,453 [INFO] AnalyticsPlugin:255 - Accepted CMSIS Pack Licenses: 
2025-05-10 17:40:44,454 [INFO] AnalyticsPlugin:257 - Accepted Firmware Licenses: FW.G4.1.5.0,FW.G4.1.6.0
2025-05-10 17:40:44,460 [INFO] PluginManage:359 - Loaded plugin analytics (category:tool,tabindex:-1)
2025-05-10 17:40:44,461 [INFO] PluginManage:310 - Check plugin cadmodel
2025-05-10 17:40:44,474 [INFO] CADModel:105 - Init CAD model plugin
2025-05-10 17:40:44,474 [INFO] PluginManage:359 - Loaded plugin cadmodel (category:power,tabindex:5)
2025-05-10 17:40:44,474 [INFO] PluginManage:310 - Check plugin clock
2025-05-10 17:40:44,490 [INFO] PluginManage:359 - Loaded plugin clock (category:base,tabindex:2)
2025-05-10 17:40:44,490 [INFO] PluginManage:310 - Check plugin ddr
2025-05-10 17:40:44,494 [INFO] PluginManage:359 - Loaded plugin ddr (category:tool,tabindex:6)
2025-05-10 17:40:44,495 [INFO] PluginManage:310 - Check plugin filemanager
2025-05-10 17:40:44,700 [INFO] PluginManage:359 - Loaded plugin filemanager (category:base,tabindex:10)
2025-05-10 17:40:44,700 [INFO] PluginManage:310 - Check plugin ipmanager
2025-05-10 17:40:44,709 [INFO] PluginManage:359 - Loaded plugin ipmanager (category:base,tabindex:5)
2025-05-10 17:40:44,709 [INFO] PluginManage:310 - Check plugin lpbam
2025-05-10 17:40:44,722 [INFO] PluginManage:359 - Loaded plugin lpbam (category:base,tabindex:0)
2025-05-10 17:40:44,722 [INFO] PluginManage:310 - Check plugin memorymap
2025-05-10 17:40:44,742 [INFO] PluginManage:359 - Loaded plugin memorymap (category:base,tabindex:4)
2025-05-10 17:40:44,742 [INFO] PluginManage:310 - Check plugin pinoutandconfiguration
2025-05-10 17:40:44,756 [INFO] PluginManage:359 - Loaded plugin pinoutandconfiguration (category:base,tabindex:1)
2025-05-10 17:40:44,756 [INFO] PluginManage:310 - Check plugin pinoutconfig
2025-05-10 17:40:44,901 [WARN] SupportedApi:132 - Cannot load RTOS API schema: s4s-elt-must-match.1: The content of 'definitions' must match (annotation?, (simpleType | complexType)?, (unique | key | keyref)*)). A problem was found starting at: attribute.
2025-05-10 17:40:45,134 [INFO] PluginManage:359 - Loaded plugin pinoutconfig (category:base,tabindex:0)
2025-05-10 17:40:45,135 [INFO] PluginManage:310 - Check plugin power
2025-05-10 17:40:45,154 [INFO] PluginManage:359 - Loaded plugin power (category:power,tabindex:4)
2025-05-10 17:40:45,154 [INFO] PluginManage:310 - Check plugin projectmanager
2025-05-10 17:40:45,180 [INFO] PluginManage:359 - Loaded plugin projectmanager (category:projectmanager,tabindex:4)
2025-05-10 17:40:45,181 [INFO] PluginManage:310 - Check plugin rif
2025-05-10 17:40:45,198 [INFO] PluginManage:359 - Loaded plugin rif (category:base,tabindex:3)
2025-05-10 17:40:45,198 [INFO] PluginManage:310 - Check plugin thirdparty
2025-05-10 17:40:45,485 [INFO] PluginManage:359 - Loaded plugin thirdparty (category:base,tabindex:-1)
2025-05-10 17:40:45,485 [INFO] PluginManage:310 - Check plugin tools
2025-05-10 17:40:45,485 [WARN] IntegrityCheckThread:84 - waiting for thirdparty lock release [integrity check]
2025-05-10 17:40:45,486 [INFO] IntegrityCheckThread:86 - entering critical section [integrity check]
2025-05-10 17:40:45,487 [INFO] ThirdPartyUpdaterWithRetryManager:70 - Updater plugin not ready yet. [1/15]
2025-05-10 17:40:45,490 [INFO] PluginManage:359 - Loaded plugin tools (category:base,tabindex:7)
2025-05-10 17:40:45,491 [INFO] PluginManage:310 - Check plugin tutovideos
2025-05-10 17:40:45,757 [INFO] PluginManage:359 - Loaded plugin tutovideos (category:base,tabindex:-1)
2025-05-10 17:40:45,757 [INFO] PluginManage:310 - Check plugin updater
2025-05-10 17:40:45,811 [INFO] PluginManage:359 - Loaded plugin updater (category:base,tabindex:12)
2025-05-10 17:40:45,811 [INFO] PluginManage:310 - Check plugin userauth
2025-05-10 17:40:45,819 [INFO] UserAuth:118 - Init User Auth plugin
2025-05-10 17:40:45,821 [INFO] PluginManage:359 - Loaded plugin userauth (category:base,tabindex:14)
2025-05-10 17:40:45,822 [INFO] PluginManage:283 - PluginManage : Loaded plugins [18]
2025-05-10 17:40:46,158 [INFO] PinOutPanel:1589 - setPackage(No Configuration,No Configuration)
2025-05-10 17:40:46,302 [INFO] CADModel:165 - CPN selected for project level
2025-05-10 17:40:46,302 [INFO] CADModel:114 - Register for checkConnection events
2025-05-10 17:40:46,335 [INFO] IPUIPlugin:80 - create IPUIPlugin
2025-05-10 17:40:46,335 [INFO] PluginManager:220 - loadIPPluginJar : add adc
2025-05-10 17:40:46,341 [INFO] IPUIPlugin:80 - create IPUIPlugin
2025-05-10 17:40:46,342 [INFO] PluginManager:220 - loadIPPluginJar : add aes
2025-05-10 17:40:46,348 [INFO] IPUIPlugin:80 - create IPUIPlugin
2025-05-10 17:40:46,348 [INFO] PluginManager:220 - loadIPPluginJar : add can
2025-05-10 17:40:46,352 [INFO] IPUIPlugin:80 - create IPUIPlugin
2025-05-10 17:40:46,352 [INFO] PluginManager:220 - loadIPPluginJar : add comp
2025-05-10 17:40:46,357 [INFO] IPUIPlugin:80 - create IPUIPlugin
2025-05-10 17:40:46,358 [INFO] PluginManager:220 - loadIPPluginJar : add cryp
2025-05-10 17:40:46,365 [INFO] IPUIPlugin:80 - create IPUIPlugin
2025-05-10 17:40:46,365 [INFO] PluginManager:220 - loadIPPluginJar : add ddr_ctrl_phy
2025-05-10 17:40:46,371 [INFO] IPUIPlugin:80 - create IPUIPlugin
2025-05-10 17:40:46,371 [INFO] PluginManager:220 - loadIPPluginJar : add dfsdm
2025-05-10 17:40:46,381 [INFO] IPUIPlugin:80 - create IPUIPlugin
2025-05-10 17:40:46,382 [INFO] PluginManager:220 - loadIPPluginJar : add dma
2025-05-10 17:40:46,388 [INFO] IPUIPlugin:80 - create IPUIPlugin
2025-05-10 17:40:46,388 [INFO] PluginManager:220 - loadIPPluginJar : add dma3
2025-05-10 17:40:46,393 [INFO] IPUIPlugin:80 - create IPUIPlugin
2025-05-10 17:40:46,393 [INFO] PluginManager:220 - loadIPPluginJar : add extmemmanager
2025-05-10 17:40:46,396 [INFO] IPUIPlugin:80 - create IPUIPlugin
2025-05-10 17:40:46,396 [INFO] PluginManager:220 - loadIPPluginJar : add fatfs
2025-05-10 17:40:46,403 [INFO] IPUIPlugin:80 - create IPUIPlugin
2025-05-10 17:40:46,403 [INFO] PluginManager:220 - loadIPPluginJar : add fmc
2025-05-10 17:40:46,411 [INFO] IPUIPlugin:80 - create IPUIPlugin
2025-05-10 17:40:46,411 [INFO] PluginManager:220 - loadIPPluginJar : add freertos
2025-05-10 17:40:46,414 [INFO] IPUIPlugin:80 - create IPUIPlugin
2025-05-10 17:40:46,414 [INFO] PluginManager:220 - loadIPPluginJar : add genericplugin
2025-05-10 17:40:46,419 [INFO] IPUIPlugin:80 - create IPUIPlugin
2025-05-10 17:40:46,419 [INFO] PluginManager:220 - loadIPPluginJar : add gfxmmu
2025-05-10 17:40:46,425 [INFO] IPUIPlugin:80 - create IPUIPlugin
2025-05-10 17:40:46,426 [INFO] PluginManager:220 - loadIPPluginJar : add gic
2025-05-10 17:40:46,431 [INFO] IPUIPlugin:80 - create IPUIPlugin
2025-05-10 17:40:46,432 [INFO] PluginManager:220 - loadIPPluginJar : add gpio
2025-05-10 17:40:46,436 [INFO] IPUIPlugin:80 - create IPUIPlugin
2025-05-10 17:40:46,436 [INFO] PluginManager:220 - loadIPPluginJar : add gtzc
2025-05-10 17:40:46,441 [INFO] IPUIPlugin:80 - create IPUIPlugin
2025-05-10 17:40:46,441 [INFO] PluginManager:220 - loadIPPluginJar : add hash
2025-05-10 17:40:46,447 [INFO] IPUIPlugin:80 - create IPUIPlugin
2025-05-10 17:40:46,447 [INFO] PluginManager:220 - loadIPPluginJar : add i2c
2025-05-10 17:40:46,452 [INFO] IPUIPlugin:80 - create IPUIPlugin
2025-05-10 17:40:46,453 [INFO] PluginManager:220 - loadIPPluginJar : add i2s
2025-05-10 17:40:46,458 [INFO] IPUIPlugin:80 - create IPUIPlugin
2025-05-10 17:40:46,458 [INFO] PluginManager:220 - loadIPPluginJar : add i3c
2025-05-10 17:40:46,463 [INFO] IPUIPlugin:80 - create IPUIPlugin
2025-05-10 17:40:46,464 [INFO] PluginManager:220 - loadIPPluginJar : add ipddr
2025-05-10 17:40:46,474 [INFO] IPUIPlugin:80 - create IPUIPlugin
2025-05-10 17:40:46,475 [INFO] PluginManager:220 - loadIPPluginJar : add linkedlist
2025-05-10 17:40:46,479 [INFO] IPUIPlugin:80 - create IPUIPlugin
2025-05-10 17:40:46,480 [INFO] PluginManager:220 - loadIPPluginJar : add lorawan
2025-05-10 17:40:46,483 [INFO] IPUIPlugin:80 - create IPUIPlugin
2025-05-10 17:40:46,483 [INFO] PluginManager:220 - loadIPPluginJar : add ltdc
2025-05-10 17:40:46,491 [INFO] IPUIPlugin:80 - create IPUIPlugin
2025-05-10 17:40:46,491 [INFO] PluginManager:220 - loadIPPluginJar : add mdma
2025-05-10 17:40:46,498 [INFO] IPUIPlugin:80 - create IPUIPlugin
2025-05-10 17:40:46,499 [INFO] PluginManager:220 - loadIPPluginJar : add nvic
2025-05-10 17:40:46,504 [INFO] IPUIPlugin:80 - create IPUIPlugin
2025-05-10 17:40:46,504 [INFO] PluginManager:220 - loadIPPluginJar : add opamp
2025-05-10 17:40:46,511 [INFO] IPUIPlugin:80 - create IPUIPlugin
2025-05-10 17:40:46,512 [INFO] PluginManager:220 - loadIPPluginJar : add openamp
2025-05-10 17:40:46,519 [INFO] IPUIPlugin:80 - create IPUIPlugin
2025-05-10 17:40:46,519 [INFO] PluginManager:220 - loadIPPluginJar : add pdm2pcm
2025-05-10 17:40:46,531 [INFO] IPUIPlugin:80 - create IPUIPlugin
2025-05-10 17:40:46,534 [INFO] PluginManager:220 - loadIPPluginJar : add plateformsettings
2025-05-10 17:40:46,538 [INFO] IPUIPlugin:80 - create IPUIPlugin
2025-05-10 17:40:46,538 [INFO] PluginManager:220 - loadIPPluginJar : add quadspi
2025-05-10 17:40:46,542 [INFO] IPUIPlugin:80 - create IPUIPlugin
2025-05-10 17:40:46,544 [INFO] PluginManager:220 - loadIPPluginJar : add radio
2025-05-10 17:40:46,552 [INFO] IPUIPlugin:80 - create IPUIPlugin
2025-05-10 17:40:46,552 [INFO] PluginManager:220 - loadIPPluginJar : add resmgrutility
2025-05-10 17:40:46,559 [INFO] IPUIPlugin:80 - create IPUIPlugin
2025-05-10 17:40:46,559 [INFO] PluginManager:220 - loadIPPluginJar : add sai
2025-05-10 17:40:46,565 [INFO] IPUIPlugin:80 - create IPUIPlugin
2025-05-10 17:40:46,565 [INFO] PluginManager:220 - loadIPPluginJar : add spi
2025-05-10 17:40:46,576 [INFO] IPUIPlugin:80 - create IPUIPlugin
2025-05-10 17:40:46,576 [INFO] PluginManager:220 - loadIPPluginJar : add stm32_wpan
2025-05-10 17:40:46,581 [INFO] IPUIPlugin:80 - create IPUIPlugin
2025-05-10 17:40:46,581 [INFO] PluginManager:220 - loadIPPluginJar : add tim
2025-05-10 17:40:46,586 [INFO] IPUIPlugin:80 - create IPUIPlugin
2025-05-10 17:40:46,587 [INFO] PluginManager:220 - loadIPPluginJar : add touchsensing
2025-05-10 17:40:46,591 [INFO] IPUIPlugin:80 - create IPUIPlugin
2025-05-10 17:40:46,591 [INFO] PluginManager:220 - loadIPPluginJar : add tracer_emb
2025-05-10 17:40:46,595 [INFO] IPUIPlugin:80 - create IPUIPlugin
2025-05-10 17:40:46,596 [INFO] PluginManager:220 - loadIPPluginJar : add ts
2025-05-10 17:40:46,600 [INFO] IPUIPlugin:80 - create IPUIPlugin
2025-05-10 17:40:46,600 [INFO] PluginManager:220 - loadIPPluginJar : add tsc
2025-05-10 17:40:46,603 [INFO] IPUIPlugin:80 - create IPUIPlugin
2025-05-10 17:40:46,603 [INFO] PluginManager:220 - loadIPPluginJar : add ucpd
2025-05-10 17:40:46,611 [INFO] IPUIPlugin:80 - create IPUIPlugin
2025-05-10 17:40:46,611 [INFO] PluginManager:220 - loadIPPluginJar : add usart
2025-05-10 17:40:46,616 [INFO] IPUIPlugin:80 - create IPUIPlugin
2025-05-10 17:40:46,616 [INFO] PluginManager:220 - loadIPPluginJar : add usbx
2025-05-10 17:40:46,791 [FATAL] Updater:351 - Updater called before beeing initialized
2025-05-10 17:40:46,866 [INFO] RulesReader:64 - Compatibility file has been processed (301 Rules)
2025-05-10 17:40:46,886 [INFO] RulesReader:64 - Compatibility file has been processed (301 Rules)
2025-05-10 17:40:46,900 [INFO] CADModel:165 - CPN selected for project level
2025-05-10 17:40:46,901 [INFO] CADModel:114 - Register for checkConnection events
2025-05-10 17:40:46,901 [FATAL] Updater:351 - Updater called before beeing initialized
2025-05-10 17:40:46,901 [ERROR] CADModel:125 - Updater not yet initialized, retry later 
2025-05-10 17:40:47,097 [FATAL] Updater:351 - Updater called before beeing initialized
2025-05-10 17:40:47,100 [INFO] CADModel:165 - CPN selected for project level
2025-05-10 17:40:47,100 [INFO] CADModel:114 - Register for checkConnection events
2025-05-10 17:40:47,100 [FATAL] Updater:351 - Updater called before beeing initialized
2025-05-10 17:40:47,100 [ERROR] CADModel:125 - Updater not yet initialized, retry later 
2025-05-10 17:40:47,104 [FATAL] Updater:351 - Updater called before beeing initialized
2025-05-10 17:40:47,284 [FATAL] Updater:351 - Updater called before beeing initialized
2025-05-10 17:40:47,300 [INFO] DbMcusAds:53 - JSON generation date=Thu Mar 06 15:54:21 CET 2025 (1741272861825)
2025-05-10 17:40:47,300 [FATAL] Updater:351 - Updater called before beeing initialized
2025-05-10 17:40:47,355 [WARN] DetailPanel:346 - Failed to get advertising image, set to default
2025-05-10 17:40:47,678 [FATAL] Updater:351 - Updater called before beeing initialized
2025-05-10 17:40:47,680 [FATAL] Updater:351 - Updater called before beeing initialized
2025-05-10 17:40:47,680 [FATAL] Updater:351 - Updater called before beeing initialized
2025-05-10 17:40:47,680 [WARN] DetailPanel:346 - Failed to get advertising image, set to default
2025-05-10 17:40:47,682 [FATAL] Updater:351 - Updater called before beeing initialized
2025-05-10 17:40:47,758 [ERROR] Updater:1198 - MainUpdater not yet initialized. External WinMGr cannot be set.
2025-05-10 17:40:47,762 [INFO] Updater:1134 - Updater Version found : 6.14.0
2025-05-10 17:40:47,790 [INFO] ApplicationProperties:184 - Using Application install path: C:\ST\STM32CubeIDE_1.18.0\STM32CubeIDE\plugins\com.st.stm32cube.common.mx_6.14.0.202502271554
2025-05-10 17:40:48,488 [INFO] ThirdPartyUpdaterWithRetryManager:70 - Updater plugin not ready yet. [2/15]
2025-05-10 17:40:49,397 [ERROR] LogOutputStream:75 - [STDERR_REDIRECT] May 10, 2025 5:40:49 PM java.util.prefs.WindowsPreferences <init>
2025-05-10 17:40:49,404 [ERROR] LogOutputStream:75 - [STDERR_REDIRECT] WARNING: Could not open/create prefs root node Software\JavaSoft\Prefs at root 0xffffffff80000002. Windows RegCreateKeyEx(...) returned error code 5.
2025-05-10 17:40:49,405 [ERROR] LogOutputStream:75 - [STDERR_REDIRECT] 
2025-05-10 17:40:50,244 [INFO] MainUpdater:2872 - connection check result : 10
2025-05-10 17:40:50,246 [INFO] MainUpdater:289 - Updater Check For Update Now.
2025-05-10 17:40:50,246 [INFO] MicroXplorer:498 - Change Database Version : DB.6.0.140
2025-05-10 17:40:50,265 [INFO] McuFinderGlobals:63 - Set McuFinder mode to 2 (CubeIDE integrated)
2025-05-10 17:40:50,280 [INFO] UserAuth:486 - Internet connection configuration mode: 1
2025-05-10 17:40:50,377 [INFO] JxBrowserEngine:152 - Initiate JxBrowser Engine with user profile folder
2025-05-10 17:40:50,654 [INFO] CheckServerUpdateThread:120 - End of CheckServer Thread
2025-05-10 17:40:52,389 [WARN] PackLoader:240 - Cannot read IP mode file for STMicroelectronics.FP-SNS-MOTENVWB1.1.4.0
2025-05-10 17:40:52,426 [WARN] PackLoader:240 - Cannot read IP mode file for STMicroelectronics.FP-ATR-ASTRA1.2.0.2
2025-05-10 17:40:52,510 [WARN] PackLoader:240 - Cannot read IP mode file for STMicroelectronics.X-CUBE-SMBUS.2.1.0
2025-05-10 17:40:52,572 [WARN] PackLoader:240 - Cannot read IP mode file for STMicroelectronics.X-CUBE-WB05N.1.1.0
2025-05-10 17:40:52,759 [WARN] PackLoader:240 - Cannot read IP mode file for STMicroelectronics.X-CUBE-AZRTOS-F7.1.1.0
2025-05-10 17:40:52,921 [WARN] PackLoader:240 - Cannot read IP mode file for Infineon.AIROC-Wi-Fi-Bluetooth-STM32.1.7.0
2025-05-10 17:40:52,974 [WARN] PackLoader:240 - Cannot read IP mode file for STMicroelectronics.X-CUBE-DISPLAY.3.0.0
2025-05-10 17:40:53,025 [WARN] PackLoader:240 - Cannot read IP mode file for STMicroelectronics.X-CUBE-NFC10.1.0.0
2025-05-10 17:40:53,098 [WARN] PackLoader:240 - Cannot read IP mode file for STMicroelectronics.X-CUBE-BLEMGR.4.0.0
2025-05-10 17:40:53,172 [WARN] PackLoader:240 - Cannot read IP mode file for emotas.I-CUBE-CANOPEN.1.3.0
2025-05-10 17:40:53,234 [WARN] ConditionMgr:438 - getConditionDescription Invalid condition id : Cortex-A Device cause : null
2025-05-10 17:40:53,284 [WARN] ConditionMgr:1044 - genDependencies : Invalid condition id : Cortex-A Device cause : null
2025-05-10 17:40:53,284 [WARN] ConditionMgr:1044 - genDependencies : Invalid condition id : Cortex-A Device cause : null
2025-05-10 17:40:53,284 [WARN] ConditionMgr:1044 - genDependencies : Invalid condition id : Cortex-A Device cause : null
2025-05-10 17:40:53,314 [WARN] PackLoader:240 - Cannot read IP mode file for STMicroelectronics.X-CUBE-AI.10.0.0
2025-05-10 17:40:53,350 [WARN] PackLoader:240 - Cannot read IP mode file for STMicroelectronics.FP-SNS-SMARTAG2.1.2.0
2025-05-10 17:40:53,380 [WARN] PackLoader:240 - Cannot read IP mode file for STMicroelectronics.FP-SNS-FLIGHT1.5.1.0
2025-05-10 17:40:53,595 [WARN] PackLoader:240 - Cannot read IP mode file for STMicroelectronics.X-CUBE-MEMS1.11.1.0
2025-05-10 17:40:53,958 [INFO] LogOutputStream:77 - [STDOUT_REDIRECT] 1 : Invalid condition id : UX_CORESTACK_Condition cause : null
2025-05-10 17:40:53,959 [INFO] LogOutputStream:77 - [STDOUT_REDIRECT] 1 : Invalid condition id : UX_CORESTACK_Condition cause : null
2025-05-10 17:40:53,962 [INFO] LogOutputStream:77 - [STDOUT_REDIRECT] 1 : Invalid condition id : UX_CORESTACK_Condition cause : null
2025-05-10 17:40:53,964 [INFO] LogOutputStream:77 - [STDOUT_REDIRECT] 1 : Invalid condition id : UX_CORESTACK_Condition cause : null
2025-05-10 17:40:53,965 [INFO] LogOutputStream:77 - [STDOUT_REDIRECT] 1 : Invalid condition id : UX_CORESTACK_Condition cause : null
2025-05-10 17:40:53,974 [WARN] PackLoader:240 - Cannot read IP mode file for STMicroelectronics.X-CUBE-AZRTOS-WL.2.0.0
2025-05-10 17:40:54,006 [WARN] PackLoader:240 - Cannot read IP mode file for STMicroelectronics.FP-SNS-MOTENV1.5.0.0
2025-05-10 17:40:54,041 [WARN] PackLoader:240 - Cannot read IP mode file for WES.I-CUBE-Cesium.1.3.0
2025-05-10 17:40:54,068 [WARN] PackLoader:240 - Cannot read IP mode file for STMicroelectronics.X-CUBE-BLE2.3.3.0
2025-05-10 17:40:54,124 [WARN] PackLoader:240 - Cannot read IP mode file for STMicroelectronics.X-CUBE-NFC9.1.0.0
2025-05-10 17:40:54,166 [WARN] PackLoader:240 - Cannot read IP mode file for STMicroelectronics.X-CUBE-BLE1.7.1.0
2025-05-10 17:40:54,302 [WARN] PackLoader:240 - Cannot read IP mode file for STMicroelectronics.X-CUBE-MEMS1.11.2.0
2025-05-10 17:40:54,707 [WARN] PackLoader:240 - Cannot read IP mode file for STMicroelectronics.X-CUBE-AZRTOS-G0.1.1.0
2025-05-10 17:40:54,739 [WARN] PackLoader:240 - Cannot read IP mode file for STMicroelectronics.X-CUBE-SAFEA1.1.2.2
2025-05-10 17:40:54,767 [WARN] PackLoader:240 - Cannot read IP mode file for STMicroelectronics.X-CUBE-NFC4.3.0.0
2025-05-10 17:40:54,802 [INFO] WebApp:169 - Instantiating new browser for Auth
2025-05-10 17:40:54,858 [WARN] PackLoader:240 - Cannot read IP mode file for EmbeddedOffice.I-CUBE-FS-RTOS.1.0.1
2025-05-10 17:40:54,895 [WARN] PackLoader:240 - Cannot read IP mode file for STMicroelectronics.X-CUBE-WB05N.2.0.0
2025-05-10 17:40:54,922 [WARN] PackLoader:240 - Cannot read IP mode file for wolfSSL.I-CUBE-wolfTPM.3.8.0
2025-05-10 17:40:54,949 [WARN] PackLoader:240 - Cannot read IP mode file for STMicroelectronics.X-CUBE-TCPP.4.2.0
2025-05-10 17:40:54,979 [WARN] PackLoader:240 - Cannot read IP mode file for RealThread.X-CUBE-RT-Thread_Nano.4.1.1
2025-05-10 17:40:55,009 [WARN] PackLoader:240 - Cannot read IP mode file for STMicroelectronics.FP-ATR-SIGFOX1.3.2.0
2025-05-10 17:40:55,037 [WARN] PackLoader:240 - Cannot read IP mode file for STMicroelectronics.X-CUBE-EEPRMA1.5.1.0
2025-05-10 17:40:55,069 [WARN] PackLoader:240 - Cannot read IP mode file for ITTIA_DB.I-CUBE-ITTIADB.8.9.0
2025-05-10 17:40:55,138 [WARN] PackLoader:240 - Cannot read IP mode file for SEGGER.I-CUBE-embOS.1.3.1
2025-05-10 17:40:55,229 [WARN] PackLoader:240 - Cannot read IP mode file for STMicroelectronics.X-CUBE-ALGOBUILD.1.4.0
2025-05-10 17:40:55,389 [WARN] PackLoader:240 - Cannot read IP mode file for STMicroelectronics.X-CUBE-AZRTOS-F4.1.1.0
2025-05-10 17:40:55,452 [WARN] PackLoader:240 - Cannot read IP mode file for Avnet-IotConnect.X-CUBE-IoTC-DA16k-PMOD.1.0.0
2025-05-10 17:40:55,479 [WARN] PackLoader:240 - Cannot read IP mode file for STMicroelectronics.X-CUBE-ISPU.2.1.0
2025-05-10 17:40:55,537 [WARN] PackLoader:240 - Cannot read IP mode file for STMicroelectronics.X-CUBE-AZRTOS-L5.2.0.0
2025-05-10 17:40:55,571 [WARN] PackLoader:240 - Cannot read IP mode file for STMicroelectronics.X-CUBE-NFC6.3.1.0
2025-05-10 17:40:55,603 [WARN] PackLoader:240 - Cannot read IP mode file for STMicroelectronics.X-CUBE-DPower.1.2.0
2025-05-10 17:40:55,630 [WARN] PackLoader:240 - Cannot read IP mode file for STMicroelectronics.X-CUBE-FREERTOS.1.3.0
2025-05-10 17:40:55,658 [WARN] PackLoader:240 - Cannot read IP mode file for STMicroelectronics.X-CUBE-NFC7.1.0.1
2025-05-10 17:40:55,737 [WARN] ConditionMgr:438 - getConditionDescription Invalid condition id : LAN8742 Phy interface Condition cause : null
2025-05-10 17:40:55,738 [WARN] PackLoader:240 - Cannot read IP mode file for STMicroelectronics.X-CUBE-AZRTOS-L4.2.0.0
2025-05-10 17:40:55,750 [WARN] ConditionMgr:1044 - genDependencies : Invalid condition id : LAN8742 Phy interface Condition cause : null
2025-05-10 17:40:55,754 [WARN] ConditionMgr:1044 - genDependencies : Invalid condition id : LAN8742 Phy interface Condition cause : null
2025-05-10 17:40:55,755 [WARN] ConditionMgr:1044 - genDependencies : Invalid condition id : LAN8742 Phy interface Condition cause : null
2025-05-10 17:40:55,786 [WARN] PackLoader:240 - Cannot read IP mode file for STMicroelectronics.X-CUBE-SFXS2LP1.4.0.0
2025-05-10 17:40:55,879 [WARN] PackLoader:240 - Cannot read IP mode file for STMicroelectronics.X-CUBE-AZRTOS-H7.3.3.0
2025-05-10 17:40:55,932 [WARN] ConditionMgr:438 - getConditionDescription Invalid condition id : UX DEVICE CLASS RTOS Condition cause : null
2025-05-10 17:40:55,933 [WARN] ConditionMgr:438 - getConditionDescription Invalid condition id : UX DEVICE CLASS RTOS Condition cause : null
2025-05-10 17:40:55,937 [WARN] PackLoader:240 - Cannot read IP mode file for STMicroelectronics.X-CUBE-AZRTOS-WB.2.0.0
2025-05-10 17:40:55,938 [WARN] ConditionMgr:1044 - genDependencies : Invalid condition id : UX DEVICE CLASS RTOS Condition cause : null
2025-05-10 17:40:55,938 [WARN] ConditionMgr:1044 - genDependencies : Invalid condition id : UX DEVICE CLASS RTOS Condition cause : null
2025-05-10 17:40:55,938 [WARN] ConditionMgr:1044 - genDependencies : Invalid condition id : UX DEVICE CLASS RTOS Condition cause : null
2025-05-10 17:40:55,939 [WARN] ConditionMgr:1044 - genDependencies : Invalid condition id : UX DEVICE CLASS RTOS Condition cause : null
2025-05-10 17:40:55,939 [WARN] ConditionMgr:1044 - genDependencies : Invalid condition id : UX DEVICE CLASS RTOS Condition cause : null
2025-05-10 17:40:55,968 [WARN] PackLoader:240 - Cannot read IP mode file for STMicroelectronics.X-CUBE-GNSS1.7.0.1
2025-05-10 17:40:56,138 [WARN] PackLoader:240 - Cannot read IP mode file for STMicroelectronics.X-CUBE-TOUCHGFX.4.25.0
2025-05-10 17:40:56,170 [WARN] PackLoader:240 - Cannot read IP mode file for STMicroelectronics.FP-SNS-STBOX1.2.0.0
2025-05-10 17:40:56,231 [WARN] PackLoader:240 - Cannot read IP mode file for STMicroelectronics.X-CUBE-SUBG2.5.0.0
2025-05-10 17:40:56,271 [WARN] PackLoader:240 - Cannot read IP mode file for Cesanta.I-CUBE-Mongoose.7.13.0
2025-05-10 17:40:56,331 [WARN] PackLoader:240 - Cannot read IP mode file for STMicroelectronics.X-CUBE-AZRTOS-G4.2.0.0
2025-05-10 17:40:56,359 [WARN] PackLoader:240 - Cannot read IP mode file for wolfSSL.I-CUBE-wolfSSH.1.4.20
2025-05-10 17:40:56,385 [WARN] PackLoader:240 - Cannot read IP mode file for STMicroelectronics.X-CUBE-NFC7.2.0.0
2025-05-10 17:40:56,424 [WARN] PackLoader:240 - Cannot read IP mode file for STMicroelectronics.X-CUBE-IPS.3.1.0
2025-05-10 17:40:56,466 [WARN] PackLoader:240 - Cannot read IP mode file for STMicroelectronics.X-CUBE-ALS.1.0.2
2025-05-10 17:40:56,509 [WARN] PackLoader:240 - Cannot read IP mode file for portGmbH.I-Cube-SoM-uGOAL.1.1.0
2025-05-10 17:40:56,570 [WARN] PackLoader:240 - Cannot read IP mode file for STMicroelectronics.X-CUBE-AZRTOS-H7RS.1.0.0
2025-05-10 17:40:56,620 [WARN] PackLoader:240 - Cannot read IP mode file for STMicroelectronics.X-CUBE-TOF1.3.4.2
2025-05-10 17:40:56,674 [WARN] PackLoader:240 - Cannot read IP mode file for STMicroelectronics.X-CUBE-TOF1.3.4.3
2025-05-10 17:40:56,719 [INFO] ThirdParty:978 - Integrity check success = true
2025-05-10 17:40:56,719 [INFO] IntegrityCheckThread:100 - exiting critical section [integrity check]
2025-05-10 17:40:56,719 [INFO] IntegrityCheckThread:103 - End integrity checks thread
2025-05-10 17:40:57,746 [INFO] WebApp:463 - Apply proxy settings
2025-05-10 17:40:57,747 [INFO] WebApp:548 - Chromium requires no authentication
2025-05-10 17:40:57,769 [INFO] WebApp:491 - Direct internet connection detected
2025-05-10 17:40:57,823 [INFO] WebApp:894 - Register for checkConnection events
2025-05-10 17:40:57,823 [INFO] WebApp:463 - Apply proxy settings
2025-05-10 17:40:57,823 [INFO] WebApp:548 - Chromium requires no authentication
2025-05-10 17:40:57,824 [INFO] WebApp:491 - Direct internet connection detected
2025-05-10 17:40:58,235 [INFO] WebApp:225 - Starting web application
2025-05-10 17:40:58,235 [INFO] WebApp:593 - Web application path used C:\ST\STM32CubeIDE_1.18.0\STM32CubeIDE\plugins\com.st.stm32cube.common.mx_6.14.0.202502271554\db\plugins\mcufinder\reactClient1\index.html
2025-05-10 17:40:58,433 [INFO] UserAuth:486 - Internet connection configuration mode: 1
2025-05-10 17:40:58,708 [INFO] WebApp:191 - Connection restablished
2025-05-10 17:40:59,383 [ERROR] LogOutputStream:75 - [STDERR_REDIRECT] May 10, 2025 5:40:59 PM org.glassfish.grizzly.http.server.NetworkListener start
2025-05-10 17:40:59,385 [ERROR] LogOutputStream:75 - [STDERR_REDIRECT] INFO: Started listener bound to [localhost:16721]
2025-05-10 17:40:59,385 [ERROR] LogOutputStream:75 - [STDERR_REDIRECT] 
2025-05-10 17:40:59,388 [ERROR] LogOutputStream:75 - [STDERR_REDIRECT] May 10, 2025 5:40:59 PM org.glassfish.grizzly.http.server.HttpServer start
2025-05-10 17:40:59,389 [ERROR] LogOutputStream:75 - [STDERR_REDIRECT] INFO: [HttpServer] Started.
2025-05-10 17:40:59,390 [ERROR] LogOutputStream:75 - [STDERR_REDIRECT] 
2025-05-10 19:54:08,166 [INFO] Activator:176 - 


2025-05-10 19:54:08,172 [INFO] Activator:177 - !SESSION log4j initialized
2025-05-10 19:54:22,357 [INFO] LogOutputStream:77 - [STDOUT_REDIRECT] 
2025-05-10 19:54:29,744 [INFO] ApplicationProperties:184 - Using Application install path: C:\ST\STM32CubeIDE_1.18.0\STM32CubeIDE\plugins\com.st.stm32cube.common.mx_6.14.0.202502271554
2025-05-10 19:54:29,771 [INFO] DbMcusXml:78 - Set database path to: C:\ST\STM32CubeIDE_1.18.0\STM32CubeIDE\plugins\com.st.stm32cube.common.mx_6.14.0.202502271554\\db\/mcu/
2025-05-10 19:54:29,771 [INFO] ApiDb:274 - Set plugin database path to: C:\ST\STM32CubeIDE_1.18.0\STM32CubeIDE\plugins\com.st.stm32cube.common.mx_6.14.0.202502271554\\db\/plugins/boardmanager/
2025-05-10 19:54:29,771 [WARN] ApiDb:259 - Overriding images path with different value:  => C:\ST\STM32CubeIDE_1.18.0\STM32CubeIDE\plugins\com.st.stm32cube.common.mx_6.14.0.202502271554\\db\/plugins/mcufinder/images/
2025-05-10 19:54:29,780 [INFO] ApiDb:250 - Set database path to: C:\Users\pwlub\.stmcufinder\plugins\mcufinder//mcu/
2025-05-10 19:54:29,782 [INFO] DbMcusAds:125 - Set database path to: C:\Users\pwlub\.stmcufinder\plugins\mcufinder//mcu/
2025-05-10 19:54:29,786 [INFO] CrossReferenceDbSqlite:203 - Set database path to: C:\Users\pwlub\.stmcufinder\plugins\mcufinder//mcu/cs/
2025-05-10 19:54:29,974 [INFO] RulesReader:64 - Compatibility file has been processed (301 Rules)
2025-05-10 19:54:30,082 [INFO] DbMcusXml:78 - Set database path to: C:\ST\STM32CubeIDE_1.18.0\STM32CubeIDE\plugins\com.st.stm32cube.common.mx_6.14.0.202502271554\\db\/mcu/
2025-05-10 19:54:30,082 [INFO] ApiDb:274 - Set plugin database path to: C:\ST\STM32CubeIDE_1.18.0\STM32CubeIDE\plugins\com.st.stm32cube.common.mx_6.14.0.202502271554\\db\/plugins/boardmanager/
2025-05-10 19:54:30,082 [INFO] ApiDb:261 - Set plugin images path to: C:\ST\STM32CubeIDE_1.18.0\STM32CubeIDE\plugins\com.st.stm32cube.common.mx_6.14.0.202502271554\\db\/plugins/mcufinder/images/
2025-05-10 19:54:30,083 [WARN] DbFile:41 - Overriding database path with different value: C:\Users\pwlub\.stmcufinder\plugins\mcufinder/ => C:\Users\pwlub\.stmcufinder\plugins\mcufinder
2025-05-10 19:54:30,083 [INFO] ApiDb:250 - Set database path to: C:\Users\pwlub\.stmcufinder\plugins\mcufinder//mcu/
2025-05-10 19:54:30,083 [WARN] DbFile:41 - Overriding database path with different value: C:\Users\pwlub\.stmcufinder\plugins\mcufinder/ => C:\Users\pwlub\.stmcufinder\plugins\mcufinder
2025-05-10 19:54:30,083 [INFO] DbMcusAds:125 - Set database path to: C:\Users\pwlub\.stmcufinder\plugins\mcufinder//mcu/
2025-05-10 19:54:30,084 [WARN] DbFile:41 - Overriding database path with different value: C:\Users\pwlub\.stmcufinder\plugins\mcufinder/ => C:\Users\pwlub\.stmcufinder\plugins\mcufinder
2025-05-10 19:54:30,084 [WARN] DbFile:41 - Overriding database path with different value: C:\Users\pwlub\.stmcufinder\plugins\mcufinder/ => C:\Users\pwlub\.stmcufinder\plugins\mcufinder
2025-05-10 19:54:30,084 [INFO] CrossReferenceDbSqlite:203 - Set database path to: C:\Users\pwlub\.stmcufinder\plugins\mcufinder//mcu/cs/
2025-05-10 19:54:30,357 [INFO] MainPanel:272 - HeapMemory: 269484032
2025-05-10 19:54:30,561 [INFO] DbMcusXml:78 - Set database path to: C:\ST\STM32CubeIDE_1.18.0\STM32CubeIDE\plugins\com.st.stm32cube.common.mx_6.14.0.202502271554\\db\/mcu/
2025-05-10 19:54:30,561 [INFO] ApiDb:274 - Set plugin database path to: C:\ST\STM32CubeIDE_1.18.0\STM32CubeIDE\plugins\com.st.stm32cube.common.mx_6.14.0.202502271554\\db\/plugins/boardmanager/
2025-05-10 19:54:30,562 [INFO] ApiDb:261 - Set plugin images path to: C:\ST\STM32CubeIDE_1.18.0\STM32CubeIDE\plugins\com.st.stm32cube.common.mx_6.14.0.202502271554\\db\/plugins/mcufinder/images/
2025-05-10 19:54:30,562 [WARN] DbFile:41 - Overriding database path with different value: C:\Users\pwlub\.stmcufinder\plugins\mcufinder/ => C:\Users\pwlub\.stmcufinder\plugins\mcufinder
2025-05-10 19:54:30,562 [INFO] ApiDb:250 - Set database path to: C:\Users\pwlub\.stmcufinder\plugins\mcufinder//mcu/
2025-05-10 19:54:30,562 [WARN] DbFile:41 - Overriding database path with different value: C:\Users\pwlub\.stmcufinder\plugins\mcufinder/ => C:\Users\pwlub\.stmcufinder\plugins\mcufinder
2025-05-10 19:54:30,563 [INFO] DbMcusAds:125 - Set database path to: C:\Users\pwlub\.stmcufinder\plugins\mcufinder//mcu/
2025-05-10 19:54:30,563 [WARN] DbFile:41 - Overriding database path with different value: C:\Users\pwlub\.stmcufinder\plugins\mcufinder/ => C:\Users\pwlub\.stmcufinder\plugins\mcufinder
2025-05-10 19:54:30,563 [WARN] DbFile:41 - Overriding database path with different value: C:\Users\pwlub\.stmcufinder\plugins\mcufinder/ => C:\Users\pwlub\.stmcufinder\plugins\mcufinder
2025-05-10 19:54:30,563 [INFO] CrossReferenceDbSqlite:203 - Set database path to: C:\Users\pwlub\.stmcufinder\plugins\mcufinder//mcu/cs/
2025-05-10 19:54:30,592 [INFO] ApplicationProperties:184 - Using Application install path: C:\ST\STM32CubeIDE_1.18.0\STM32CubeIDE\plugins\com.st.stm32cube.common.mx_6.14.0.202502271554
2025-05-10 19:54:30,594 [INFO] PluginManage:196 - Search for loadable plugins [exclusion list=, ]
2025-05-10 19:54:30,596 [INFO] PluginManage:310 - Check plugin analytics
2025-05-10 19:54:35,515 [INFO] AnalyticsPlugin:253 - Accepted Software Licenses: STM32CubeMX.6.14.0
2025-05-10 19:54:35,515 [INFO] AnalyticsPlugin:255 - Accepted CMSIS Pack Licenses: 
2025-05-10 19:54:35,516 [INFO] AnalyticsPlugin:257 - Accepted Firmware Licenses: FW.G4.1.5.0,FW.G4.1.6.0
2025-05-10 19:54:35,522 [INFO] PluginManage:359 - Loaded plugin analytics (category:tool,tabindex:-1)
2025-05-10 19:54:35,522 [INFO] PluginManage:310 - Check plugin cadmodel
2025-05-10 19:54:35,532 [INFO] CADModel:105 - Init CAD model plugin
2025-05-10 19:54:35,532 [INFO] PluginManage:359 - Loaded plugin cadmodel (category:power,tabindex:5)
2025-05-10 19:54:35,533 [INFO] PluginManage:310 - Check plugin clock
2025-05-10 19:54:35,555 [INFO] PluginManage:359 - Loaded plugin clock (category:base,tabindex:2)
2025-05-10 19:54:35,555 [INFO] PluginManage:310 - Check plugin ddr
2025-05-10 19:54:35,559 [INFO] PluginManage:359 - Loaded plugin ddr (category:tool,tabindex:6)
2025-05-10 19:54:35,560 [INFO] PluginManage:310 - Check plugin filemanager
2025-05-10 19:54:35,789 [INFO] PluginManage:359 - Loaded plugin filemanager (category:base,tabindex:10)
2025-05-10 19:54:35,790 [INFO] PluginManage:310 - Check plugin ipmanager
2025-05-10 19:54:35,799 [INFO] PluginManage:359 - Loaded plugin ipmanager (category:base,tabindex:5)
2025-05-10 19:54:35,800 [INFO] PluginManage:310 - Check plugin lpbam
2025-05-10 19:54:35,811 [INFO] PluginManage:359 - Loaded plugin lpbam (category:base,tabindex:0)
2025-05-10 19:54:35,811 [INFO] PluginManage:310 - Check plugin memorymap
2025-05-10 19:54:35,831 [INFO] PluginManage:359 - Loaded plugin memorymap (category:base,tabindex:4)
2025-05-10 19:54:35,831 [INFO] PluginManage:310 - Check plugin pinoutandconfiguration
2025-05-10 19:54:35,842 [INFO] PluginManage:359 - Loaded plugin pinoutandconfiguration (category:base,tabindex:1)
2025-05-10 19:54:35,842 [INFO] PluginManage:310 - Check plugin pinoutconfig
2025-05-10 19:54:35,980 [WARN] SupportedApi:132 - Cannot load RTOS API schema: s4s-elt-must-match.1: The content of 'definitions' must match (annotation?, (simpleType | complexType)?, (unique | key | keyref)*)). A problem was found starting at: attribute.
2025-05-10 19:54:36,205 [INFO] PluginManage:359 - Loaded plugin pinoutconfig (category:base,tabindex:0)
2025-05-10 19:54:36,206 [INFO] PluginManage:310 - Check plugin power
2025-05-10 19:54:36,217 [INFO] PluginManage:359 - Loaded plugin power (category:power,tabindex:4)
2025-05-10 19:54:36,217 [INFO] PluginManage:310 - Check plugin projectmanager
2025-05-10 19:54:36,246 [INFO] PluginManage:359 - Loaded plugin projectmanager (category:projectmanager,tabindex:4)
2025-05-10 19:54:36,246 [INFO] PluginManage:310 - Check plugin rif
2025-05-10 19:54:36,260 [INFO] PluginManage:359 - Loaded plugin rif (category:base,tabindex:3)
2025-05-10 19:54:36,260 [INFO] PluginManage:310 - Check plugin thirdparty
2025-05-10 19:54:36,501 [INFO] PluginManage:359 - Loaded plugin thirdparty (category:base,tabindex:-1)
2025-05-10 19:54:36,502 [INFO] PluginManage:310 - Check plugin tools
2025-05-10 19:54:36,507 [INFO] PluginManage:359 - Loaded plugin tools (category:base,tabindex:7)
2025-05-10 19:54:36,507 [INFO] PluginManage:310 - Check plugin tutovideos
2025-05-10 19:54:36,510 [WARN] IntegrityCheckThread:84 - waiting for thirdparty lock release [integrity check]
2025-05-10 19:54:36,511 [INFO] IntegrityCheckThread:86 - entering critical section [integrity check]
2025-05-10 19:54:36,511 [INFO] ThirdPartyUpdaterWithRetryManager:70 - Updater plugin not ready yet. [1/15]
2025-05-10 19:54:36,842 [INFO] PluginManage:359 - Loaded plugin tutovideos (category:base,tabindex:-1)
2025-05-10 19:54:36,843 [INFO] PluginManage:310 - Check plugin updater
2025-05-10 19:54:36,896 [INFO] PluginManage:359 - Loaded plugin updater (category:base,tabindex:12)
2025-05-10 19:54:36,896 [INFO] PluginManage:310 - Check plugin userauth
2025-05-10 19:54:36,905 [INFO] UserAuth:118 - Init User Auth plugin
2025-05-10 19:54:36,907 [INFO] PluginManage:359 - Loaded plugin userauth (category:base,tabindex:14)
2025-05-10 19:54:36,908 [INFO] PluginManage:283 - PluginManage : Loaded plugins [18]
2025-05-10 19:54:37,404 [INFO] PinOutPanel:1589 - setPackage(No Configuration,No Configuration)
2025-05-10 19:54:37,643 [INFO] CADModel:165 - CPN selected for project level
2025-05-10 19:54:37,644 [INFO] CADModel:114 - Register for checkConnection events
2025-05-10 19:54:37,684 [INFO] IPUIPlugin:80 - create IPUIPlugin
2025-05-10 19:54:37,684 [INFO] PluginManager:220 - loadIPPluginJar : add adc
2025-05-10 19:54:37,690 [INFO] IPUIPlugin:80 - create IPUIPlugin
2025-05-10 19:54:37,690 [INFO] PluginManager:220 - loadIPPluginJar : add aes
2025-05-10 19:54:37,696 [INFO] IPUIPlugin:80 - create IPUIPlugin
2025-05-10 19:54:37,696 [INFO] PluginManager:220 - loadIPPluginJar : add can
2025-05-10 19:54:37,699 [INFO] IPUIPlugin:80 - create IPUIPlugin
2025-05-10 19:54:37,700 [INFO] PluginManager:220 - loadIPPluginJar : add comp
2025-05-10 19:54:37,705 [INFO] IPUIPlugin:80 - create IPUIPlugin
2025-05-10 19:54:37,705 [INFO] PluginManager:220 - loadIPPluginJar : add cryp
2025-05-10 19:54:37,712 [INFO] IPUIPlugin:80 - create IPUIPlugin
2025-05-10 19:54:37,712 [INFO] PluginManager:220 - loadIPPluginJar : add ddr_ctrl_phy
2025-05-10 19:54:37,716 [INFO] IPUIPlugin:80 - create IPUIPlugin
2025-05-10 19:54:37,716 [INFO] PluginManager:220 - loadIPPluginJar : add dfsdm
2025-05-10 19:54:37,724 [INFO] IPUIPlugin:80 - create IPUIPlugin
2025-05-10 19:54:37,725 [INFO] PluginManager:220 - loadIPPluginJar : add dma
2025-05-10 19:54:37,731 [INFO] IPUIPlugin:80 - create IPUIPlugin
2025-05-10 19:54:37,731 [INFO] PluginManager:220 - loadIPPluginJar : add dma3
2025-05-10 19:54:37,736 [INFO] IPUIPlugin:80 - create IPUIPlugin
2025-05-10 19:54:37,736 [INFO] PluginManager:220 - loadIPPluginJar : add extmemmanager
2025-05-10 19:54:37,739 [INFO] IPUIPlugin:80 - create IPUIPlugin
2025-05-10 19:54:37,743 [INFO] PluginManager:220 - loadIPPluginJar : add fatfs
2025-05-10 19:54:37,779 [INFO] IPUIPlugin:80 - create IPUIPlugin
2025-05-10 19:54:37,780 [INFO] PluginManager:220 - loadIPPluginJar : add fmc
2025-05-10 19:54:37,788 [INFO] IPUIPlugin:80 - create IPUIPlugin
2025-05-10 19:54:37,788 [INFO] PluginManager:220 - loadIPPluginJar : add freertos
2025-05-10 19:54:37,791 [INFO] IPUIPlugin:80 - create IPUIPlugin
2025-05-10 19:54:37,791 [INFO] PluginManager:220 - loadIPPluginJar : add genericplugin
2025-05-10 19:54:37,795 [INFO] IPUIPlugin:80 - create IPUIPlugin
2025-05-10 19:54:37,795 [INFO] PluginManager:220 - loadIPPluginJar : add gfxmmu
2025-05-10 19:54:37,802 [INFO] IPUIPlugin:80 - create IPUIPlugin
2025-05-10 19:54:37,802 [INFO] PluginManager:220 - loadIPPluginJar : add gic
2025-05-10 19:54:37,808 [INFO] IPUIPlugin:80 - create IPUIPlugin
2025-05-10 19:54:37,809 [INFO] PluginManager:220 - loadIPPluginJar : add gpio
2025-05-10 19:54:37,814 [INFO] IPUIPlugin:80 - create IPUIPlugin
2025-05-10 19:54:37,815 [INFO] PluginManager:220 - loadIPPluginJar : add gtzc
2025-05-10 19:54:37,819 [INFO] IPUIPlugin:80 - create IPUIPlugin
2025-05-10 19:54:37,820 [INFO] PluginManager:220 - loadIPPluginJar : add hash
2025-05-10 19:54:37,826 [INFO] IPUIPlugin:80 - create IPUIPlugin
2025-05-10 19:54:37,826 [INFO] PluginManager:220 - loadIPPluginJar : add i2c
2025-05-10 19:54:37,830 [INFO] IPUIPlugin:80 - create IPUIPlugin
2025-05-10 19:54:37,831 [INFO] PluginManager:220 - loadIPPluginJar : add i2s
2025-05-10 19:54:37,837 [INFO] IPUIPlugin:80 - create IPUIPlugin
2025-05-10 19:54:37,837 [INFO] PluginManager:220 - loadIPPluginJar : add i3c
2025-05-10 19:54:37,845 [INFO] IPUIPlugin:80 - create IPUIPlugin
2025-05-10 19:54:37,845 [INFO] PluginManager:220 - loadIPPluginJar : add ipddr
2025-05-10 19:54:37,860 [INFO] IPUIPlugin:80 - create IPUIPlugin
2025-05-10 19:54:37,861 [INFO] PluginManager:220 - loadIPPluginJar : add linkedlist
2025-05-10 19:54:37,867 [INFO] IPUIPlugin:80 - create IPUIPlugin
2025-05-10 19:54:37,868 [INFO] PluginManager:220 - loadIPPluginJar : add lorawan
2025-05-10 19:54:37,870 [INFO] IPUIPlugin:80 - create IPUIPlugin
2025-05-10 19:54:37,871 [INFO] PluginManager:220 - loadIPPluginJar : add ltdc
2025-05-10 19:54:37,909 [INFO] IPUIPlugin:80 - create IPUIPlugin
2025-05-10 19:54:37,910 [INFO] PluginManager:220 - loadIPPluginJar : add mdma
2025-05-10 19:54:37,958 [INFO] IPUIPlugin:80 - create IPUIPlugin
2025-05-10 19:54:37,958 [INFO] PluginManager:220 - loadIPPluginJar : add nvic
2025-05-10 19:54:37,962 [INFO] IPUIPlugin:80 - create IPUIPlugin
2025-05-10 19:54:37,962 [INFO] PluginManager:220 - loadIPPluginJar : add opamp
2025-05-10 19:54:37,967 [INFO] IPUIPlugin:80 - create IPUIPlugin
2025-05-10 19:54:37,967 [INFO] PluginManager:220 - loadIPPluginJar : add openamp
2025-05-10 19:54:37,972 [INFO] IPUIPlugin:80 - create IPUIPlugin
2025-05-10 19:54:37,973 [INFO] PluginManager:220 - loadIPPluginJar : add pdm2pcm
2025-05-10 19:54:37,982 [INFO] IPUIPlugin:80 - create IPUIPlugin
2025-05-10 19:54:37,987 [INFO] PluginManager:220 - loadIPPluginJar : add plateformsettings
2025-05-10 19:54:37,990 [INFO] IPUIPlugin:80 - create IPUIPlugin
2025-05-10 19:54:37,990 [INFO] PluginManager:220 - loadIPPluginJar : add quadspi
2025-05-10 19:54:37,993 [INFO] IPUIPlugin:80 - create IPUIPlugin
2025-05-10 19:54:37,995 [INFO] PluginManager:220 - loadIPPluginJar : add radio
2025-05-10 19:54:37,999 [INFO] IPUIPlugin:80 - create IPUIPlugin
2025-05-10 19:54:38,000 [INFO] PluginManager:220 - loadIPPluginJar : add resmgrutility
2025-05-10 19:54:38,005 [INFO] IPUIPlugin:80 - create IPUIPlugin
2025-05-10 19:54:38,005 [INFO] PluginManager:220 - loadIPPluginJar : add sai
2025-05-10 19:54:38,010 [INFO] IPUIPlugin:80 - create IPUIPlugin
2025-05-10 19:54:38,010 [INFO] PluginManager:220 - loadIPPluginJar : add spi
2025-05-10 19:54:38,020 [INFO] IPUIPlugin:80 - create IPUIPlugin
2025-05-10 19:54:38,020 [INFO] PluginManager:220 - loadIPPluginJar : add stm32_wpan
2025-05-10 19:54:38,023 [INFO] IPUIPlugin:80 - create IPUIPlugin
2025-05-10 19:54:38,023 [INFO] PluginManager:220 - loadIPPluginJar : add tim
2025-05-10 19:54:38,029 [INFO] IPUIPlugin:80 - create IPUIPlugin
2025-05-10 19:54:38,029 [INFO] PluginManager:220 - loadIPPluginJar : add touchsensing
2025-05-10 19:54:38,036 [INFO] IPUIPlugin:80 - create IPUIPlugin
2025-05-10 19:54:38,036 [INFO] PluginManager:220 - loadIPPluginJar : add tracer_emb
2025-05-10 19:54:38,042 [INFO] IPUIPlugin:80 - create IPUIPlugin
2025-05-10 19:54:38,043 [INFO] PluginManager:220 - loadIPPluginJar : add ts
2025-05-10 19:54:38,046 [INFO] IPUIPlugin:80 - create IPUIPlugin
2025-05-10 19:54:38,046 [INFO] PluginManager:220 - loadIPPluginJar : add tsc
2025-05-10 19:54:38,048 [INFO] IPUIPlugin:80 - create IPUIPlugin
2025-05-10 19:54:38,049 [INFO] PluginManager:220 - loadIPPluginJar : add ucpd
2025-05-10 19:54:38,053 [INFO] IPUIPlugin:80 - create IPUIPlugin
2025-05-10 19:54:38,053 [INFO] PluginManager:220 - loadIPPluginJar : add usart
2025-05-10 19:54:38,058 [INFO] IPUIPlugin:80 - create IPUIPlugin
2025-05-10 19:54:38,058 [INFO] PluginManager:220 - loadIPPluginJar : add usbx
2025-05-10 19:54:38,787 [FATAL] Updater:351 - Updater called before beeing initialized
2025-05-10 19:54:38,872 [INFO] RulesReader:64 - Compatibility file has been processed (301 Rules)
2025-05-10 19:54:38,896 [INFO] RulesReader:64 - Compatibility file has been processed (301 Rules)
2025-05-10 19:54:38,914 [INFO] CADModel:165 - CPN selected for project level
2025-05-10 19:54:38,914 [INFO] CADModel:114 - Register for checkConnection events
2025-05-10 19:54:38,914 [FATAL] Updater:351 - Updater called before beeing initialized
2025-05-10 19:54:38,915 [ERROR] CADModel:125 - Updater not yet initialized, retry later 
2025-05-10 19:54:39,226 [FATAL] Updater:351 - Updater called before beeing initialized
2025-05-10 19:54:39,229 [INFO] CADModel:165 - CPN selected for project level
2025-05-10 19:54:39,229 [INFO] CADModel:114 - Register for checkConnection events
2025-05-10 19:54:39,230 [FATAL] Updater:351 - Updater called before beeing initialized
2025-05-10 19:54:39,230 [ERROR] CADModel:125 - Updater not yet initialized, retry later 
2025-05-10 19:54:39,237 [FATAL] Updater:351 - Updater called before beeing initialized
2025-05-10 19:54:39,513 [INFO] ThirdPartyUpdaterWithRetryManager:70 - Updater plugin not ready yet. [2/15]
2025-05-10 19:54:39,529 [FATAL] Updater:351 - Updater called before beeing initialized
2025-05-10 19:54:39,539 [INFO] DbMcusAds:53 - JSON generation date=Thu Mar 06 15:54:21 CET 2025 (1741272861825)
2025-05-10 19:54:39,539 [FATAL] Updater:351 - Updater called before beeing initialized
2025-05-10 19:54:39,642 [WARN] DetailPanel:346 - Failed to get advertising image, set to default
2025-05-10 19:54:40,253 [FATAL] Updater:351 - Updater called before beeing initialized
2025-05-10 19:54:40,256 [FATAL] Updater:351 - Updater called before beeing initialized
2025-05-10 19:54:40,256 [FATAL] Updater:351 - Updater called before beeing initialized
2025-05-10 19:54:40,256 [WARN] DetailPanel:346 - Failed to get advertising image, set to default
2025-05-10 19:54:40,258 [FATAL] Updater:351 - Updater called before beeing initialized
2025-05-10 19:54:40,346 [ERROR] Updater:1198 - MainUpdater not yet initialized. External WinMGr cannot be set.
2025-05-10 19:54:40,349 [INFO] Updater:1134 - Updater Version found : 6.14.0
2025-05-10 19:54:40,378 [INFO] ApplicationProperties:184 - Using Application install path: C:\ST\STM32CubeIDE_1.18.0\STM32CubeIDE\plugins\com.st.stm32cube.common.mx_6.14.0.202502271554
2025-05-10 19:54:41,959 [ERROR] LogOutputStream:75 - [STDERR_REDIRECT] May 10, 2025 7:54:41 PM java.util.prefs.WindowsPreferences <init>
2025-05-10 19:54:41,962 [ERROR] LogOutputStream:75 - [STDERR_REDIRECT] WARNING: Could not open/create prefs root node Software\JavaSoft\Prefs at root 0xffffffff80000002. Windows RegCreateKeyEx(...) returned error code 5.
2025-05-10 19:54:41,962 [ERROR] LogOutputStream:75 - [STDERR_REDIRECT] 
2025-05-10 19:54:42,427 [INFO] MainUpdater:2872 - connection check result : 10
2025-05-10 19:54:42,427 [INFO] MainUpdater:3566 - Updater definition file requires update
2025-05-10 19:54:42,429 [INFO] MainUpdater:289 - Updater Check For Update Now.
2025-05-10 19:54:42,429 [INFO] MicroXplorer:498 - Change Database Version : DB.6.0.140
2025-05-10 19:54:42,441 [INFO] McuFinderGlobals:63 - Set McuFinder mode to 2 (CubeIDE integrated)
2025-05-10 19:54:42,447 [INFO] UserAuth:486 - Internet connection configuration mode: 1
2025-05-10 19:54:42,475 [INFO] JxBrowserEngine:152 - Initiate JxBrowser Engine with user profile folder
2025-05-10 19:54:42,516 [WARN] MainUpdater:1193 - Updater busy. Cannot search thirdparties
2025-05-10 19:54:42,516 [INFO] ThirdPartyUpdaterWithRetryManager:96 - Updater plugin is busy. [1/15]
2025-05-10 19:54:42,596 [INFO] ServerAccessManage:473 - Download File updaters.zip
2025-05-10 19:54:42,857 [INFO] FileExtend:242 - Unzip File : updaters.zip
2025-05-10 19:54:42,858 [INFO] FileExtend:257 - Standard Zip Deflate
2025-05-10 19:54:44,429 [INFO] ServerAccessManage:473 - Download File PacksControlFlags.xml
2025-05-10 19:54:44,685 [INFO] ServerAccessManage:473 - Download File cubemx.pidx
2025-05-10 19:54:45,517 [WARN] MainUpdater:1193 - Updater busy. Cannot search thirdparties
2025-05-10 19:54:45,518 [INFO] ThirdPartyUpdaterWithRetryManager:96 - Updater plugin is busy. [2/15]
2025-05-10 19:54:48,543 [WARN] MainUpdater:1193 - Updater busy. Cannot search thirdparties
2025-05-10 19:54:48,543 [INFO] ThirdPartyUpdaterWithRetryManager:96 - Updater plugin is busy. [3/15]
2025-05-10 19:54:49,005 [INFO] ServerAccessManage:473 - Download File STMicroelectronics.X-CUBE-FREERTOS.pdsc
2025-05-10 19:54:49,159 [INFO] WebApp:169 - Instantiating new browser for Auth
2025-05-10 19:54:51,547 [WARN] MainUpdater:1193 - Updater busy. Cannot search thirdparties
2025-05-10 19:54:51,586 [INFO] ThirdPartyUpdaterWithRetryManager:96 - Updater plugin is busy. [4/15]
2025-05-10 19:54:52,591 [INFO] WebApp:463 - Apply proxy settings
2025-05-10 19:54:52,592 [INFO] WebApp:548 - Chromium requires no authentication
2025-05-10 19:54:52,611 [INFO] WebApp:491 - Direct internet connection detected
2025-05-10 19:54:52,672 [INFO] WebApp:894 - Register for checkConnection events
2025-05-10 19:54:52,673 [INFO] WebApp:463 - Apply proxy settings
2025-05-10 19:54:52,673 [INFO] WebApp:548 - Chromium requires no authentication
2025-05-10 19:54:52,674 [INFO] WebApp:491 - Direct internet connection detected
2025-05-10 19:54:53,127 [INFO] WebApp:191 - Connection restablished
2025-05-10 19:54:54,476 [INFO] WebApp:225 - Starting web application
2025-05-10 19:54:54,477 [INFO] WebApp:593 - Web application path used C:\ST\STM32CubeIDE_1.18.0\STM32CubeIDE\plugins\com.st.stm32cube.common.mx_6.14.0.202502271554\db\plugins\mcufinder\reactClient1\index.html
2025-05-10 19:54:54,668 [WARN] PackLoader:240 - Cannot read IP mode file for STMicroelectronics.X-CUBE-FREERTOS.1.3.1
2025-05-10 19:54:54,672 [INFO] PopulateThirdPartyThread:66 - Ending populate Thread
2025-05-10 19:54:54,674 [INFO] ThirdParty:1030 - CMSIS Pack Vendor :STMicroelectronics X-CUBE-FREERTOS 1.3.1
2025-05-10 19:54:54,675 [INFO] LoadServerUpdatesThread:375 - End of LoadServerUpdate Thread
2025-05-10 19:54:54,701 [WARN] MainUpdater:1193 - Updater busy. Cannot search thirdparties
2025-05-10 19:54:54,702 [INFO] ThirdPartyUpdaterWithRetryManager:96 - Updater plugin is busy. [5/15]
2025-05-10 19:54:55,132 [INFO] CheckServerUpdateThread:120 - End of CheckServer Thread
2025-05-10 19:54:55,887 [INFO] UserAuth:486 - Internet connection configuration mode: 1
2025-05-10 19:54:57,026 [ERROR] LogOutputStream:75 - [STDERR_REDIRECT] May 10, 2025 7:54:57 PM org.glassfish.grizzly.http.server.NetworkListener start
2025-05-10 19:54:57,029 [ERROR] LogOutputStream:75 - [STDERR_REDIRECT] INFO: Started listener bound to [localhost:16722]
2025-05-10 19:54:57,029 [ERROR] LogOutputStream:75 - [STDERR_REDIRECT] 
2025-05-10 19:54:57,036 [ERROR] LogOutputStream:75 - [STDERR_REDIRECT] May 10, 2025 7:54:57 PM org.glassfish.grizzly.http.server.HttpServer start
2025-05-10 19:54:57,039 [ERROR] LogOutputStream:75 - [STDERR_REDIRECT] INFO: [HttpServer] Started.
2025-05-10 19:54:57,040 [ERROR] LogOutputStream:75 - [STDERR_REDIRECT] 
2025-05-10 19:54:58,150 [WARN] PackLoader:240 - Cannot read IP mode file for STMicroelectronics.FP-SNS-MOTENVWB1.1.4.0
2025-05-10 19:54:58,163 [WARN] PackLoader:240 - Cannot read IP mode file for STMicroelectronics.FP-ATR-ASTRA1.2.0.2
2025-05-10 19:54:58,176 [WARN] PackLoader:240 - Cannot read IP mode file for STMicroelectronics.X-CUBE-SMBUS.2.1.0
2025-05-10 19:54:58,191 [WARN] PackLoader:240 - Cannot read IP mode file for STMicroelectronics.X-CUBE-WB05N.1.1.0
2025-05-10 19:54:58,235 [WARN] PackLoader:240 - Cannot read IP mode file for STMicroelectronics.X-CUBE-AZRTOS-F7.1.1.0
2025-05-10 19:54:58,293 [WARN] PackLoader:240 - Cannot read IP mode file for Infineon.AIROC-Wi-Fi-Bluetooth-STM32.1.7.0
2025-05-10 19:54:58,334 [WARN] PackLoader:240 - Cannot read IP mode file for STMicroelectronics.X-CUBE-DISPLAY.3.0.0
2025-05-10 19:54:58,358 [WARN] PackLoader:240 - Cannot read IP mode file for STMicroelectronics.X-CUBE-NFC10.1.0.0
2025-05-10 19:54:58,383 [WARN] PackLoader:240 - Cannot read IP mode file for STMicroelectronics.X-CUBE-BLEMGR.4.0.0
2025-05-10 19:54:58,401 [WARN] PackLoader:240 - Cannot read IP mode file for emotas.I-CUBE-CANOPEN.1.3.0
2025-05-10 19:54:58,409 [WARN] ConditionMgr:438 - getConditionDescription Invalid condition id : Cortex-A Device cause : null
2025-05-10 19:54:58,432 [WARN] ConditionMgr:1044 - genDependencies : Invalid condition id : Cortex-A Device cause : null
2025-05-10 19:54:58,432 [WARN] ConditionMgr:1044 - genDependencies : Invalid condition id : Cortex-A Device cause : null
2025-05-10 19:54:58,432 [WARN] ConditionMgr:1044 - genDependencies : Invalid condition id : Cortex-A Device cause : null
2025-05-10 19:54:58,462 [WARN] PackLoader:240 - Cannot read IP mode file for STMicroelectronics.X-CUBE-AI.10.0.0
2025-05-10 19:54:58,472 [WARN] PackLoader:240 - Cannot read IP mode file for STMicroelectronics.FP-SNS-SMARTAG2.1.2.0
2025-05-10 19:54:58,480 [WARN] PackLoader:240 - Cannot read IP mode file for STMicroelectronics.FP-SNS-FLIGHT1.5.1.0
2025-05-10 19:54:58,683 [WARN] PackLoader:240 - Cannot read IP mode file for STMicroelectronics.X-CUBE-MEMS1.11.1.0
2025-05-10 19:54:59,168 [INFO] LogOutputStream:77 - [STDOUT_REDIRECT] 
2025-05-10 19:54:59,378 [INFO] LogOutputStream:77 - [STDOUT_REDIRECT] 1 : Invalid condition id : UX_CORESTACK_Condition cause : null
2025-05-10 19:54:59,383 [INFO] LogOutputStream:77 - [STDOUT_REDIRECT] 1 : Invalid condition id : UX_CORESTACK_Condition cause : null
2025-05-10 19:54:59,394 [INFO] LogOutputStream:77 - [STDOUT_REDIRECT] 1 : Invalid condition id : UX_CORESTACK_Condition cause : null
2025-05-10 19:54:59,395 [INFO] LogOutputStream:77 - [STDOUT_REDIRECT] 1 : Invalid condition id : UX_CORESTACK_Condition cause : null
2025-05-10 19:54:59,397 [INFO] LogOutputStream:77 - [STDOUT_REDIRECT] 1 : Invalid condition id : UX_CORESTACK_Condition cause : null
2025-05-10 19:54:59,403 [WARN] PackLoader:240 - Cannot read IP mode file for STMicroelectronics.X-CUBE-AZRTOS-WL.2.0.0
2025-05-10 19:54:59,412 [WARN] PackLoader:240 - Cannot read IP mode file for STMicroelectronics.FP-SNS-MOTENV1.5.0.0
2025-05-10 19:54:59,424 [WARN] PackLoader:240 - Cannot read IP mode file for WES.I-CUBE-Cesium.1.3.0
2025-05-10 19:54:59,430 [WARN] PackLoader:240 - Cannot read IP mode file for STMicroelectronics.X-CUBE-BLE2.3.3.0
2025-05-10 19:54:59,443 [WARN] PackLoader:240 - Cannot read IP mode file for STMicroelectronics.X-CUBE-NFC9.1.0.0
2025-05-10 19:54:59,453 [WARN] PackLoader:240 - Cannot read IP mode file for STMicroelectronics.X-CUBE-BLE1.7.1.0
2025-05-10 19:54:59,568 [WARN] PackLoader:240 - Cannot read IP mode file for STMicroelectronics.X-CUBE-MEMS1.11.2.0
2025-05-10 19:54:59,783 [WARN] PackLoader:240 - Cannot read IP mode file for STMicroelectronics.X-CUBE-AZRTOS-G0.1.1.0
2025-05-10 19:54:59,799 [WARN] PackLoader:240 - Cannot read IP mode file for STMicroelectronics.X-CUBE-SAFEA1.1.2.2
2025-05-10 19:54:59,808 [WARN] PackLoader:240 - Cannot read IP mode file for STMicroelectronics.X-CUBE-NFC4.3.0.0
2025-05-10 19:54:59,823 [WARN] PackLoader:240 - Cannot read IP mode file for EmbeddedOffice.I-CUBE-FS-RTOS.1.0.1
2025-05-10 19:54:59,832 [WARN] PackLoader:240 - Cannot read IP mode file for STMicroelectronics.X-CUBE-WB05N.2.0.0
2025-05-10 19:54:59,840 [WARN] PackLoader:240 - Cannot read IP mode file for wolfSSL.I-CUBE-wolfTPM.3.8.0
2025-05-10 19:54:59,849 [WARN] PackLoader:240 - Cannot read IP mode file for STMicroelectronics.X-CUBE-TCPP.4.2.0
2025-05-10 19:54:59,862 [WARN] PackLoader:240 - Cannot read IP mode file for RealThread.X-CUBE-RT-Thread_Nano.4.1.1
2025-05-10 19:54:59,869 [WARN] PackLoader:240 - Cannot read IP mode file for STMicroelectronics.FP-ATR-SIGFOX1.3.2.0
2025-05-10 19:54:59,884 [WARN] PackLoader:240 - Cannot read IP mode file for STMicroelectronics.X-CUBE-EEPRMA1.5.1.0
2025-05-10 19:54:59,908 [WARN] PackLoader:240 - Cannot read IP mode file for ITTIA_DB.I-CUBE-ITTIADB.8.9.0
2025-05-10 19:54:59,948 [WARN] PackLoader:240 - Cannot read IP mode file for SEGGER.I-CUBE-embOS.1.3.1
2025-05-10 19:55:00,021 [WARN] PackLoader:240 - Cannot read IP mode file for STMicroelectronics.X-CUBE-ALGOBUILD.1.4.0
2025-05-10 19:55:00,042 [WARN] PackLoader:240 - Cannot read IP mode file for STMicroelectronics.X-CUBE-AZRTOS-F4.1.1.0
2025-05-10 19:55:00,052 [WARN] PackLoader:240 - Cannot read IP mode file for Avnet-IotConnect.X-CUBE-IoTC-DA16k-PMOD.1.0.0
2025-05-10 19:55:00,059 [WARN] PackLoader:240 - Cannot read IP mode file for STMicroelectronics.X-CUBE-ISPU.2.1.0
2025-05-10 19:55:00,083 [WARN] PackLoader:240 - Cannot read IP mode file for STMicroelectronics.X-CUBE-AZRTOS-L5.2.0.0
2025-05-10 19:55:00,098 [WARN] PackLoader:240 - Cannot read IP mode file for STMicroelectronics.X-CUBE-NFC6.3.1.0
2025-05-10 19:55:00,111 [WARN] PackLoader:240 - Cannot read IP mode file for STMicroelectronics.X-CUBE-DPower.1.2.0
2025-05-10 19:55:00,126 [WARN] PackLoader:240 - Cannot read IP mode file for STMicroelectronics.X-CUBE-FREERTOS.1.3.1
2025-05-10 19:55:00,133 [WARN] PackLoader:240 - Cannot read IP mode file for STMicroelectronics.X-CUBE-FREERTOS.1.3.0
2025-05-10 19:55:00,144 [WARN] PackLoader:240 - Cannot read IP mode file for STMicroelectronics.X-CUBE-NFC7.1.0.1
2025-05-10 19:55:00,173 [WARN] ConditionMgr:438 - getConditionDescription Invalid condition id : LAN8742 Phy interface Condition cause : null
2025-05-10 19:55:00,174 [WARN] PackLoader:240 - Cannot read IP mode file for STMicroelectronics.X-CUBE-AZRTOS-L4.2.0.0
2025-05-10 19:55:00,176 [WARN] ConditionMgr:1044 - genDependencies : Invalid condition id : LAN8742 Phy interface Condition cause : null
2025-05-10 19:55:00,176 [WARN] ConditionMgr:1044 - genDependencies : Invalid condition id : LAN8742 Phy interface Condition cause : null
2025-05-10 19:55:00,177 [WARN] ConditionMgr:1044 - genDependencies : Invalid condition id : LAN8742 Phy interface Condition cause : null
2025-05-10 19:55:00,191 [WARN] PackLoader:240 - Cannot read IP mode file for STMicroelectronics.X-CUBE-SFXS2LP1.4.0.0
2025-05-10 19:55:00,323 [WARN] PackLoader:240 - Cannot read IP mode file for STMicroelectronics.X-CUBE-AZRTOS-H7.3.3.0
2025-05-10 19:55:00,392 [WARN] ConditionMgr:438 - getConditionDescription Invalid condition id : UX DEVICE CLASS RTOS Condition cause : null
2025-05-10 19:55:00,392 [WARN] ConditionMgr:438 - getConditionDescription Invalid condition id : UX DEVICE CLASS RTOS Condition cause : null
2025-05-10 19:55:00,395 [WARN] PackLoader:240 - Cannot read IP mode file for STMicroelectronics.X-CUBE-AZRTOS-WB.2.0.0
2025-05-10 19:55:00,396 [WARN] ConditionMgr:1044 - genDependencies : Invalid condition id : UX DEVICE CLASS RTOS Condition cause : null
2025-05-10 19:55:00,396 [WARN] ConditionMgr:1044 - genDependencies : Invalid condition id : UX DEVICE CLASS RTOS Condition cause : null
2025-05-10 19:55:00,397 [WARN] ConditionMgr:1044 - genDependencies : Invalid condition id : UX DEVICE CLASS RTOS Condition cause : null
2025-05-10 19:55:00,397 [WARN] ConditionMgr:1044 - genDependencies : Invalid condition id : UX DEVICE CLASS RTOS Condition cause : null
2025-05-10 19:55:00,398 [WARN] ConditionMgr:1044 - genDependencies : Invalid condition id : UX DEVICE CLASS RTOS Condition cause : null
2025-05-10 19:55:00,408 [WARN] PackLoader:240 - Cannot read IP mode file for STMicroelectronics.X-CUBE-GNSS1.7.0.1
2025-05-10 19:55:00,416 [WARN] PackLoader:240 - Cannot read IP mode file for STMicroelectronics.X-CUBE-TOUCHGFX.4.25.0
2025-05-10 19:55:00,424 [WARN] PackLoader:240 - Cannot read IP mode file for STMicroelectronics.FP-SNS-STBOX1.2.0.0
2025-05-10 19:55:00,441 [WARN] PackLoader:240 - Cannot read IP mode file for STMicroelectronics.X-CUBE-SUBG2.5.0.0
2025-05-10 19:55:00,458 [WARN] PackLoader:240 - Cannot read IP mode file for Cesanta.I-CUBE-Mongoose.7.13.0
2025-05-10 19:55:00,481 [WARN] PackLoader:240 - Cannot read IP mode file for STMicroelectronics.X-CUBE-AZRTOS-G4.2.0.0
2025-05-10 19:55:00,490 [WARN] PackLoader:240 - Cannot read IP mode file for wolfSSL.I-CUBE-wolfSSH.1.4.20
2025-05-10 19:55:00,526 [WARN] PackLoader:240 - Cannot read IP mode file for STMicroelectronics.X-CUBE-NFC7.2.0.0
2025-05-10 19:55:00,543 [WARN] PackLoader:240 - Cannot read IP mode file for STMicroelectronics.X-CUBE-IPS.3.1.0
2025-05-10 19:55:00,556 [WARN] PackLoader:240 - Cannot read IP mode file for STMicroelectronics.X-CUBE-ALS.1.0.2
2025-05-10 19:55:00,564 [WARN] PackLoader:240 - Cannot read IP mode file for portGmbH.I-Cube-SoM-uGOAL.1.1.0
2025-05-10 19:55:00,591 [WARN] PackLoader:240 - Cannot read IP mode file for STMicroelectronics.X-CUBE-AZRTOS-H7RS.1.0.0
2025-05-10 19:55:00,611 [WARN] PackLoader:240 - Cannot read IP mode file for STMicroelectronics.X-CUBE-TOF1.3.4.2
2025-05-10 19:55:00,662 [WARN] PackLoader:240 - Cannot read IP mode file for STMicroelectronics.X-CUBE-TOF1.3.4.3
2025-05-10 19:55:00,678 [INFO] ThirdParty:978 - Integrity check success = true
2025-05-10 19:55:00,678 [INFO] IntegrityCheckThread:100 - exiting critical section [integrity check]
2025-05-10 19:55:00,678 [INFO] IntegrityCheckThread:103 - End integrity checks thread
2025-05-10 20:47:24,647 [INFO] WebApp:194 - Connection lost
2025-05-10 20:47:41,534 [INFO] WebApp:191 - Connection restablished
2025-05-10 20:47:44,042 [INFO] WebApp:194 - Connection lost
2025-05-10 20:47:44,236 [INFO] WebApp:191 - Connection restablished
2025-05-10 20:47:44,621 [INFO] WebApp:194 - Connection lost
2025-05-10 20:47:45,053 [INFO] WebApp:191 - Connection restablished
2025-05-10 21:30:40,938 [INFO] WebApp:403 - JxBrowser engine has been closed 
