2025-07-10 17:03:29,258 [INFO] Activator:176 - 


2025-07-10 17:03:29,266 [INFO] Activator:177 - !SESSION log4j initialized
2025-07-10 17:03:47,054 [INFO] LogOutputStream:77 - [STDOUT_REDIRECT] 
2025-07-10 17:03:48,227 [ERROR] ConfigurationRetriever:142 - IOException on connection: sw-center.st.com
2025-07-10 17:03:48,349 [ERROR] ConfigurationRetriever:142 - IOException on connection: sw-center.st.com
2025-07-10 17:03:48,357 [ERROR] ConfigurationRetriever:142 - IOException on connection: sw-center.st.com
2025-07-10 17:03:54,700 [INFO] LogOutputStream:77 - [STDOUT_REDIRECT] 
2025-07-10 17:03:56,342 [INFO] ApplicationProperties:184 - Using Application install path: C:\ST\STM32CubeIDE_1.18.0\STM32CubeIDE\plugins\com.st.stm32cube.common.mx_6.14.0.202502271554
2025-07-10 17:03:56,393 [INFO] DbMcusXml:78 - Set database path to: C:\ST\STM32CubeIDE_1.18.0\STM32CubeIDE\plugins\com.st.stm32cube.common.mx_6.14.0.202502271554\\db\/mcu/
2025-07-10 17:03:56,393 [INFO] ApiDb:274 - Set plugin database path to: C:\ST\STM32CubeIDE_1.18.0\STM32CubeIDE\plugins\com.st.stm32cube.common.mx_6.14.0.202502271554\\db\/plugins/boardmanager/
2025-07-10 17:03:56,394 [WARN] ApiDb:259 - Overriding images path with different value:  => C:\ST\STM32CubeIDE_1.18.0\STM32CubeIDE\plugins\com.st.stm32cube.common.mx_6.14.0.202502271554\\db\/plugins/mcufinder/images/
2025-07-10 17:03:56,427 [INFO] ApiDb:250 - Set database path to: C:\Users\pwlub\.stmcufinder\plugins\mcufinder//mcu/
2025-07-10 17:03:56,429 [INFO] DbMcusAds:125 - Set database path to: C:\Users\pwlub\.stmcufinder\plugins\mcufinder//mcu/
2025-07-10 17:03:56,434 [INFO] CrossReferenceDbSqlite:203 - Set database path to: C:\Users\pwlub\.stmcufinder\plugins\mcufinder//mcu/cs/
2025-07-10 17:03:56,674 [INFO] RulesReader:64 - Compatibility file has been processed (301 Rules)
2025-07-10 17:03:56,844 [INFO] DbMcusXml:78 - Set database path to: C:\ST\STM32CubeIDE_1.18.0\STM32CubeIDE\plugins\com.st.stm32cube.common.mx_6.14.0.202502271554\\db\/mcu/
2025-07-10 17:03:56,844 [INFO] ApiDb:274 - Set plugin database path to: C:\ST\STM32CubeIDE_1.18.0\STM32CubeIDE\plugins\com.st.stm32cube.common.mx_6.14.0.202502271554\\db\/plugins/boardmanager/
2025-07-10 17:03:56,844 [INFO] ApiDb:261 - Set plugin images path to: C:\ST\STM32CubeIDE_1.18.0\STM32CubeIDE\plugins\com.st.stm32cube.common.mx_6.14.0.202502271554\\db\/plugins/mcufinder/images/
2025-07-10 17:03:56,845 [WARN] DbFile:41 - Overriding database path with different value: C:\Users\pwlub\.stmcufinder\plugins\mcufinder/ => C:\Users\pwlub\.stmcufinder\plugins\mcufinder
2025-07-10 17:03:56,845 [INFO] ApiDb:250 - Set database path to: C:\Users\pwlub\.stmcufinder\plugins\mcufinder//mcu/
2025-07-10 17:03:56,845 [WARN] DbFile:41 - Overriding database path with different value: C:\Users\pwlub\.stmcufinder\plugins\mcufinder/ => C:\Users\pwlub\.stmcufinder\plugins\mcufinder
2025-07-10 17:03:56,845 [INFO] DbMcusAds:125 - Set database path to: C:\Users\pwlub\.stmcufinder\plugins\mcufinder//mcu/
2025-07-10 17:03:56,845 [WARN] DbFile:41 - Overriding database path with different value: C:\Users\pwlub\.stmcufinder\plugins\mcufinder/ => C:\Users\pwlub\.stmcufinder\plugins\mcufinder
2025-07-10 17:03:56,845 [WARN] DbFile:41 - Overriding database path with different value: C:\Users\pwlub\.stmcufinder\plugins\mcufinder/ => C:\Users\pwlub\.stmcufinder\plugins\mcufinder
2025-07-10 17:03:56,846 [INFO] CrossReferenceDbSqlite:203 - Set database path to: C:\Users\pwlub\.stmcufinder\plugins\mcufinder//mcu/cs/
2025-07-10 17:03:57,377 [INFO] MainPanel:272 - HeapMemory: 268435456
2025-07-10 17:03:57,653 [INFO] DbMcusXml:78 - Set database path to: C:\ST\STM32CubeIDE_1.18.0\STM32CubeIDE\plugins\com.st.stm32cube.common.mx_6.14.0.202502271554\\db\/mcu/
2025-07-10 17:03:57,654 [INFO] ApiDb:274 - Set plugin database path to: C:\ST\STM32CubeIDE_1.18.0\STM32CubeIDE\plugins\com.st.stm32cube.common.mx_6.14.0.202502271554\\db\/plugins/boardmanager/
2025-07-10 17:03:57,654 [INFO] ApiDb:261 - Set plugin images path to: C:\ST\STM32CubeIDE_1.18.0\STM32CubeIDE\plugins\com.st.stm32cube.common.mx_6.14.0.202502271554\\db\/plugins/mcufinder/images/
2025-07-10 17:03:57,655 [WARN] DbFile:41 - Overriding database path with different value: C:\Users\pwlub\.stmcufinder\plugins\mcufinder/ => C:\Users\pwlub\.stmcufinder\plugins\mcufinder
2025-07-10 17:03:57,655 [INFO] ApiDb:250 - Set database path to: C:\Users\pwlub\.stmcufinder\plugins\mcufinder//mcu/
2025-07-10 17:03:57,655 [WARN] DbFile:41 - Overriding database path with different value: C:\Users\pwlub\.stmcufinder\plugins\mcufinder/ => C:\Users\pwlub\.stmcufinder\plugins\mcufinder
2025-07-10 17:03:57,655 [INFO] DbMcusAds:125 - Set database path to: C:\Users\pwlub\.stmcufinder\plugins\mcufinder//mcu/
2025-07-10 17:03:57,655 [WARN] DbFile:41 - Overriding database path with different value: C:\Users\pwlub\.stmcufinder\plugins\mcufinder/ => C:\Users\pwlub\.stmcufinder\plugins\mcufinder
2025-07-10 17:03:57,655 [WARN] DbFile:41 - Overriding database path with different value: C:\Users\pwlub\.stmcufinder\plugins\mcufinder/ => C:\Users\pwlub\.stmcufinder\plugins\mcufinder
2025-07-10 17:03:57,656 [INFO] CrossReferenceDbSqlite:203 - Set database path to: C:\Users\pwlub\.stmcufinder\plugins\mcufinder//mcu/cs/
2025-07-10 17:03:57,708 [INFO] ApplicationProperties:184 - Using Application install path: C:\ST\STM32CubeIDE_1.18.0\STM32CubeIDE\plugins\com.st.stm32cube.common.mx_6.14.0.202502271554
2025-07-10 17:03:57,711 [INFO] PluginManage:196 - Search for loadable plugins [exclusion list=, ]
2025-07-10 17:03:57,714 [INFO] PluginManage:310 - Check plugin analytics
2025-07-10 17:03:58,136 [INFO] AnalyticsPlugin:253 - Accepted Software Licenses: STM32CubeMX.6.14.0
2025-07-10 17:03:58,137 [INFO] AnalyticsPlugin:255 - Accepted CMSIS Pack Licenses: 
2025-07-10 17:03:58,137 [INFO] AnalyticsPlugin:257 - Accepted Firmware Licenses: FW.G4.1.5.0,FW.G4.1.6.0
2025-07-10 17:03:58,141 [INFO] PluginManage:359 - Loaded plugin analytics (category:tool,tabindex:-1)
2025-07-10 17:03:58,142 [INFO] PluginManage:310 - Check plugin cadmodel
2025-07-10 17:03:58,174 [INFO] CADModel:105 - Init CAD model plugin
2025-07-10 17:03:58,174 [INFO] PluginManage:359 - Loaded plugin cadmodel (category:power,tabindex:5)
2025-07-10 17:03:58,174 [INFO] PluginManage:310 - Check plugin clock
2025-07-10 17:03:58,195 [INFO] PluginManage:359 - Loaded plugin clock (category:base,tabindex:2)
2025-07-10 17:03:58,195 [INFO] PluginManage:310 - Check plugin ddr
2025-07-10 17:03:58,200 [INFO] PluginManage:359 - Loaded plugin ddr (category:tool,tabindex:6)
2025-07-10 17:03:58,201 [INFO] PluginManage:310 - Check plugin filemanager
2025-07-10 17:03:58,326 [ERROR] ConfigurationRetriever:142 - IOException on connection: sw-center.st.com
2025-07-10 17:03:58,331 [ERROR] ConfigurationRetriever:142 - IOException on connection: sw-center.st.com
2025-07-10 17:03:58,337 [ERROR] ConfigurationRetriever:142 - IOException on connection: sw-center.st.com
2025-07-10 17:03:58,828 [INFO] PluginManage:359 - Loaded plugin filemanager (category:base,tabindex:10)
2025-07-10 17:03:58,829 [INFO] PluginManage:310 - Check plugin ipmanager
2025-07-10 17:03:58,842 [INFO] PluginManage:359 - Loaded plugin ipmanager (category:base,tabindex:5)
2025-07-10 17:03:58,842 [INFO] PluginManage:310 - Check plugin lpbam
2025-07-10 17:03:58,885 [INFO] PluginManage:359 - Loaded plugin lpbam (category:base,tabindex:0)
2025-07-10 17:03:58,885 [INFO] PluginManage:310 - Check plugin memorymap
2025-07-10 17:03:58,919 [INFO] PluginManage:359 - Loaded plugin memorymap (category:base,tabindex:4)
2025-07-10 17:03:58,919 [INFO] PluginManage:310 - Check plugin pinoutandconfiguration
2025-07-10 17:03:58,940 [INFO] PluginManage:359 - Loaded plugin pinoutandconfiguration (category:base,tabindex:1)
2025-07-10 17:03:58,940 [INFO] PluginManage:310 - Check plugin pinoutconfig
2025-07-10 17:03:59,255 [WARN] SupportedApi:132 - Cannot load RTOS API schema: s4s-elt-must-match.1: The content of 'definitions' must match (annotation?, (simpleType | complexType)?, (unique | key | keyref)*)). A problem was found starting at: attribute.
2025-07-10 17:03:59,574 [INFO] PluginManage:359 - Loaded plugin pinoutconfig (category:base,tabindex:0)
2025-07-10 17:03:59,574 [INFO] PluginManage:310 - Check plugin power
2025-07-10 17:03:59,597 [INFO] PluginManage:359 - Loaded plugin power (category:power,tabindex:4)
2025-07-10 17:03:59,597 [INFO] PluginManage:310 - Check plugin projectmanager
2025-07-10 17:03:59,648 [INFO] PluginManage:359 - Loaded plugin projectmanager (category:projectmanager,tabindex:4)
2025-07-10 17:03:59,648 [INFO] PluginManage:310 - Check plugin rif
2025-07-10 17:03:59,664 [INFO] PluginManage:359 - Loaded plugin rif (category:base,tabindex:3)
2025-07-10 17:03:59,665 [INFO] PluginManage:310 - Check plugin thirdparty
2025-07-10 17:04:00,006 [INFO] PluginManage:359 - Loaded plugin thirdparty (category:base,tabindex:-1)
2025-07-10 17:04:00,006 [INFO] PluginManage:310 - Check plugin tools
2025-07-10 17:04:00,012 [INFO] PluginManage:359 - Loaded plugin tools (category:base,tabindex:7)
2025-07-10 17:04:00,012 [INFO] PluginManage:310 - Check plugin tutovideos
2025-07-10 17:04:00,063 [WARN] IntegrityCheckThread:84 - waiting for thirdparty lock release [integrity check]
2025-07-10 17:04:00,064 [INFO] IntegrityCheckThread:86 - entering critical section [integrity check]
2025-07-10 17:04:00,064 [INFO] ThirdPartyUpdaterWithRetryManager:70 - Updater plugin not ready yet. [1/15]
2025-07-10 17:04:00,517 [INFO] PluginManage:359 - Loaded plugin tutovideos (category:base,tabindex:-1)
2025-07-10 17:04:00,517 [INFO] PluginManage:310 - Check plugin updater
2025-07-10 17:04:00,641 [INFO] PluginManage:359 - Loaded plugin updater (category:base,tabindex:12)
2025-07-10 17:04:00,641 [INFO] PluginManage:310 - Check plugin userauth
2025-07-10 17:04:00,650 [INFO] UserAuth:118 - Init User Auth plugin
2025-07-10 17:04:00,651 [INFO] PluginManage:359 - Loaded plugin userauth (category:base,tabindex:14)
2025-07-10 17:04:00,652 [INFO] PluginManage:283 - PluginManage : Loaded plugins [18]
2025-07-10 17:04:01,732 [INFO] PinOutPanel:1589 - setPackage(No Configuration,No Configuration)
2025-07-10 17:04:02,128 [INFO] CADModel:165 - CPN selected for project level
2025-07-10 17:04:02,128 [INFO] CADModel:114 - Register for checkConnection events
2025-07-10 17:04:02,161 [INFO] IPUIPlugin:80 - create IPUIPlugin
2025-07-10 17:04:02,161 [INFO] PluginManager:220 - loadIPPluginJar : add adc
2025-07-10 17:04:02,167 [INFO] IPUIPlugin:80 - create IPUIPlugin
2025-07-10 17:04:02,167 [INFO] PluginManager:220 - loadIPPluginJar : add aes
2025-07-10 17:04:02,173 [INFO] IPUIPlugin:80 - create IPUIPlugin
2025-07-10 17:04:02,173 [INFO] PluginManager:220 - loadIPPluginJar : add can
2025-07-10 17:04:02,177 [INFO] IPUIPlugin:80 - create IPUIPlugin
2025-07-10 17:04:02,177 [INFO] PluginManager:220 - loadIPPluginJar : add comp
2025-07-10 17:04:02,183 [INFO] IPUIPlugin:80 - create IPUIPlugin
2025-07-10 17:04:02,183 [INFO] PluginManager:220 - loadIPPluginJar : add cryp
2025-07-10 17:04:02,191 [INFO] IPUIPlugin:80 - create IPUIPlugin
2025-07-10 17:04:02,191 [INFO] PluginManager:220 - loadIPPluginJar : add ddr_ctrl_phy
2025-07-10 17:04:02,196 [INFO] IPUIPlugin:80 - create IPUIPlugin
2025-07-10 17:04:02,196 [INFO] PluginManager:220 - loadIPPluginJar : add dfsdm
2025-07-10 17:04:02,206 [INFO] IPUIPlugin:80 - create IPUIPlugin
2025-07-10 17:04:02,207 [INFO] PluginManager:220 - loadIPPluginJar : add dma
2025-07-10 17:04:02,212 [INFO] IPUIPlugin:80 - create IPUIPlugin
2025-07-10 17:04:02,212 [INFO] PluginManager:220 - loadIPPluginJar : add dma3
2025-07-10 17:04:02,218 [INFO] IPUIPlugin:80 - create IPUIPlugin
2025-07-10 17:04:02,218 [INFO] PluginManager:220 - loadIPPluginJar : add extmemmanager
2025-07-10 17:04:02,222 [INFO] IPUIPlugin:80 - create IPUIPlugin
2025-07-10 17:04:02,222 [INFO] PluginManager:220 - loadIPPluginJar : add fatfs
2025-07-10 17:04:02,256 [INFO] IPUIPlugin:80 - create IPUIPlugin
2025-07-10 17:04:02,256 [INFO] PluginManager:220 - loadIPPluginJar : add fmc
2025-07-10 17:04:02,266 [INFO] IPUIPlugin:80 - create IPUIPlugin
2025-07-10 17:04:02,267 [INFO] PluginManager:220 - loadIPPluginJar : add freertos
2025-07-10 17:04:02,272 [INFO] IPUIPlugin:80 - create IPUIPlugin
2025-07-10 17:04:02,272 [INFO] PluginManager:220 - loadIPPluginJar : add genericplugin
2025-07-10 17:04:02,277 [INFO] IPUIPlugin:80 - create IPUIPlugin
2025-07-10 17:04:02,278 [INFO] PluginManager:220 - loadIPPluginJar : add gfxmmu
2025-07-10 17:04:02,287 [INFO] IPUIPlugin:80 - create IPUIPlugin
2025-07-10 17:04:02,287 [INFO] PluginManager:220 - loadIPPluginJar : add gic
2025-07-10 17:04:02,295 [INFO] IPUIPlugin:80 - create IPUIPlugin
2025-07-10 17:04:02,295 [INFO] PluginManager:220 - loadIPPluginJar : add gpio
2025-07-10 17:04:02,301 [INFO] IPUIPlugin:80 - create IPUIPlugin
2025-07-10 17:04:02,302 [INFO] PluginManager:220 - loadIPPluginJar : add gtzc
2025-07-10 17:04:02,310 [INFO] IPUIPlugin:80 - create IPUIPlugin
2025-07-10 17:04:02,310 [INFO] PluginManager:220 - loadIPPluginJar : add hash
2025-07-10 17:04:02,316 [INFO] IPUIPlugin:80 - create IPUIPlugin
2025-07-10 17:04:02,316 [INFO] PluginManager:220 - loadIPPluginJar : add i2c
2025-07-10 17:04:02,323 [INFO] IPUIPlugin:80 - create IPUIPlugin
2025-07-10 17:04:02,324 [INFO] PluginManager:220 - loadIPPluginJar : add i2s
2025-07-10 17:04:02,330 [INFO] IPUIPlugin:80 - create IPUIPlugin
2025-07-10 17:04:02,330 [INFO] PluginManager:220 - loadIPPluginJar : add i3c
2025-07-10 17:04:02,337 [INFO] IPUIPlugin:80 - create IPUIPlugin
2025-07-10 17:04:02,337 [INFO] PluginManager:220 - loadIPPluginJar : add ipddr
2025-07-10 17:04:02,350 [INFO] IPUIPlugin:80 - create IPUIPlugin
2025-07-10 17:04:02,350 [INFO] PluginManager:220 - loadIPPluginJar : add linkedlist
2025-07-10 17:04:02,357 [INFO] IPUIPlugin:80 - create IPUIPlugin
2025-07-10 17:04:02,357 [INFO] PluginManager:220 - loadIPPluginJar : add lorawan
2025-07-10 17:04:02,362 [INFO] IPUIPlugin:80 - create IPUIPlugin
2025-07-10 17:04:02,362 [INFO] PluginManager:220 - loadIPPluginJar : add ltdc
2025-07-10 17:04:02,373 [INFO] IPUIPlugin:80 - create IPUIPlugin
2025-07-10 17:04:02,387 [INFO] PluginManager:220 - loadIPPluginJar : add mdma
2025-07-10 17:04:02,394 [INFO] IPUIPlugin:80 - create IPUIPlugin
2025-07-10 17:04:02,395 [INFO] PluginManager:220 - loadIPPluginJar : add nvic
2025-07-10 17:04:02,401 [INFO] IPUIPlugin:80 - create IPUIPlugin
2025-07-10 17:04:02,401 [INFO] PluginManager:220 - loadIPPluginJar : add opamp
2025-07-10 17:04:02,410 [INFO] IPUIPlugin:80 - create IPUIPlugin
2025-07-10 17:04:02,410 [INFO] PluginManager:220 - loadIPPluginJar : add openamp
2025-07-10 17:04:02,417 [INFO] IPUIPlugin:80 - create IPUIPlugin
2025-07-10 17:04:02,418 [INFO] PluginManager:220 - loadIPPluginJar : add pdm2pcm
2025-07-10 17:04:02,429 [INFO] IPUIPlugin:80 - create IPUIPlugin
2025-07-10 17:04:02,433 [INFO] PluginManager:220 - loadIPPluginJar : add plateformsettings
2025-07-10 17:04:02,437 [INFO] IPUIPlugin:80 - create IPUIPlugin
2025-07-10 17:04:02,437 [INFO] PluginManager:220 - loadIPPluginJar : add quadspi
2025-07-10 17:04:02,441 [INFO] IPUIPlugin:80 - create IPUIPlugin
2025-07-10 17:04:02,443 [INFO] PluginManager:220 - loadIPPluginJar : add radio
2025-07-10 17:04:02,453 [INFO] IPUIPlugin:80 - create IPUIPlugin
2025-07-10 17:04:02,453 [INFO] PluginManager:220 - loadIPPluginJar : add resmgrutility
2025-07-10 17:04:02,460 [INFO] IPUIPlugin:80 - create IPUIPlugin
2025-07-10 17:04:02,460 [INFO] PluginManager:220 - loadIPPluginJar : add sai
2025-07-10 17:04:02,466 [INFO] IPUIPlugin:80 - create IPUIPlugin
2025-07-10 17:04:02,466 [INFO] PluginManager:220 - loadIPPluginJar : add spi
2025-07-10 17:04:02,478 [INFO] IPUIPlugin:80 - create IPUIPlugin
2025-07-10 17:04:02,478 [INFO] PluginManager:220 - loadIPPluginJar : add stm32_wpan
2025-07-10 17:04:02,482 [INFO] IPUIPlugin:80 - create IPUIPlugin
2025-07-10 17:04:02,482 [INFO] PluginManager:220 - loadIPPluginJar : add tim
2025-07-10 17:04:02,489 [INFO] IPUIPlugin:80 - create IPUIPlugin
2025-07-10 17:04:02,490 [INFO] PluginManager:220 - loadIPPluginJar : add touchsensing
2025-07-10 17:04:02,495 [INFO] IPUIPlugin:80 - create IPUIPlugin
2025-07-10 17:04:02,495 [INFO] PluginManager:220 - loadIPPluginJar : add tracer_emb
2025-07-10 17:04:02,513 [INFO] IPUIPlugin:80 - create IPUIPlugin
2025-07-10 17:04:02,513 [INFO] PluginManager:220 - loadIPPluginJar : add ts
2025-07-10 17:04:02,517 [INFO] IPUIPlugin:80 - create IPUIPlugin
2025-07-10 17:04:02,518 [INFO] PluginManager:220 - loadIPPluginJar : add tsc
2025-07-10 17:04:02,522 [INFO] IPUIPlugin:80 - create IPUIPlugin
2025-07-10 17:04:02,522 [INFO] PluginManager:220 - loadIPPluginJar : add ucpd
2025-07-10 17:04:02,527 [INFO] IPUIPlugin:80 - create IPUIPlugin
2025-07-10 17:04:02,528 [INFO] PluginManager:220 - loadIPPluginJar : add usart
2025-07-10 17:04:02,534 [INFO] IPUIPlugin:80 - create IPUIPlugin
2025-07-10 17:04:02,534 [INFO] PluginManager:220 - loadIPPluginJar : add usbx
2025-07-10 17:04:02,843 [FATAL] Updater:351 - Updater called before beeing initialized
2025-07-10 17:04:02,901 [INFO] RulesReader:64 - Compatibility file has been processed (301 Rules)
2025-07-10 17:04:02,927 [INFO] RulesReader:64 - Compatibility file has been processed (301 Rules)
2025-07-10 17:04:02,941 [INFO] CADModel:165 - CPN selected for project level
2025-07-10 17:04:02,942 [INFO] CADModel:114 - Register for checkConnection events
2025-07-10 17:04:02,942 [FATAL] Updater:351 - Updater called before beeing initialized
2025-07-10 17:04:02,942 [ERROR] CADModel:125 - Updater not yet initialized, retry later 
2025-07-10 17:04:03,065 [INFO] ThirdPartyUpdaterWithRetryManager:70 - Updater plugin not ready yet. [2/15]
2025-07-10 17:04:03,225 [FATAL] Updater:351 - Updater called before beeing initialized
2025-07-10 17:04:03,229 [INFO] CADModel:165 - CPN selected for project level
2025-07-10 17:04:03,229 [INFO] CADModel:114 - Register for checkConnection events
2025-07-10 17:04:03,229 [FATAL] Updater:351 - Updater called before beeing initialized
2025-07-10 17:04:03,230 [ERROR] CADModel:125 - Updater not yet initialized, retry later 
2025-07-10 17:04:03,235 [FATAL] Updater:351 - Updater called before beeing initialized
2025-07-10 17:04:03,538 [FATAL] Updater:351 - Updater called before beeing initialized
2025-07-10 17:04:03,563 [INFO] DbMcusAds:53 - JSON generation date=Thu Mar 06 15:54:21 CET 2025 (1741272861825)
2025-07-10 17:04:03,564 [FATAL] Updater:351 - Updater called before beeing initialized
2025-07-10 17:04:03,736 [WARN] DetailPanel:346 - Failed to get advertising image, set to default
2025-07-10 17:04:04,460 [FATAL] Updater:351 - Updater called before beeing initialized
2025-07-10 17:04:04,463 [FATAL] Updater:351 - Updater called before beeing initialized
2025-07-10 17:04:04,463 [FATAL] Updater:351 - Updater called before beeing initialized
2025-07-10 17:04:04,463 [WARN] DetailPanel:346 - Failed to get advertising image, set to default
2025-07-10 17:04:04,464 [FATAL] Updater:351 - Updater called before beeing initialized
2025-07-10 17:04:04,867 [ERROR] Updater:1198 - MainUpdater not yet initialized. External WinMGr cannot be set.
2025-07-10 17:04:04,871 [INFO] Updater:1134 - Updater Version found : 6.14.0
2025-07-10 17:04:04,932 [INFO] ApplicationProperties:184 - Using Application install path: C:\ST\STM32CubeIDE_1.18.0\STM32CubeIDE\plugins\com.st.stm32cube.common.mx_6.14.0.202502271554
2025-07-10 17:04:06,066 [FATAL] Updater:351 - Updater called before beeing initialized
2025-07-10 17:04:06,067 [ERROR] IntegrityCheckThread:130 - Cannot retrieve database content from updater: error 21
2025-07-10 17:04:06,067 [INFO] ThirdParty:978 - Integrity check success = false
2025-07-10 17:04:06,067 [INFO] IntegrityCheckThread:100 - exiting critical section [integrity check]
2025-07-10 17:04:06,067 [INFO] IntegrityCheckThread:103 - End integrity checks thread
2025-07-10 17:04:06,585 [ERROR] LogOutputStream:75 - [STDERR_REDIRECT] Jul 10, 2025 5:04:06 PM java.util.prefs.WindowsPreferences <init>
2025-07-10 17:04:06,590 [ERROR] LogOutputStream:75 - [STDERR_REDIRECT] WARNING: Could not open/create prefs root node Software\JavaSoft\Prefs at root 0xffffffff80000002. Windows RegCreateKeyEx(...) returned error code 5.
2025-07-10 17:04:06,591 [ERROR] LogOutputStream:75 - [STDERR_REDIRECT] 
2025-07-10 17:04:07,222 [INFO] MainUpdater:2872 - connection check result : 22
2025-07-10 17:04:07,223 [INFO] MainUpdater:289 - Updater Check For Update Now.
2025-07-10 17:04:07,224 [INFO] MicroXplorer:498 - Change Database Version : DB.6.0.140
2025-07-10 17:04:07,234 [INFO] McuFinderGlobals:63 - Set McuFinder mode to 2 (CubeIDE integrated)
2025-07-10 17:04:07,248 [INFO] UserAuth:486 - Internet connection configuration mode: 2
2025-07-10 17:04:07,260 [INFO] UserAuth:486 - Internet connection configuration mode: 2
2025-07-10 17:04:07,794 [INFO] CheckServerUpdateThread:120 - End of CheckServer Thread
2025-07-10 17:04:08,348 [ERROR] LogOutputStream:75 - [STDERR_REDIRECT] Jul 10, 2025 5:04:08 PM org.glassfish.grizzly.http.server.NetworkListener start
2025-07-10 17:04:08,350 [ERROR] LogOutputStream:75 - [STDERR_REDIRECT] INFO: Started listener bound to [localhost:16721]
2025-07-10 17:04:08,351 [ERROR] LogOutputStream:75 - [STDERR_REDIRECT] 
2025-07-10 17:04:08,354 [ERROR] LogOutputStream:75 - [STDERR_REDIRECT] Jul 10, 2025 5:04:08 PM org.glassfish.grizzly.http.server.HttpServer start
2025-07-10 17:04:08,355 [ERROR] LogOutputStream:75 - [STDERR_REDIRECT] INFO: [HttpServer] Started.
2025-07-10 17:04:08,355 [ERROR] LogOutputStream:75 - [STDERR_REDIRECT] 
2025-07-10 17:06:38,513 [ERROR] ConfigurationRetriever:142 - IOException on connection: sw-center.st.com
2025-07-10 17:06:38,566 [ERROR] ConfigurationRetriever:142 - IOException on connection: sw-center.st.com
2025-07-10 17:06:38,592 [ERROR] ConfigurationRetriever:142 - IOException on connection: sw-center.st.com
2025-07-10 17:06:39,248 [ERROR] ConfigurationRetriever:142 - IOException on connection: sw-center.st.com
2025-07-10 17:06:39,256 [ERROR] ConfigurationRetriever:142 - IOException on connection: sw-center.st.com
2025-07-10 17:06:39,268 [ERROR] ConfigurationRetriever:142 - IOException on connection: sw-center.st.com
2025-07-10 17:07:40,635 [ERROR] ConfigurationRetriever:142 - IOException on connection: sw-center.st.com
2025-07-10 17:07:40,644 [ERROR] ConfigurationRetriever:142 - IOException on connection: sw-center.st.com
2025-07-10 17:07:40,650 [ERROR] ConfigurationRetriever:142 - IOException on connection: sw-center.st.com
2025-07-10 17:11:52,204 [ERROR] ConfigurationRetriever:142 - IOException on connection: sw-center.st.com
2025-07-10 17:11:52,208 [ERROR] ConfigurationRetriever:142 - IOException on connection: sw-center.st.com
2025-07-10 17:11:52,212 [ERROR] ConfigurationRetriever:142 - IOException on connection: sw-center.st.com
2025-07-10 17:11:56,705 [ERROR] LogOutputStream:75 - [STDERR_REDIRECT] 
2025-07-10 17:14:16,405 [INFO] Activator:176 - 


2025-07-10 17:14:16,409 [INFO] Activator:177 - !SESSION log4j initialized
2025-07-10 17:14:30,012 [INFO] LogOutputStream:77 - [STDOUT_REDIRECT] 
2025-07-10 17:14:31,793 [ERROR] ConfigurationRetriever:142 - IOException on connection: sw-center.st.com
2025-07-10 17:14:31,820 [ERROR] ConfigurationRetriever:142 - IOException on connection: sw-center.st.com
2025-07-10 17:14:31,827 [ERROR] ConfigurationRetriever:142 - IOException on connection: sw-center.st.com
2025-07-10 17:14:32,079 [INFO] LogOutputStream:77 - [STDOUT_REDIRECT] 
2025-07-10 17:14:34,165 [INFO] ApplicationProperties:184 - Using Application install path: C:\ST\STM32CubeIDE_1.18.0\STM32CubeIDE\plugins\com.st.stm32cube.common.mx_6.14.0.202502271554
2025-07-10 17:14:34,195 [INFO] DbMcusXml:78 - Set database path to: C:\ST\STM32CubeIDE_1.18.0\STM32CubeIDE\plugins\com.st.stm32cube.common.mx_6.14.0.202502271554\\db\/mcu/
2025-07-10 17:14:34,195 [INFO] ApiDb:274 - Set plugin database path to: C:\ST\STM32CubeIDE_1.18.0\STM32CubeIDE\plugins\com.st.stm32cube.common.mx_6.14.0.202502271554\\db\/plugins/boardmanager/
2025-07-10 17:14:34,196 [WARN] ApiDb:259 - Overriding images path with different value:  => C:\ST\STM32CubeIDE_1.18.0\STM32CubeIDE\plugins\com.st.stm32cube.common.mx_6.14.0.202502271554\\db\/plugins/mcufinder/images/
2025-07-10 17:14:34,207 [INFO] ApiDb:250 - Set database path to: C:\Users\pwlub\.stmcufinder\plugins\mcufinder//mcu/
2025-07-10 17:14:34,209 [INFO] DbMcusAds:125 - Set database path to: C:\Users\pwlub\.stmcufinder\plugins\mcufinder//mcu/
2025-07-10 17:14:34,213 [INFO] CrossReferenceDbSqlite:203 - Set database path to: C:\Users\pwlub\.stmcufinder\plugins\mcufinder//mcu/cs/
2025-07-10 17:14:34,466 [INFO] RulesReader:64 - Compatibility file has been processed (301 Rules)
2025-07-10 17:14:34,628 [INFO] DbMcusXml:78 - Set database path to: C:\ST\STM32CubeIDE_1.18.0\STM32CubeIDE\plugins\com.st.stm32cube.common.mx_6.14.0.202502271554\\db\/mcu/
2025-07-10 17:14:34,629 [INFO] ApiDb:274 - Set plugin database path to: C:\ST\STM32CubeIDE_1.18.0\STM32CubeIDE\plugins\com.st.stm32cube.common.mx_6.14.0.202502271554\\db\/plugins/boardmanager/
2025-07-10 17:14:34,629 [INFO] ApiDb:261 - Set plugin images path to: C:\ST\STM32CubeIDE_1.18.0\STM32CubeIDE\plugins\com.st.stm32cube.common.mx_6.14.0.202502271554\\db\/plugins/mcufinder/images/
2025-07-10 17:14:34,629 [WARN] DbFile:41 - Overriding database path with different value: C:\Users\pwlub\.stmcufinder\plugins\mcufinder/ => C:\Users\pwlub\.stmcufinder\plugins\mcufinder
2025-07-10 17:14:34,629 [INFO] ApiDb:250 - Set database path to: C:\Users\pwlub\.stmcufinder\plugins\mcufinder//mcu/
2025-07-10 17:14:34,629 [WARN] DbFile:41 - Overriding database path with different value: C:\Users\pwlub\.stmcufinder\plugins\mcufinder/ => C:\Users\pwlub\.stmcufinder\plugins\mcufinder
2025-07-10 17:14:34,630 [INFO] DbMcusAds:125 - Set database path to: C:\Users\pwlub\.stmcufinder\plugins\mcufinder//mcu/
2025-07-10 17:14:34,630 [WARN] DbFile:41 - Overriding database path with different value: C:\Users\pwlub\.stmcufinder\plugins\mcufinder/ => C:\Users\pwlub\.stmcufinder\plugins\mcufinder
2025-07-10 17:14:34,630 [WARN] DbFile:41 - Overriding database path with different value: C:\Users\pwlub\.stmcufinder\plugins\mcufinder/ => C:\Users\pwlub\.stmcufinder\plugins\mcufinder
2025-07-10 17:14:34,630 [INFO] CrossReferenceDbSqlite:203 - Set database path to: C:\Users\pwlub\.stmcufinder\plugins\mcufinder//mcu/cs/
2025-07-10 17:14:34,790 [INFO] MainPanel:272 - HeapMemory: 268435456
2025-07-10 17:14:34,936 [INFO] DbMcusXml:78 - Set database path to: C:\ST\STM32CubeIDE_1.18.0\STM32CubeIDE\plugins\com.st.stm32cube.common.mx_6.14.0.202502271554\\db\/mcu/
2025-07-10 17:14:34,937 [INFO] ApiDb:274 - Set plugin database path to: C:\ST\STM32CubeIDE_1.18.0\STM32CubeIDE\plugins\com.st.stm32cube.common.mx_6.14.0.202502271554\\db\/plugins/boardmanager/
2025-07-10 17:14:34,937 [INFO] ApiDb:261 - Set plugin images path to: C:\ST\STM32CubeIDE_1.18.0\STM32CubeIDE\plugins\com.st.stm32cube.common.mx_6.14.0.202502271554\\db\/plugins/mcufinder/images/
2025-07-10 17:14:34,938 [WARN] DbFile:41 - Overriding database path with different value: C:\Users\pwlub\.stmcufinder\plugins\mcufinder/ => C:\Users\pwlub\.stmcufinder\plugins\mcufinder
2025-07-10 17:14:34,938 [INFO] ApiDb:250 - Set database path to: C:\Users\pwlub\.stmcufinder\plugins\mcufinder//mcu/
2025-07-10 17:14:34,938 [WARN] DbFile:41 - Overriding database path with different value: C:\Users\pwlub\.stmcufinder\plugins\mcufinder/ => C:\Users\pwlub\.stmcufinder\plugins\mcufinder
2025-07-10 17:14:34,939 [INFO] DbMcusAds:125 - Set database path to: C:\Users\pwlub\.stmcufinder\plugins\mcufinder//mcu/
2025-07-10 17:14:34,939 [WARN] DbFile:41 - Overriding database path with different value: C:\Users\pwlub\.stmcufinder\plugins\mcufinder/ => C:\Users\pwlub\.stmcufinder\plugins\mcufinder
2025-07-10 17:14:34,939 [WARN] DbFile:41 - Overriding database path with different value: C:\Users\pwlub\.stmcufinder\plugins\mcufinder/ => C:\Users\pwlub\.stmcufinder\plugins\mcufinder
2025-07-10 17:14:34,939 [INFO] CrossReferenceDbSqlite:203 - Set database path to: C:\Users\pwlub\.stmcufinder\plugins\mcufinder//mcu/cs/
2025-07-10 17:14:34,983 [INFO] ApplicationProperties:184 - Using Application install path: C:\ST\STM32CubeIDE_1.18.0\STM32CubeIDE\plugins\com.st.stm32cube.common.mx_6.14.0.202502271554
2025-07-10 17:14:34,986 [INFO] PluginManage:196 - Search for loadable plugins [exclusion list=, ]
2025-07-10 17:14:34,989 [INFO] PluginManage:310 - Check plugin analytics
2025-07-10 17:14:35,404 [INFO] AnalyticsPlugin:253 - Accepted Software Licenses: STM32CubeMX.6.14.0
2025-07-10 17:14:35,405 [INFO] AnalyticsPlugin:255 - Accepted CMSIS Pack Licenses: 
2025-07-10 17:14:35,405 [INFO] AnalyticsPlugin:257 - Accepted Firmware Licenses: FW.G4.1.5.0,FW.G4.1.6.0
2025-07-10 17:14:35,409 [INFO] PluginManage:359 - Loaded plugin analytics (category:tool,tabindex:-1)
2025-07-10 17:14:35,410 [INFO] PluginManage:310 - Check plugin cadmodel
2025-07-10 17:14:35,417 [INFO] CADModel:105 - Init CAD model plugin
2025-07-10 17:14:35,417 [INFO] PluginManage:359 - Loaded plugin cadmodel (category:power,tabindex:5)
2025-07-10 17:14:35,418 [INFO] PluginManage:310 - Check plugin clock
2025-07-10 17:14:35,452 [INFO] PluginManage:359 - Loaded plugin clock (category:base,tabindex:2)
2025-07-10 17:14:35,452 [INFO] PluginManage:310 - Check plugin ddr
2025-07-10 17:14:35,456 [INFO] PluginManage:359 - Loaded plugin ddr (category:tool,tabindex:6)
2025-07-10 17:14:35,457 [INFO] PluginManage:310 - Check plugin filemanager
2025-07-10 17:14:35,466 [ERROR] ConfigurationRetriever:142 - IOException on connection: sw-center.st.com
2025-07-10 17:14:35,481 [ERROR] ConfigurationRetriever:142 - IOException on connection: sw-center.st.com
2025-07-10 17:14:35,489 [ERROR] ConfigurationRetriever:142 - IOException on connection: sw-center.st.com
2025-07-10 17:14:35,789 [INFO] PluginManage:359 - Loaded plugin filemanager (category:base,tabindex:10)
2025-07-10 17:14:35,789 [INFO] PluginManage:310 - Check plugin ipmanager
2025-07-10 17:14:35,801 [INFO] PluginManage:359 - Loaded plugin ipmanager (category:base,tabindex:5)
2025-07-10 17:14:35,801 [INFO] PluginManage:310 - Check plugin lpbam
2025-07-10 17:14:35,832 [INFO] PluginManage:359 - Loaded plugin lpbam (category:base,tabindex:0)
2025-07-10 17:14:35,832 [INFO] PluginManage:310 - Check plugin memorymap
2025-07-10 17:14:35,857 [INFO] PluginManage:359 - Loaded plugin memorymap (category:base,tabindex:4)
2025-07-10 17:14:35,857 [INFO] PluginManage:310 - Check plugin pinoutandconfiguration
2025-07-10 17:14:35,871 [INFO] PluginManage:359 - Loaded plugin pinoutandconfiguration (category:base,tabindex:1)
2025-07-10 17:14:35,871 [INFO] PluginManage:310 - Check plugin pinoutconfig
2025-07-10 17:14:36,079 [WARN] SupportedApi:132 - Cannot load RTOS API schema: s4s-elt-must-match.1: The content of 'definitions' must match (annotation?, (simpleType | complexType)?, (unique | key | keyref)*)). A problem was found starting at: attribute.
2025-07-10 17:14:36,380 [INFO] PluginManage:359 - Loaded plugin pinoutconfig (category:base,tabindex:0)
2025-07-10 17:14:36,381 [INFO] PluginManage:310 - Check plugin power
2025-07-10 17:14:36,394 [INFO] PluginManage:359 - Loaded plugin power (category:power,tabindex:4)
2025-07-10 17:14:36,394 [INFO] PluginManage:310 - Check plugin projectmanager
2025-07-10 17:14:36,427 [INFO] PluginManage:359 - Loaded plugin projectmanager (category:projectmanager,tabindex:4)
2025-07-10 17:14:36,427 [INFO] PluginManage:310 - Check plugin rif
2025-07-10 17:14:36,438 [INFO] PluginManage:359 - Loaded plugin rif (category:base,tabindex:3)
2025-07-10 17:14:36,438 [INFO] PluginManage:310 - Check plugin thirdparty
2025-07-10 17:14:36,716 [INFO] PluginManage:359 - Loaded plugin thirdparty (category:base,tabindex:-1)
2025-07-10 17:14:36,717 [INFO] PluginManage:310 - Check plugin tools
2025-07-10 17:14:36,721 [INFO] PluginManage:359 - Loaded plugin tools (category:base,tabindex:7)
2025-07-10 17:14:36,722 [INFO] PluginManage:310 - Check plugin tutovideos
2025-07-10 17:14:36,762 [WARN] IntegrityCheckThread:84 - waiting for thirdparty lock release [integrity check]
2025-07-10 17:14:36,764 [INFO] IntegrityCheckThread:86 - entering critical section [integrity check]
2025-07-10 17:14:36,765 [INFO] ThirdPartyUpdaterWithRetryManager:70 - Updater plugin not ready yet. [1/15]
2025-07-10 17:14:37,072 [INFO] PluginManage:359 - Loaded plugin tutovideos (category:base,tabindex:-1)
2025-07-10 17:14:37,073 [INFO] PluginManage:310 - Check plugin updater
2025-07-10 17:14:37,213 [INFO] PluginManage:359 - Loaded plugin updater (category:base,tabindex:12)
2025-07-10 17:14:37,213 [INFO] PluginManage:310 - Check plugin userauth
2025-07-10 17:14:37,220 [INFO] UserAuth:118 - Init User Auth plugin
2025-07-10 17:14:37,222 [INFO] PluginManage:359 - Loaded plugin userauth (category:base,tabindex:14)
2025-07-10 17:14:37,223 [INFO] PluginManage:283 - PluginManage : Loaded plugins [18]
2025-07-10 17:14:37,837 [INFO] PinOutPanel:1589 - setPackage(No Configuration,No Configuration)
2025-07-10 17:14:38,005 [INFO] CADModel:165 - CPN selected for project level
2025-07-10 17:14:38,005 [INFO] CADModel:114 - Register for checkConnection events
2025-07-10 17:14:38,041 [INFO] IPUIPlugin:80 - create IPUIPlugin
2025-07-10 17:14:38,041 [INFO] PluginManager:220 - loadIPPluginJar : add adc
2025-07-10 17:14:38,041 [INFO] IPUIPlugin:80 - create IPUIPlugin
2025-07-10 17:14:38,041 [INFO] PluginManager:220 - loadIPPluginJar : add aes
2025-07-10 17:14:38,052 [INFO] IPUIPlugin:80 - create IPUIPlugin
2025-07-10 17:14:38,052 [INFO] PluginManager:220 - loadIPPluginJar : add can
2025-07-10 17:14:38,052 [INFO] IPUIPlugin:80 - create IPUIPlugin
2025-07-10 17:14:38,052 [INFO] PluginManager:220 - loadIPPluginJar : add comp
2025-07-10 17:14:38,061 [INFO] IPUIPlugin:80 - create IPUIPlugin
2025-07-10 17:14:38,061 [INFO] PluginManager:220 - loadIPPluginJar : add cryp
2025-07-10 17:14:38,072 [INFO] IPUIPlugin:80 - create IPUIPlugin
2025-07-10 17:14:38,086 [INFO] PluginManager:220 - loadIPPluginJar : add ddr_ctrl_phy
2025-07-10 17:14:38,091 [INFO] IPUIPlugin:80 - create IPUIPlugin
2025-07-10 17:14:38,091 [INFO] PluginManager:220 - loadIPPluginJar : add dfsdm
2025-07-10 17:14:38,102 [INFO] IPUIPlugin:80 - create IPUIPlugin
2025-07-10 17:14:38,102 [INFO] PluginManager:220 - loadIPPluginJar : add dma
2025-07-10 17:14:38,109 [INFO] IPUIPlugin:80 - create IPUIPlugin
2025-07-10 17:14:38,109 [INFO] PluginManager:220 - loadIPPluginJar : add dma3
2025-07-10 17:14:38,109 [INFO] IPUIPlugin:80 - create IPUIPlugin
2025-07-10 17:14:38,109 [INFO] PluginManager:220 - loadIPPluginJar : add extmemmanager
2025-07-10 17:14:38,119 [INFO] IPUIPlugin:80 - create IPUIPlugin
2025-07-10 17:14:38,119 [INFO] PluginManager:220 - loadIPPluginJar : add fatfs
2025-07-10 17:14:38,124 [INFO] IPUIPlugin:80 - create IPUIPlugin
2025-07-10 17:14:38,124 [INFO] PluginManager:220 - loadIPPluginJar : add fmc
2025-07-10 17:14:38,140 [INFO] IPUIPlugin:80 - create IPUIPlugin
2025-07-10 17:14:38,142 [INFO] PluginManager:220 - loadIPPluginJar : add freertos
2025-07-10 17:14:38,143 [INFO] IPUIPlugin:80 - create IPUIPlugin
2025-07-10 17:14:38,143 [INFO] PluginManager:220 - loadIPPluginJar : add genericplugin
2025-07-10 17:14:38,143 [INFO] IPUIPlugin:80 - create IPUIPlugin
2025-07-10 17:14:38,143 [INFO] PluginManager:220 - loadIPPluginJar : add gfxmmu
2025-07-10 17:14:38,155 [INFO] IPUIPlugin:80 - create IPUIPlugin
2025-07-10 17:14:38,155 [INFO] PluginManager:220 - loadIPPluginJar : add gic
2025-07-10 17:14:38,155 [INFO] IPUIPlugin:80 - create IPUIPlugin
2025-07-10 17:14:38,155 [INFO] PluginManager:220 - loadIPPluginJar : add gpio
2025-07-10 17:14:38,171 [INFO] IPUIPlugin:80 - create IPUIPlugin
2025-07-10 17:14:38,171 [INFO] PluginManager:220 - loadIPPluginJar : add gtzc
2025-07-10 17:14:38,177 [INFO] IPUIPlugin:80 - create IPUIPlugin
2025-07-10 17:14:38,177 [INFO] PluginManager:220 - loadIPPluginJar : add hash
2025-07-10 17:14:38,177 [INFO] IPUIPlugin:80 - create IPUIPlugin
2025-07-10 17:14:38,177 [INFO] PluginManager:220 - loadIPPluginJar : add i2c
2025-07-10 17:14:38,189 [INFO] IPUIPlugin:80 - create IPUIPlugin
2025-07-10 17:14:38,189 [INFO] PluginManager:220 - loadIPPluginJar : add i2s
2025-07-10 17:14:38,191 [INFO] IPUIPlugin:80 - create IPUIPlugin
2025-07-10 17:14:38,191 [INFO] PluginManager:220 - loadIPPluginJar : add i3c
2025-07-10 17:14:38,191 [INFO] IPUIPlugin:80 - create IPUIPlugin
2025-07-10 17:14:38,191 [INFO] PluginManager:220 - loadIPPluginJar : add ipddr
2025-07-10 17:14:38,205 [INFO] IPUIPlugin:80 - create IPUIPlugin
2025-07-10 17:14:38,205 [INFO] PluginManager:220 - loadIPPluginJar : add linkedlist
2025-07-10 17:14:38,219 [INFO] IPUIPlugin:80 - create IPUIPlugin
2025-07-10 17:14:38,219 [INFO] PluginManager:220 - loadIPPluginJar : add lorawan
2025-07-10 17:14:38,219 [INFO] IPUIPlugin:80 - create IPUIPlugin
2025-07-10 17:14:38,219 [INFO] PluginManager:220 - loadIPPluginJar : add ltdc
2025-07-10 17:14:38,229 [INFO] IPUIPlugin:80 - create IPUIPlugin
2025-07-10 17:14:38,229 [INFO] PluginManager:220 - loadIPPluginJar : add mdma
2025-07-10 17:14:38,235 [INFO] IPUIPlugin:80 - create IPUIPlugin
2025-07-10 17:14:38,235 [INFO] PluginManager:220 - loadIPPluginJar : add nvic
2025-07-10 17:14:38,243 [INFO] IPUIPlugin:80 - create IPUIPlugin
2025-07-10 17:14:38,243 [INFO] PluginManager:220 - loadIPPluginJar : add opamp
2025-07-10 17:14:38,256 [INFO] IPUIPlugin:80 - create IPUIPlugin
2025-07-10 17:14:38,256 [INFO] PluginManager:220 - loadIPPluginJar : add openamp
2025-07-10 17:14:38,256 [INFO] IPUIPlugin:80 - create IPUIPlugin
2025-07-10 17:14:38,256 [INFO] PluginManager:220 - loadIPPluginJar : add pdm2pcm
2025-07-10 17:14:38,272 [INFO] IPUIPlugin:80 - create IPUIPlugin
2025-07-10 17:14:38,280 [INFO] PluginManager:220 - loadIPPluginJar : add plateformsettings
2025-07-10 17:14:38,280 [INFO] IPUIPlugin:80 - create IPUIPlugin
2025-07-10 17:14:38,280 [INFO] PluginManager:220 - loadIPPluginJar : add quadspi
2025-07-10 17:14:38,280 [INFO] IPUIPlugin:80 - create IPUIPlugin
2025-07-10 17:14:38,288 [INFO] PluginManager:220 - loadIPPluginJar : add radio
2025-07-10 17:14:38,290 [INFO] IPUIPlugin:80 - create IPUIPlugin
2025-07-10 17:14:38,290 [INFO] PluginManager:220 - loadIPPluginJar : add resmgrutility
2025-07-10 17:14:38,298 [INFO] IPUIPlugin:80 - create IPUIPlugin
2025-07-10 17:14:38,298 [INFO] PluginManager:220 - loadIPPluginJar : add sai
2025-07-10 17:14:38,302 [INFO] IPUIPlugin:80 - create IPUIPlugin
2025-07-10 17:14:38,302 [INFO] PluginManager:220 - loadIPPluginJar : add spi
2025-07-10 17:14:38,327 [INFO] IPUIPlugin:80 - create IPUIPlugin
2025-07-10 17:14:38,335 [INFO] PluginManager:220 - loadIPPluginJar : add stm32_wpan
2025-07-10 17:14:38,338 [INFO] IPUIPlugin:80 - create IPUIPlugin
2025-07-10 17:14:38,338 [INFO] PluginManager:220 - loadIPPluginJar : add tim
2025-07-10 17:14:38,338 [INFO] IPUIPlugin:80 - create IPUIPlugin
2025-07-10 17:14:38,338 [INFO] PluginManager:220 - loadIPPluginJar : add touchsensing
2025-07-10 17:14:38,338 [INFO] IPUIPlugin:80 - create IPUIPlugin
2025-07-10 17:14:38,338 [INFO] PluginManager:220 - loadIPPluginJar : add tracer_emb
2025-07-10 17:14:38,352 [INFO] IPUIPlugin:80 - create IPUIPlugin
2025-07-10 17:14:38,354 [INFO] PluginManager:220 - loadIPPluginJar : add ts
2025-07-10 17:14:38,354 [INFO] IPUIPlugin:80 - create IPUIPlugin
2025-07-10 17:14:38,354 [INFO] PluginManager:220 - loadIPPluginJar : add tsc
2025-07-10 17:14:38,354 [INFO] IPUIPlugin:80 - create IPUIPlugin
2025-07-10 17:14:38,354 [INFO] PluginManager:220 - loadIPPluginJar : add ucpd
2025-07-10 17:14:38,362 [INFO] IPUIPlugin:80 - create IPUIPlugin
2025-07-10 17:14:38,362 [INFO] PluginManager:220 - loadIPPluginJar : add usart
2025-07-10 17:14:38,370 [INFO] IPUIPlugin:80 - create IPUIPlugin
2025-07-10 17:14:38,370 [INFO] PluginManager:220 - loadIPPluginJar : add usbx
2025-07-10 17:14:38,589 [FATAL] Updater:351 - Updater called before beeing initialized
2025-07-10 17:14:38,640 [INFO] RulesReader:64 - Compatibility file has been processed (301 Rules)
2025-07-10 17:14:38,674 [INFO] RulesReader:64 - Compatibility file has been processed (301 Rules)
2025-07-10 17:14:38,685 [INFO] CADModel:165 - CPN selected for project level
2025-07-10 17:14:38,685 [INFO] CADModel:114 - Register for checkConnection events
2025-07-10 17:14:38,685 [FATAL] Updater:351 - Updater called before beeing initialized
2025-07-10 17:14:38,685 [ERROR] CADModel:125 - Updater not yet initialized, retry later 
2025-07-10 17:14:38,957 [FATAL] Updater:351 - Updater called before beeing initialized
2025-07-10 17:14:38,957 [INFO] CADModel:165 - CPN selected for project level
2025-07-10 17:14:38,957 [INFO] CADModel:114 - Register for checkConnection events
2025-07-10 17:14:38,957 [FATAL] Updater:351 - Updater called before beeing initialized
2025-07-10 17:14:38,957 [ERROR] CADModel:125 - Updater not yet initialized, retry later 
2025-07-10 17:14:39,009 [FATAL] Updater:351 - Updater called before beeing initialized
2025-07-10 17:14:39,769 [INFO] ThirdPartyUpdaterWithRetryManager:70 - Updater plugin not ready yet. [2/15]
2025-07-10 17:14:40,160 [FATAL] Updater:351 - Updater called before beeing initialized
2025-07-10 17:14:40,178 [INFO] DbMcusAds:53 - JSON generation date=Thu Mar 06 15:54:21 CET 2025 (1741272861825)
2025-07-10 17:14:40,178 [FATAL] Updater:351 - Updater called before beeing initialized
2025-07-10 17:14:40,265 [WARN] DetailPanel:346 - Failed to get advertising image, set to default
2025-07-10 17:14:41,236 [FATAL] Updater:351 - Updater called before beeing initialized
2025-07-10 17:14:41,236 [FATAL] Updater:351 - Updater called before beeing initialized
2025-07-10 17:14:41,236 [FATAL] Updater:351 - Updater called before beeing initialized
2025-07-10 17:14:41,236 [WARN] DetailPanel:346 - Failed to get advertising image, set to default
2025-07-10 17:14:41,236 [FATAL] Updater:351 - Updater called before beeing initialized
2025-07-10 17:14:41,524 [ERROR] Updater:1198 - MainUpdater not yet initialized. External WinMGr cannot be set.
2025-07-10 17:14:41,555 [INFO] Updater:1134 - Updater Version found : 6.14.0
2025-07-10 17:14:41,622 [INFO] ApplicationProperties:184 - Using Application install path: C:\ST\STM32CubeIDE_1.18.0\STM32CubeIDE\plugins\com.st.stm32cube.common.mx_6.14.0.202502271554
2025-07-10 17:14:42,770 [FATAL] Updater:351 - Updater called before beeing initialized
2025-07-10 17:14:42,770 [ERROR] IntegrityCheckThread:130 - Cannot retrieve database content from updater: error 21
2025-07-10 17:14:42,770 [INFO] ThirdParty:978 - Integrity check success = false
2025-07-10 17:14:42,770 [INFO] IntegrityCheckThread:100 - exiting critical section [integrity check]
2025-07-10 17:14:42,770 [INFO] IntegrityCheckThread:103 - End integrity checks thread
2025-07-10 17:14:43,252 [ERROR] LogOutputStream:75 - [STDERR_REDIRECT] Jul 10, 2025 5:14:43 PM java.util.prefs.WindowsPreferences <init>
2025-07-10 17:14:43,252 [ERROR] LogOutputStream:75 - [STDERR_REDIRECT] WARNING: Could not open/create prefs root node Software\JavaSoft\Prefs at root 0xffffffff80000002. Windows RegCreateKeyEx(...) returned error code 5.
2025-07-10 17:14:43,252 [ERROR] LogOutputStream:75 - [STDERR_REDIRECT] 
2025-07-10 17:14:43,624 [INFO] MainUpdater:2872 - connection check result : 22
2025-07-10 17:14:43,624 [INFO] MainUpdater:289 - Updater Check For Update Now.
2025-07-10 17:14:43,624 [INFO] MicroXplorer:498 - Change Database Version : DB.6.0.140
2025-07-10 17:14:43,643 [INFO] McuFinderGlobals:63 - Set McuFinder mode to 2 (CubeIDE integrated)
2025-07-10 17:14:43,643 [INFO] UserAuth:486 - Internet connection configuration mode: 2
2025-07-10 17:14:43,656 [INFO] UserAuth:486 - Internet connection configuration mode: 2
2025-07-10 17:14:43,957 [INFO] CheckServerUpdateThread:120 - End of CheckServer Thread
2025-07-10 17:14:44,394 [ERROR] LogOutputStream:75 - [STDERR_REDIRECT] Jul 10, 2025 5:14:44 PM org.glassfish.grizzly.http.server.NetworkListener start
2025-07-10 17:14:44,396 [ERROR] LogOutputStream:75 - [STDERR_REDIRECT] INFO: Started listener bound to [localhost:16721]
2025-07-10 17:14:44,396 [ERROR] LogOutputStream:75 - [STDERR_REDIRECT] 
2025-07-10 17:14:44,399 [ERROR] LogOutputStream:75 - [STDERR_REDIRECT] Jul 10, 2025 5:14:44 PM org.glassfish.grizzly.http.server.HttpServer start
2025-07-10 17:14:44,400 [ERROR] LogOutputStream:75 - [STDERR_REDIRECT] INFO: [HttpServer] Started.
2025-07-10 17:14:44,401 [ERROR] LogOutputStream:75 - [STDERR_REDIRECT] 
2025-07-10 17:14:58,244 [ERROR] ConfigurationRetriever:142 - IOException on connection: sw-center.st.com
2025-07-10 17:14:58,250 [ERROR] ConfigurationRetriever:142 - IOException on connection: sw-center.st.com
2025-07-10 17:14:58,264 [ERROR] ConfigurationRetriever:142 - IOException on connection: sw-center.st.com
2025-07-10 17:15:02,166 [ERROR] LogOutputStream:75 - [STDERR_REDIRECT] 
