2025-05-19 20:11:27,051 [INFO] Activator:176 - 


2025-05-19 20:11:27,060 [INFO] Activator:177 - !SESSION log4j initialized
2025-05-19 20:11:35,960 [INFO] LogOutputStream:77 - [STDOUT_REDIRECT] 
2025-05-19 20:11:37,385 [INFO] LogOutputStream:77 - [STDOUT_REDIRECT] 
2025-05-19 20:11:41,687 [INFO] ApplicationProperties:184 - Using Application install path: C:\ST\STM32CubeIDE_1.18.0\STM32CubeIDE\plugins\com.st.stm32cube.common.mx_6.14.0.202502271554
2025-05-19 20:11:41,713 [INFO] DbMcusXml:78 - Set database path to: C:\ST\STM32CubeIDE_1.18.0\STM32CubeIDE\plugins\com.st.stm32cube.common.mx_6.14.0.202502271554\\db\/mcu/
2025-05-19 20:11:41,713 [INFO] ApiDb:274 - Set plugin database path to: C:\ST\STM32CubeIDE_1.18.0\STM32CubeIDE\plugins\com.st.stm32cube.common.mx_6.14.0.202502271554\\db\/plugins/boardmanager/
2025-05-19 20:11:41,713 [WARN] ApiDb:259 - Overriding images path with different value:  => C:\ST\STM32CubeIDE_1.18.0\STM32CubeIDE\plugins\com.st.stm32cube.common.mx_6.14.0.202502271554\\db\/plugins/mcufinder/images/
2025-05-19 20:11:41,734 [INFO] ApiDb:250 - Set database path to: C:\Users\pwlub\.stmcufinder\plugins\mcufinder//mcu/
2025-05-19 20:11:41,736 [INFO] DbMcusAds:125 - Set database path to: C:\Users\pwlub\.stmcufinder\plugins\mcufinder//mcu/
2025-05-19 20:11:41,739 [INFO] CrossReferenceDbSqlite:203 - Set database path to: C:\Users\pwlub\.stmcufinder\plugins\mcufinder//mcu/cs/
2025-05-19 20:11:41,909 [INFO] RulesReader:64 - Compatibility file has been processed (301 Rules)
2025-05-19 20:11:42,030 [INFO] DbMcusXml:78 - Set database path to: C:\ST\STM32CubeIDE_1.18.0\STM32CubeIDE\plugins\com.st.stm32cube.common.mx_6.14.0.202502271554\\db\/mcu/
2025-05-19 20:11:42,030 [INFO] ApiDb:274 - Set plugin database path to: C:\ST\STM32CubeIDE_1.18.0\STM32CubeIDE\plugins\com.st.stm32cube.common.mx_6.14.0.202502271554\\db\/plugins/boardmanager/
2025-05-19 20:11:42,031 [INFO] ApiDb:261 - Set plugin images path to: C:\ST\STM32CubeIDE_1.18.0\STM32CubeIDE\plugins\com.st.stm32cube.common.mx_6.14.0.202502271554\\db\/plugins/mcufinder/images/
2025-05-19 20:11:42,031 [WARN] DbFile:41 - Overriding database path with different value: C:\Users\pwlub\.stmcufinder\plugins\mcufinder/ => C:\Users\pwlub\.stmcufinder\plugins\mcufinder
2025-05-19 20:11:42,031 [INFO] ApiDb:250 - Set database path to: C:\Users\pwlub\.stmcufinder\plugins\mcufinder//mcu/
2025-05-19 20:11:42,032 [WARN] DbFile:41 - Overriding database path with different value: C:\Users\pwlub\.stmcufinder\plugins\mcufinder/ => C:\Users\pwlub\.stmcufinder\plugins\mcufinder
2025-05-19 20:11:42,032 [INFO] DbMcusAds:125 - Set database path to: C:\Users\pwlub\.stmcufinder\plugins\mcufinder//mcu/
2025-05-19 20:11:42,032 [WARN] DbFile:41 - Overriding database path with different value: C:\Users\pwlub\.stmcufinder\plugins\mcufinder/ => C:\Users\pwlub\.stmcufinder\plugins\mcufinder
2025-05-19 20:11:42,032 [WARN] DbFile:41 - Overriding database path with different value: C:\Users\pwlub\.stmcufinder\plugins\mcufinder/ => C:\Users\pwlub\.stmcufinder\plugins\mcufinder
2025-05-19 20:11:42,032 [INFO] CrossReferenceDbSqlite:203 - Set database path to: C:\Users\pwlub\.stmcufinder\plugins\mcufinder//mcu/cs/
2025-05-19 20:11:42,185 [INFO] MainPanel:272 - HeapMemory: 268435456
2025-05-19 20:11:42,400 [INFO] DbMcusXml:78 - Set database path to: C:\ST\STM32CubeIDE_1.18.0\STM32CubeIDE\plugins\com.st.stm32cube.common.mx_6.14.0.202502271554\\db\/mcu/
2025-05-19 20:11:42,400 [INFO] ApiDb:274 - Set plugin database path to: C:\ST\STM32CubeIDE_1.18.0\STM32CubeIDE\plugins\com.st.stm32cube.common.mx_6.14.0.202502271554\\db\/plugins/boardmanager/
2025-05-19 20:11:42,400 [INFO] ApiDb:261 - Set plugin images path to: C:\ST\STM32CubeIDE_1.18.0\STM32CubeIDE\plugins\com.st.stm32cube.common.mx_6.14.0.202502271554\\db\/plugins/mcufinder/images/
2025-05-19 20:11:42,401 [WARN] DbFile:41 - Overriding database path with different value: C:\Users\pwlub\.stmcufinder\plugins\mcufinder/ => C:\Users\pwlub\.stmcufinder\plugins\mcufinder
2025-05-19 20:11:42,401 [INFO] ApiDb:250 - Set database path to: C:\Users\pwlub\.stmcufinder\plugins\mcufinder//mcu/
2025-05-19 20:11:42,402 [WARN] DbFile:41 - Overriding database path with different value: C:\Users\pwlub\.stmcufinder\plugins\mcufinder/ => C:\Users\pwlub\.stmcufinder\plugins\mcufinder
2025-05-19 20:11:42,402 [INFO] DbMcusAds:125 - Set database path to: C:\Users\pwlub\.stmcufinder\plugins\mcufinder//mcu/
2025-05-19 20:11:42,402 [WARN] DbFile:41 - Overriding database path with different value: C:\Users\pwlub\.stmcufinder\plugins\mcufinder/ => C:\Users\pwlub\.stmcufinder\plugins\mcufinder
2025-05-19 20:11:42,402 [WARN] DbFile:41 - Overriding database path with different value: C:\Users\pwlub\.stmcufinder\plugins\mcufinder/ => C:\Users\pwlub\.stmcufinder\plugins\mcufinder
2025-05-19 20:11:42,402 [INFO] CrossReferenceDbSqlite:203 - Set database path to: C:\Users\pwlub\.stmcufinder\plugins\mcufinder//mcu/cs/
2025-05-19 20:11:42,434 [INFO] ApplicationProperties:184 - Using Application install path: C:\ST\STM32CubeIDE_1.18.0\STM32CubeIDE\plugins\com.st.stm32cube.common.mx_6.14.0.202502271554
2025-05-19 20:11:42,436 [INFO] PluginManage:196 - Search for loadable plugins [exclusion list=, ]
2025-05-19 20:11:42,439 [INFO] PluginManage:310 - Check plugin analytics
2025-05-19 20:11:42,790 [INFO] AnalyticsPlugin:253 - Accepted Software Licenses: STM32CubeMX.6.14.0
2025-05-19 20:11:42,790 [INFO] AnalyticsPlugin:255 - Accepted CMSIS Pack Licenses: 
2025-05-19 20:11:42,791 [INFO] AnalyticsPlugin:257 - Accepted Firmware Licenses: FW.G4.1.5.0,FW.G4.1.6.0
2025-05-19 20:11:42,794 [INFO] PluginManage:359 - Loaded plugin analytics (category:tool,tabindex:-1)
2025-05-19 20:11:42,795 [INFO] PluginManage:310 - Check plugin cadmodel
2025-05-19 20:11:42,806 [INFO] CADModel:105 - Init CAD model plugin
2025-05-19 20:11:42,807 [INFO] PluginManage:359 - Loaded plugin cadmodel (category:power,tabindex:5)
2025-05-19 20:11:42,807 [INFO] PluginManage:310 - Check plugin clock
2025-05-19 20:11:42,824 [INFO] PluginManage:359 - Loaded plugin clock (category:base,tabindex:2)
2025-05-19 20:11:42,825 [INFO] PluginManage:310 - Check plugin ddr
2025-05-19 20:11:42,829 [INFO] PluginManage:359 - Loaded plugin ddr (category:tool,tabindex:6)
2025-05-19 20:11:42,830 [INFO] PluginManage:310 - Check plugin filemanager
2025-05-19 20:11:43,115 [INFO] PluginManage:359 - Loaded plugin filemanager (category:base,tabindex:10)
2025-05-19 20:11:43,115 [INFO] PluginManage:310 - Check plugin ipmanager
2025-05-19 20:11:43,125 [INFO] PluginManage:359 - Loaded plugin ipmanager (category:base,tabindex:5)
2025-05-19 20:11:43,125 [INFO] PluginManage:310 - Check plugin lpbam
2025-05-19 20:11:43,136 [INFO] PluginManage:359 - Loaded plugin lpbam (category:base,tabindex:0)
2025-05-19 20:11:43,136 [INFO] PluginManage:310 - Check plugin memorymap
2025-05-19 20:11:43,155 [INFO] PluginManage:359 - Loaded plugin memorymap (category:base,tabindex:4)
2025-05-19 20:11:43,155 [INFO] PluginManage:310 - Check plugin pinoutandconfiguration
2025-05-19 20:11:43,168 [INFO] PluginManage:359 - Loaded plugin pinoutandconfiguration (category:base,tabindex:1)
2025-05-19 20:11:43,168 [INFO] PluginManage:310 - Check plugin pinoutconfig
2025-05-19 20:11:43,384 [WARN] SupportedApi:132 - Cannot load RTOS API schema: s4s-elt-must-match.1: The content of 'definitions' must match (annotation?, (simpleType | complexType)?, (unique | key | keyref)*)). A problem was found starting at: attribute.
2025-05-19 20:11:43,661 [INFO] PluginManage:359 - Loaded plugin pinoutconfig (category:base,tabindex:0)
2025-05-19 20:11:43,661 [INFO] PluginManage:310 - Check plugin power
2025-05-19 20:11:43,685 [INFO] PluginManage:359 - Loaded plugin power (category:power,tabindex:4)
2025-05-19 20:11:43,685 [INFO] PluginManage:310 - Check plugin projectmanager
2025-05-19 20:11:43,714 [INFO] PluginManage:359 - Loaded plugin projectmanager (category:projectmanager,tabindex:4)
2025-05-19 20:11:43,715 [INFO] PluginManage:310 - Check plugin rif
2025-05-19 20:11:43,732 [INFO] PluginManage:359 - Loaded plugin rif (category:base,tabindex:3)
2025-05-19 20:11:43,732 [INFO] PluginManage:310 - Check plugin thirdparty
2025-05-19 20:11:44,031 [INFO] PluginManage:359 - Loaded plugin thirdparty (category:base,tabindex:-1)
2025-05-19 20:11:44,032 [INFO] PluginManage:310 - Check plugin tools
2025-05-19 20:11:44,033 [WARN] IntegrityCheckThread:84 - waiting for thirdparty lock release [integrity check]
2025-05-19 20:11:44,034 [INFO] IntegrityCheckThread:86 - entering critical section [integrity check]
2025-05-19 20:11:44,035 [INFO] ThirdPartyUpdaterWithRetryManager:70 - Updater plugin not ready yet. [1/15]
2025-05-19 20:11:44,037 [INFO] PluginManage:359 - Loaded plugin tools (category:base,tabindex:7)
2025-05-19 20:11:44,037 [INFO] PluginManage:310 - Check plugin tutovideos
2025-05-19 20:11:44,360 [INFO] PluginManage:359 - Loaded plugin tutovideos (category:base,tabindex:-1)
2025-05-19 20:11:44,361 [INFO] PluginManage:310 - Check plugin updater
2025-05-19 20:11:44,412 [INFO] PluginManage:359 - Loaded plugin updater (category:base,tabindex:12)
2025-05-19 20:11:44,412 [INFO] PluginManage:310 - Check plugin userauth
2025-05-19 20:11:44,420 [INFO] UserAuth:118 - Init User Auth plugin
2025-05-19 20:11:44,422 [INFO] PluginManage:359 - Loaded plugin userauth (category:base,tabindex:14)
2025-05-19 20:11:44,423 [INFO] PluginManage:283 - PluginManage : Loaded plugins [18]
2025-05-19 20:11:44,796 [INFO] PinOutPanel:1589 - setPackage(No Configuration,No Configuration)
2025-05-19 20:11:44,944 [INFO] CADModel:165 - CPN selected for project level
2025-05-19 20:11:44,945 [INFO] CADModel:114 - Register for checkConnection events
2025-05-19 20:11:44,976 [INFO] IPUIPlugin:80 - create IPUIPlugin
2025-05-19 20:11:44,976 [INFO] PluginManager:220 - loadIPPluginJar : add adc
2025-05-19 20:11:44,982 [INFO] IPUIPlugin:80 - create IPUIPlugin
2025-05-19 20:11:44,982 [INFO] PluginManager:220 - loadIPPluginJar : add aes
2025-05-19 20:11:44,988 [INFO] IPUIPlugin:80 - create IPUIPlugin
2025-05-19 20:11:44,988 [INFO] PluginManager:220 - loadIPPluginJar : add can
2025-05-19 20:11:44,991 [INFO] IPUIPlugin:80 - create IPUIPlugin
2025-05-19 20:11:44,992 [INFO] PluginManager:220 - loadIPPluginJar : add comp
2025-05-19 20:11:44,998 [INFO] IPUIPlugin:80 - create IPUIPlugin
2025-05-19 20:11:44,998 [INFO] PluginManager:220 - loadIPPluginJar : add cryp
2025-05-19 20:11:45,007 [INFO] IPUIPlugin:80 - create IPUIPlugin
2025-05-19 20:11:45,007 [INFO] PluginManager:220 - loadIPPluginJar : add ddr_ctrl_phy
2025-05-19 20:11:45,012 [INFO] IPUIPlugin:80 - create IPUIPlugin
2025-05-19 20:11:45,012 [INFO] PluginManager:220 - loadIPPluginJar : add dfsdm
2025-05-19 20:11:45,022 [INFO] IPUIPlugin:80 - create IPUIPlugin
2025-05-19 20:11:45,022 [INFO] PluginManager:220 - loadIPPluginJar : add dma
2025-05-19 20:11:45,028 [INFO] IPUIPlugin:80 - create IPUIPlugin
2025-05-19 20:11:45,028 [INFO] PluginManager:220 - loadIPPluginJar : add dma3
2025-05-19 20:11:45,034 [INFO] IPUIPlugin:80 - create IPUIPlugin
2025-05-19 20:11:45,034 [INFO] PluginManager:220 - loadIPPluginJar : add extmemmanager
2025-05-19 20:11:45,037 [INFO] IPUIPlugin:80 - create IPUIPlugin
2025-05-19 20:11:45,038 [INFO] PluginManager:220 - loadIPPluginJar : add fatfs
2025-05-19 20:11:45,045 [INFO] IPUIPlugin:80 - create IPUIPlugin
2025-05-19 20:11:45,045 [INFO] PluginManager:220 - loadIPPluginJar : add fmc
2025-05-19 20:11:45,054 [INFO] IPUIPlugin:80 - create IPUIPlugin
2025-05-19 20:11:45,055 [INFO] PluginManager:220 - loadIPPluginJar : add freertos
2025-05-19 20:11:45,057 [INFO] IPUIPlugin:80 - create IPUIPlugin
2025-05-19 20:11:45,058 [INFO] PluginManager:220 - loadIPPluginJar : add genericplugin
2025-05-19 20:11:45,062 [INFO] IPUIPlugin:80 - create IPUIPlugin
2025-05-19 20:11:45,063 [INFO] PluginManager:220 - loadIPPluginJar : add gfxmmu
2025-05-19 20:11:45,069 [INFO] IPUIPlugin:80 - create IPUIPlugin
2025-05-19 20:11:45,070 [INFO] PluginManager:220 - loadIPPluginJar : add gic
2025-05-19 20:11:45,075 [INFO] IPUIPlugin:80 - create IPUIPlugin
2025-05-19 20:11:45,076 [INFO] PluginManager:220 - loadIPPluginJar : add gpio
2025-05-19 20:11:45,080 [INFO] IPUIPlugin:80 - create IPUIPlugin
2025-05-19 20:11:45,080 [INFO] PluginManager:220 - loadIPPluginJar : add gtzc
2025-05-19 20:11:45,086 [INFO] IPUIPlugin:80 - create IPUIPlugin
2025-05-19 20:11:45,086 [INFO] PluginManager:220 - loadIPPluginJar : add hash
2025-05-19 20:11:45,091 [INFO] IPUIPlugin:80 - create IPUIPlugin
2025-05-19 20:11:45,091 [INFO] PluginManager:220 - loadIPPluginJar : add i2c
2025-05-19 20:11:45,096 [INFO] IPUIPlugin:80 - create IPUIPlugin
2025-05-19 20:11:45,097 [INFO] PluginManager:220 - loadIPPluginJar : add i2s
2025-05-19 20:11:45,101 [INFO] IPUIPlugin:80 - create IPUIPlugin
2025-05-19 20:11:45,101 [INFO] PluginManager:220 - loadIPPluginJar : add i3c
2025-05-19 20:11:45,107 [INFO] IPUIPlugin:80 - create IPUIPlugin
2025-05-19 20:11:45,107 [INFO] PluginManager:220 - loadIPPluginJar : add ipddr
2025-05-19 20:11:45,118 [INFO] IPUIPlugin:80 - create IPUIPlugin
2025-05-19 20:11:45,118 [INFO] PluginManager:220 - loadIPPluginJar : add linkedlist
2025-05-19 20:11:45,123 [INFO] IPUIPlugin:80 - create IPUIPlugin
2025-05-19 20:11:45,123 [INFO] PluginManager:220 - loadIPPluginJar : add lorawan
2025-05-19 20:11:45,127 [INFO] IPUIPlugin:80 - create IPUIPlugin
2025-05-19 20:11:45,127 [INFO] PluginManager:220 - loadIPPluginJar : add ltdc
2025-05-19 20:11:45,136 [INFO] IPUIPlugin:80 - create IPUIPlugin
2025-05-19 20:11:45,136 [INFO] PluginManager:220 - loadIPPluginJar : add mdma
2025-05-19 20:11:45,142 [INFO] IPUIPlugin:80 - create IPUIPlugin
2025-05-19 20:11:45,142 [INFO] PluginManager:220 - loadIPPluginJar : add nvic
2025-05-19 20:11:45,146 [INFO] IPUIPlugin:80 - create IPUIPlugin
2025-05-19 20:11:45,146 [INFO] PluginManager:220 - loadIPPluginJar : add opamp
2025-05-19 20:11:45,151 [INFO] IPUIPlugin:80 - create IPUIPlugin
2025-05-19 20:11:45,152 [INFO] PluginManager:220 - loadIPPluginJar : add openamp
2025-05-19 20:11:45,156 [INFO] IPUIPlugin:80 - create IPUIPlugin
2025-05-19 20:11:45,156 [INFO] PluginManager:220 - loadIPPluginJar : add pdm2pcm
2025-05-19 20:11:45,164 [INFO] IPUIPlugin:80 - create IPUIPlugin
2025-05-19 20:11:45,166 [INFO] PluginManager:220 - loadIPPluginJar : add plateformsettings
2025-05-19 20:11:45,169 [INFO] IPUIPlugin:80 - create IPUIPlugin
2025-05-19 20:11:45,169 [INFO] PluginManager:220 - loadIPPluginJar : add quadspi
2025-05-19 20:11:45,172 [INFO] IPUIPlugin:80 - create IPUIPlugin
2025-05-19 20:11:45,173 [INFO] PluginManager:220 - loadIPPluginJar : add radio
2025-05-19 20:11:45,179 [INFO] IPUIPlugin:80 - create IPUIPlugin
2025-05-19 20:11:45,179 [INFO] PluginManager:220 - loadIPPluginJar : add resmgrutility
2025-05-19 20:11:45,184 [INFO] IPUIPlugin:80 - create IPUIPlugin
2025-05-19 20:11:45,184 [INFO] PluginManager:220 - loadIPPluginJar : add sai
2025-05-19 20:11:45,188 [INFO] IPUIPlugin:80 - create IPUIPlugin
2025-05-19 20:11:45,189 [INFO] PluginManager:220 - loadIPPluginJar : add spi
2025-05-19 20:11:45,197 [INFO] IPUIPlugin:80 - create IPUIPlugin
2025-05-19 20:11:45,198 [INFO] PluginManager:220 - loadIPPluginJar : add stm32_wpan
2025-05-19 20:11:45,201 [INFO] IPUIPlugin:80 - create IPUIPlugin
2025-05-19 20:11:45,201 [INFO] PluginManager:220 - loadIPPluginJar : add tim
2025-05-19 20:11:45,207 [INFO] IPUIPlugin:80 - create IPUIPlugin
2025-05-19 20:11:45,207 [INFO] PluginManager:220 - loadIPPluginJar : add touchsensing
2025-05-19 20:11:45,211 [INFO] IPUIPlugin:80 - create IPUIPlugin
2025-05-19 20:11:45,211 [INFO] PluginManager:220 - loadIPPluginJar : add tracer_emb
2025-05-19 20:11:45,215 [INFO] IPUIPlugin:80 - create IPUIPlugin
2025-05-19 20:11:45,215 [INFO] PluginManager:220 - loadIPPluginJar : add ts
2025-05-19 20:11:45,218 [INFO] IPUIPlugin:80 - create IPUIPlugin
2025-05-19 20:11:45,218 [INFO] PluginManager:220 - loadIPPluginJar : add tsc
2025-05-19 20:11:45,221 [INFO] IPUIPlugin:80 - create IPUIPlugin
2025-05-19 20:11:45,221 [INFO] PluginManager:220 - loadIPPluginJar : add ucpd
2025-05-19 20:11:45,225 [INFO] IPUIPlugin:80 - create IPUIPlugin
2025-05-19 20:11:45,225 [INFO] PluginManager:220 - loadIPPluginJar : add usart
2025-05-19 20:11:45,230 [INFO] IPUIPlugin:80 - create IPUIPlugin
2025-05-19 20:11:45,231 [INFO] PluginManager:220 - loadIPPluginJar : add usbx
2025-05-19 20:11:45,398 [FATAL] Updater:351 - Updater called before beeing initialized
2025-05-19 20:11:45,469 [INFO] RulesReader:64 - Compatibility file has been processed (301 Rules)
2025-05-19 20:11:45,491 [INFO] RulesReader:64 - Compatibility file has been processed (301 Rules)
2025-05-19 20:11:45,505 [INFO] CADModel:165 - CPN selected for project level
2025-05-19 20:11:45,505 [INFO] CADModel:114 - Register for checkConnection events
2025-05-19 20:11:45,505 [FATAL] Updater:351 - Updater called before beeing initialized
2025-05-19 20:11:45,505 [ERROR] CADModel:125 - Updater not yet initialized, retry later 
2025-05-19 20:11:45,735 [FATAL] Updater:351 - Updater called before beeing initialized
2025-05-19 20:11:45,740 [INFO] CADModel:165 - CPN selected for project level
2025-05-19 20:11:45,740 [INFO] CADModel:114 - Register for checkConnection events
2025-05-19 20:11:45,740 [FATAL] Updater:351 - Updater called before beeing initialized
2025-05-19 20:11:45,740 [ERROR] CADModel:125 - Updater not yet initialized, retry later 
2025-05-19 20:11:45,744 [FATAL] Updater:351 - Updater called before beeing initialized
2025-05-19 20:11:46,054 [FATAL] Updater:351 - Updater called before beeing initialized
2025-05-19 20:11:46,080 [INFO] DbMcusAds:53 - JSON generation date=Thu Mar 06 15:54:21 CET 2025 (1741272861825)
2025-05-19 20:11:46,080 [FATAL] Updater:351 - Updater called before beeing initialized
2025-05-19 20:11:46,148 [WARN] DetailPanel:346 - Failed to get advertising image, set to default
2025-05-19 20:11:46,760 [FATAL] Updater:351 - Updater called before beeing initialized
2025-05-19 20:11:46,764 [FATAL] Updater:351 - Updater called before beeing initialized
2025-05-19 20:11:46,764 [FATAL] Updater:351 - Updater called before beeing initialized
2025-05-19 20:11:46,764 [WARN] DetailPanel:346 - Failed to get advertising image, set to default
2025-05-19 20:11:46,766 [FATAL] Updater:351 - Updater called before beeing initialized
2025-05-19 20:11:46,903 [ERROR] Updater:1198 - MainUpdater not yet initialized. External WinMGr cannot be set.
2025-05-19 20:11:46,906 [INFO] Updater:1134 - Updater Version found : 6.14.0
2025-05-19 20:11:46,944 [INFO] ApplicationProperties:184 - Using Application install path: C:\ST\STM32CubeIDE_1.18.0\STM32CubeIDE\plugins\com.st.stm32cube.common.mx_6.14.0.202502271554
2025-05-19 20:11:47,037 [INFO] ThirdPartyUpdaterWithRetryManager:70 - Updater plugin not ready yet. [2/15]
2025-05-19 20:11:48,575 [ERROR] LogOutputStream:75 - [STDERR_REDIRECT] May 19, 2025 8:11:48 PM java.util.prefs.WindowsPreferences <init>
2025-05-19 20:11:48,586 [ERROR] LogOutputStream:75 - [STDERR_REDIRECT] WARNING: Could not open/create prefs root node Software\JavaSoft\Prefs at root 0xffffffff80000002. Windows RegCreateKeyEx(...) returned error code 5.
2025-05-19 20:11:48,587 [ERROR] LogOutputStream:75 - [STDERR_REDIRECT] 
2025-05-19 20:11:49,218 [INFO] MainUpdater:2872 - connection check result : 10
2025-05-19 20:11:49,220 [INFO] MainUpdater:289 - Updater Check For Update Now.
2025-05-19 20:11:49,220 [INFO] MicroXplorer:498 - Change Database Version : DB.6.0.140
2025-05-19 20:11:49,239 [INFO] McuFinderGlobals:63 - Set McuFinder mode to 2 (CubeIDE integrated)
2025-05-19 20:11:49,255 [INFO] UserAuth:486 - Internet connection configuration mode: 1
2025-05-19 20:11:49,309 [INFO] JxBrowserEngine:152 - Initiate JxBrowser Engine with user profile folder
2025-05-19 20:11:49,570 [INFO] CheckServerUpdateThread:120 - End of CheckServer Thread
2025-05-19 20:11:50,918 [WARN] PackLoader:240 - Cannot read IP mode file for STMicroelectronics.FP-SNS-MOTENVWB1.1.4.0
2025-05-19 20:11:50,950 [WARN] PackLoader:240 - Cannot read IP mode file for STMicroelectronics.FP-ATR-ASTRA1.2.0.2
2025-05-19 20:11:51,000 [WARN] PackLoader:240 - Cannot read IP mode file for STMicroelectronics.X-CUBE-SMBUS.2.1.0
2025-05-19 20:11:51,032 [WARN] PackLoader:240 - Cannot read IP mode file for STMicroelectronics.X-CUBE-WB05N.1.1.0
2025-05-19 20:11:51,113 [WARN] PackLoader:240 - Cannot read IP mode file for STMicroelectronics.X-CUBE-AZRTOS-F7.1.1.0
2025-05-19 20:11:51,218 [WARN] PackLoader:240 - Cannot read IP mode file for Infineon.AIROC-Wi-Fi-Bluetooth-STM32.1.7.0
2025-05-19 20:11:51,284 [WARN] PackLoader:240 - Cannot read IP mode file for STMicroelectronics.X-CUBE-DISPLAY.3.0.0
2025-05-19 20:11:51,325 [WARN] PackLoader:240 - Cannot read IP mode file for STMicroelectronics.X-CUBE-NFC10.1.0.0
2025-05-19 20:11:51,366 [WARN] PackLoader:240 - Cannot read IP mode file for STMicroelectronics.X-CUBE-BLEMGR.4.0.0
2025-05-19 20:11:51,430 [WARN] PackLoader:240 - Cannot read IP mode file for emotas.I-CUBE-CANOPEN.1.3.0
2025-05-19 20:11:51,457 [WARN] ConditionMgr:438 - getConditionDescription Invalid condition id : Cortex-A Device cause : null
2025-05-19 20:11:51,534 [WARN] ConditionMgr:1044 - genDependencies : Invalid condition id : Cortex-A Device cause : null
2025-05-19 20:11:51,535 [WARN] ConditionMgr:1044 - genDependencies : Invalid condition id : Cortex-A Device cause : null
2025-05-19 20:11:51,535 [WARN] ConditionMgr:1044 - genDependencies : Invalid condition id : Cortex-A Device cause : null
2025-05-19 20:11:51,559 [WARN] PackLoader:240 - Cannot read IP mode file for STMicroelectronics.X-CUBE-AI.10.0.0
2025-05-19 20:11:51,584 [WARN] PackLoader:240 - Cannot read IP mode file for STMicroelectronics.FP-SNS-SMARTAG2.1.2.0
2025-05-19 20:11:51,609 [WARN] PackLoader:240 - Cannot read IP mode file for STMicroelectronics.FP-SNS-FLIGHT1.5.1.0
2025-05-19 20:11:51,646 [INFO] WebApp:169 - Instantiating new browser for Auth
2025-05-19 20:11:51,746 [WARN] PackLoader:240 - Cannot read IP mode file for STMicroelectronics.X-CUBE-MEMS1.11.1.0
2025-05-19 20:11:52,119 [INFO] LogOutputStream:77 - [STDOUT_REDIRECT] 1 : Invalid condition id : UX_CORESTACK_Condition cause : null
2025-05-19 20:11:52,121 [INFO] LogOutputStream:77 - [STDOUT_REDIRECT] 1 : Invalid condition id : UX_CORESTACK_Condition cause : null
2025-05-19 20:11:52,123 [INFO] LogOutputStream:77 - [STDOUT_REDIRECT] 1 : Invalid condition id : UX_CORESTACK_Condition cause : null
2025-05-19 20:11:52,125 [INFO] LogOutputStream:77 - [STDOUT_REDIRECT] 1 : Invalid condition id : UX_CORESTACK_Condition cause : null
2025-05-19 20:11:52,126 [INFO] LogOutputStream:77 - [STDOUT_REDIRECT] 1 : Invalid condition id : UX_CORESTACK_Condition cause : null
2025-05-19 20:11:52,131 [WARN] PackLoader:240 - Cannot read IP mode file for STMicroelectronics.X-CUBE-AZRTOS-WL.2.0.0
2025-05-19 20:11:52,159 [WARN] PackLoader:240 - Cannot read IP mode file for STMicroelectronics.FP-SNS-MOTENV1.5.0.0
2025-05-19 20:11:52,189 [WARN] PackLoader:240 - Cannot read IP mode file for WES.I-CUBE-Cesium.1.3.0
2025-05-19 20:11:52,231 [WARN] PackLoader:240 - Cannot read IP mode file for STMicroelectronics.X-CUBE-BLE2.3.3.0
2025-05-19 20:11:52,267 [WARN] PackLoader:240 - Cannot read IP mode file for STMicroelectronics.X-CUBE-NFC9.1.0.0
2025-05-19 20:11:52,300 [WARN] PackLoader:240 - Cannot read IP mode file for STMicroelectronics.X-CUBE-BLE1.7.1.0
2025-05-19 20:11:52,528 [WARN] PackLoader:240 - Cannot read IP mode file for STMicroelectronics.X-CUBE-MEMS1.11.2.0
2025-05-19 20:11:52,852 [WARN] PackLoader:240 - Cannot read IP mode file for STMicroelectronics.X-CUBE-AZRTOS-G0.1.1.0
2025-05-19 20:11:52,888 [WARN] PackLoader:240 - Cannot read IP mode file for STMicroelectronics.X-CUBE-SAFEA1.1.2.2
2025-05-19 20:11:52,916 [WARN] PackLoader:240 - Cannot read IP mode file for STMicroelectronics.X-CUBE-NFC4.3.0.0
2025-05-19 20:11:52,951 [WARN] PackLoader:240 - Cannot read IP mode file for EmbeddedOffice.I-CUBE-FS-RTOS.1.0.1
2025-05-19 20:11:52,981 [WARN] PackLoader:240 - Cannot read IP mode file for STMicroelectronics.X-CUBE-WB05N.2.0.0
2025-05-19 20:11:53,006 [WARN] PackLoader:240 - Cannot read IP mode file for wolfSSL.I-CUBE-wolfTPM.3.8.0
2025-05-19 20:11:53,032 [WARN] PackLoader:240 - Cannot read IP mode file for STMicroelectronics.X-CUBE-TCPP.4.2.0
2025-05-19 20:11:53,062 [WARN] PackLoader:240 - Cannot read IP mode file for RealThread.X-CUBE-RT-Thread_Nano.4.1.1
2025-05-19 20:11:53,120 [WARN] PackLoader:240 - Cannot read IP mode file for STMicroelectronics.FP-ATR-SIGFOX1.3.2.0
2025-05-19 20:11:53,148 [WARN] PackLoader:240 - Cannot read IP mode file for STMicroelectronics.X-CUBE-EEPRMA1.5.1.0
2025-05-19 20:11:53,181 [WARN] PackLoader:240 - Cannot read IP mode file for ITTIA_DB.I-CUBE-ITTIADB.8.9.0
2025-05-19 20:11:53,256 [WARN] PackLoader:240 - Cannot read IP mode file for SEGGER.I-CUBE-embOS.1.3.1
2025-05-19 20:11:53,465 [WARN] PackLoader:240 - Cannot read IP mode file for STMicroelectronics.X-CUBE-ALGOBUILD.1.4.0
2025-05-19 20:11:53,524 [WARN] PackLoader:240 - Cannot read IP mode file for STMicroelectronics.X-CUBE-AZRTOS-F4.1.1.0
2025-05-19 20:11:53,553 [WARN] PackLoader:240 - Cannot read IP mode file for Avnet-IotConnect.X-CUBE-IoTC-DA16k-PMOD.1.0.0
2025-05-19 20:11:53,584 [WARN] PackLoader:240 - Cannot read IP mode file for STMicroelectronics.X-CUBE-ISPU.2.1.0
2025-05-19 20:11:53,666 [WARN] PackLoader:240 - Cannot read IP mode file for STMicroelectronics.X-CUBE-AZRTOS-L5.2.0.0
2025-05-19 20:11:53,705 [WARN] PackLoader:240 - Cannot read IP mode file for STMicroelectronics.X-CUBE-NFC6.3.1.0
2025-05-19 20:11:53,737 [WARN] PackLoader:240 - Cannot read IP mode file for STMicroelectronics.X-CUBE-DPower.1.2.0
2025-05-19 20:11:53,798 [WARN] PackLoader:240 - Cannot read IP mode file for STMicroelectronics.X-CUBE-FREERTOS.1.3.1
2025-05-19 20:11:53,822 [WARN] PackLoader:240 - Cannot read IP mode file for STMicroelectronics.X-CUBE-FREERTOS.1.3.0
2025-05-19 20:11:53,851 [WARN] PackLoader:240 - Cannot read IP mode file for STMicroelectronics.X-CUBE-NFC7.1.0.1
2025-05-19 20:11:53,908 [WARN] ConditionMgr:438 - getConditionDescription Invalid condition id : LAN8742 Phy interface Condition cause : null
2025-05-19 20:11:53,909 [WARN] PackLoader:240 - Cannot read IP mode file for STMicroelectronics.X-CUBE-AZRTOS-L4.2.0.0
2025-05-19 20:11:53,911 [WARN] ConditionMgr:1044 - genDependencies : Invalid condition id : LAN8742 Phy interface Condition cause : null
2025-05-19 20:11:53,912 [WARN] ConditionMgr:1044 - genDependencies : Invalid condition id : LAN8742 Phy interface Condition cause : null
2025-05-19 20:11:53,912 [WARN] ConditionMgr:1044 - genDependencies : Invalid condition id : LAN8742 Phy interface Condition cause : null
2025-05-19 20:11:53,944 [WARN] PackLoader:240 - Cannot read IP mode file for STMicroelectronics.X-CUBE-SFXS2LP1.4.0.0
2025-05-19 20:11:54,020 [WARN] PackLoader:240 - Cannot read IP mode file for STMicroelectronics.X-CUBE-AZRTOS-H7.3.3.0
2025-05-19 20:11:54,069 [WARN] ConditionMgr:438 - getConditionDescription Invalid condition id : UX DEVICE CLASS RTOS Condition cause : null
2025-05-19 20:11:54,069 [WARN] ConditionMgr:438 - getConditionDescription Invalid condition id : UX DEVICE CLASS RTOS Condition cause : null
2025-05-19 20:11:54,072 [WARN] PackLoader:240 - Cannot read IP mode file for STMicroelectronics.X-CUBE-AZRTOS-WB.2.0.0
2025-05-19 20:11:54,073 [WARN] ConditionMgr:1044 - genDependencies : Invalid condition id : UX DEVICE CLASS RTOS Condition cause : null
2025-05-19 20:11:54,073 [WARN] ConditionMgr:1044 - genDependencies : Invalid condition id : UX DEVICE CLASS RTOS Condition cause : null
2025-05-19 20:11:54,074 [WARN] ConditionMgr:1044 - genDependencies : Invalid condition id : UX DEVICE CLASS RTOS Condition cause : null
2025-05-19 20:11:54,074 [WARN] ConditionMgr:1044 - genDependencies : Invalid condition id : UX DEVICE CLASS RTOS Condition cause : null
2025-05-19 20:11:54,075 [WARN] ConditionMgr:1044 - genDependencies : Invalid condition id : UX DEVICE CLASS RTOS Condition cause : null
2025-05-19 20:11:54,100 [WARN] PackLoader:240 - Cannot read IP mode file for STMicroelectronics.X-CUBE-GNSS1.7.0.1
2025-05-19 20:11:54,126 [WARN] PackLoader:240 - Cannot read IP mode file for STMicroelectronics.X-CUBE-TOUCHGFX.4.25.0
2025-05-19 20:11:54,153 [WARN] PackLoader:240 - Cannot read IP mode file for STMicroelectronics.FP-SNS-STBOX1.2.0.0
2025-05-19 20:11:54,189 [WARN] PackLoader:240 - Cannot read IP mode file for STMicroelectronics.X-CUBE-SUBG2.5.0.0
2025-05-19 20:11:54,236 [WARN] PackLoader:240 - Cannot read IP mode file for Cesanta.I-CUBE-Mongoose.7.13.0
2025-05-19 20:11:54,282 [WARN] PackLoader:240 - Cannot read IP mode file for STMicroelectronics.X-CUBE-AZRTOS-G4.2.0.0
2025-05-19 20:11:54,307 [WARN] PackLoader:240 - Cannot read IP mode file for wolfSSL.I-CUBE-wolfSSH.1.4.20
2025-05-19 20:11:54,330 [WARN] PackLoader:240 - Cannot read IP mode file for STMicroelectronics.X-CUBE-NFC7.2.0.0
2025-05-19 20:11:54,374 [WARN] PackLoader:240 - Cannot read IP mode file for STMicroelectronics.X-CUBE-IPS.3.1.0
2025-05-19 20:11:54,404 [WARN] PackLoader:240 - Cannot read IP mode file for STMicroelectronics.X-CUBE-ALS.1.0.2
2025-05-19 20:11:54,435 [WARN] PackLoader:240 - Cannot read IP mode file for portGmbH.I-Cube-SoM-uGOAL.1.1.0
2025-05-19 20:11:54,523 [WARN] PackLoader:240 - Cannot read IP mode file for STMicroelectronics.X-CUBE-AZRTOS-H7RS.1.0.0
2025-05-19 20:11:54,578 [WARN] PackLoader:240 - Cannot read IP mode file for STMicroelectronics.X-CUBE-TOF1.3.4.2
2025-05-19 20:11:54,625 [WARN] PackLoader:240 - Cannot read IP mode file for STMicroelectronics.X-CUBE-TOF1.3.4.3
2025-05-19 20:11:54,638 [INFO] ThirdParty:978 - Integrity check success = true
2025-05-19 20:11:54,639 [INFO] IntegrityCheckThread:100 - exiting critical section [integrity check]
2025-05-19 20:11:54,639 [INFO] IntegrityCheckThread:103 - End integrity checks thread
2025-05-19 20:11:55,459 [INFO] WebApp:463 - Apply proxy settings
2025-05-19 20:11:55,460 [INFO] WebApp:548 - Chromium requires no authentication
2025-05-19 20:11:55,476 [INFO] WebApp:491 - Direct internet connection detected
2025-05-19 20:11:55,515 [INFO] WebApp:894 - Register for checkConnection events
2025-05-19 20:11:55,515 [INFO] WebApp:463 - Apply proxy settings
2025-05-19 20:11:55,516 [INFO] WebApp:548 - Chromium requires no authentication
2025-05-19 20:11:55,516 [INFO] WebApp:491 - Direct internet connection detected
2025-05-19 20:11:55,820 [INFO] WebApp:225 - Starting web application
2025-05-19 20:11:55,821 [INFO] WebApp:593 - Web application path used C:\ST\STM32CubeIDE_1.18.0\STM32CubeIDE\plugins\com.st.stm32cube.common.mx_6.14.0.202502271554\db\plugins\mcufinder\reactClient1\index.html
2025-05-19 20:11:55,889 [INFO] WebApp:191 - Connection restablished
2025-05-19 20:11:56,022 [INFO] UserAuth:486 - Internet connection configuration mode: 1
2025-05-19 20:11:56,868 [ERROR] LogOutputStream:75 - [STDERR_REDIRECT] May 19, 2025 8:11:56 PM org.glassfish.grizzly.http.server.NetworkListener start
2025-05-19 20:11:56,869 [ERROR] LogOutputStream:75 - [STDERR_REDIRECT] INFO: Started listener bound to [localhost:16721]
2025-05-19 20:11:56,870 [ERROR] LogOutputStream:75 - [STDERR_REDIRECT] 
2025-05-19 20:11:56,872 [ERROR] LogOutputStream:75 - [STDERR_REDIRECT] May 19, 2025 8:11:56 PM org.glassfish.grizzly.http.server.HttpServer start
2025-05-19 20:11:56,873 [ERROR] LogOutputStream:75 - [STDERR_REDIRECT] INFO: [HttpServer] Started.
2025-05-19 20:11:56,873 [ERROR] LogOutputStream:75 - [STDERR_REDIRECT] 
