2025-06-25 20:37:29,598 [INFO] Activator:176 - 


2025-06-25 20:37:29,617 [INFO] Activator:177 - !SESSION log4j initialized
2025-06-25 20:37:50,270 [INFO] LogOutputStream:77 - [STDOUT_REDIRECT] 
2025-06-25 20:37:55,832 [INFO] LogOutputStream:77 - [STDOUT_REDIRECT] 
2025-06-25 20:38:03,196 [INFO] ApplicationProperties:184 - Using Application install path: C:\ST\STM32CubeIDE_1.18.0\STM32CubeIDE\plugins\com.st.stm32cube.common.mx_6.14.0.202502271554
2025-06-25 20:38:03,255 [INFO] DbMcusXml:78 - Set database path to: C:\ST\STM32CubeIDE_1.18.0\STM32CubeIDE\plugins\com.st.stm32cube.common.mx_6.14.0.202502271554\\db\/mcu/
2025-06-25 20:38:03,256 [INFO] ApiDb:274 - Set plugin database path to: C:\ST\STM32CubeIDE_1.18.0\STM32CubeIDE\plugins\com.st.stm32cube.common.mx_6.14.0.202502271554\\db\/plugins/boardmanager/
2025-06-25 20:38:03,257 [WARN] ApiDb:259 - Overriding images path with different value:  => C:\ST\STM32CubeIDE_1.18.0\STM32CubeIDE\plugins\com.st.stm32cube.common.mx_6.14.0.202502271554\\db\/plugins/mcufinder/images/
2025-06-25 20:38:03,304 [INFO] ApiDb:250 - Set database path to: C:\Users\pwlub\.stmcufinder\plugins\mcufinder//mcu/
2025-06-25 20:38:03,308 [INFO] DbMcusAds:125 - Set database path to: C:\Users\pwlub\.stmcufinder\plugins\mcufinder//mcu/
2025-06-25 20:38:03,692 [INFO] CrossReferenceDbSqlite:203 - Set database path to: C:\Users\pwlub\.stmcufinder\plugins\mcufinder//mcu/cs/
2025-06-25 20:38:04,130 [INFO] RulesReader:64 - Compatibility file has been processed (301 Rules)
2025-06-25 20:38:04,361 [INFO] DbMcusXml:78 - Set database path to: C:\ST\STM32CubeIDE_1.18.0\STM32CubeIDE\plugins\com.st.stm32cube.common.mx_6.14.0.202502271554\\db\/mcu/
2025-06-25 20:38:04,362 [INFO] ApiDb:274 - Set plugin database path to: C:\ST\STM32CubeIDE_1.18.0\STM32CubeIDE\plugins\com.st.stm32cube.common.mx_6.14.0.202502271554\\db\/plugins/boardmanager/
2025-06-25 20:38:04,362 [INFO] ApiDb:261 - Set plugin images path to: C:\ST\STM32CubeIDE_1.18.0\STM32CubeIDE\plugins\com.st.stm32cube.common.mx_6.14.0.202502271554\\db\/plugins/mcufinder/images/
2025-06-25 20:38:04,363 [WARN] DbFile:41 - Overriding database path with different value: C:\Users\pwlub\.stmcufinder\plugins\mcufinder/ => C:\Users\pwlub\.stmcufinder\plugins\mcufinder
2025-06-25 20:38:04,363 [INFO] ApiDb:250 - Set database path to: C:\Users\pwlub\.stmcufinder\plugins\mcufinder//mcu/
2025-06-25 20:38:04,363 [WARN] DbFile:41 - Overriding database path with different value: C:\Users\pwlub\.stmcufinder\plugins\mcufinder/ => C:\Users\pwlub\.stmcufinder\plugins\mcufinder
2025-06-25 20:38:04,364 [INFO] DbMcusAds:125 - Set database path to: C:\Users\pwlub\.stmcufinder\plugins\mcufinder//mcu/
2025-06-25 20:38:04,364 [WARN] DbFile:41 - Overriding database path with different value: C:\Users\pwlub\.stmcufinder\plugins\mcufinder/ => C:\Users\pwlub\.stmcufinder\plugins\mcufinder
2025-06-25 20:38:04,364 [WARN] DbFile:41 - Overriding database path with different value: C:\Users\pwlub\.stmcufinder\plugins\mcufinder/ => C:\Users\pwlub\.stmcufinder\plugins\mcufinder
2025-06-25 20:38:04,365 [INFO] CrossReferenceDbSqlite:203 - Set database path to: C:\Users\pwlub\.stmcufinder\plugins\mcufinder//mcu/cs/
2025-06-25 20:38:04,642 [INFO] MainPanel:272 - HeapMemory: 277872640
2025-06-25 20:38:05,013 [INFO] DbMcusXml:78 - Set database path to: C:\ST\STM32CubeIDE_1.18.0\STM32CubeIDE\plugins\com.st.stm32cube.common.mx_6.14.0.202502271554\\db\/mcu/
2025-06-25 20:38:05,014 [INFO] ApiDb:274 - Set plugin database path to: C:\ST\STM32CubeIDE_1.18.0\STM32CubeIDE\plugins\com.st.stm32cube.common.mx_6.14.0.202502271554\\db\/plugins/boardmanager/
2025-06-25 20:38:05,015 [INFO] ApiDb:261 - Set plugin images path to: C:\ST\STM32CubeIDE_1.18.0\STM32CubeIDE\plugins\com.st.stm32cube.common.mx_6.14.0.202502271554\\db\/plugins/mcufinder/images/
2025-06-25 20:38:05,016 [WARN] DbFile:41 - Overriding database path with different value: C:\Users\pwlub\.stmcufinder\plugins\mcufinder/ => C:\Users\pwlub\.stmcufinder\plugins\mcufinder
2025-06-25 20:38:05,016 [INFO] ApiDb:250 - Set database path to: C:\Users\pwlub\.stmcufinder\plugins\mcufinder//mcu/
2025-06-25 20:38:05,017 [WARN] DbFile:41 - Overriding database path with different value: C:\Users\pwlub\.stmcufinder\plugins\mcufinder/ => C:\Users\pwlub\.stmcufinder\plugins\mcufinder
2025-06-25 20:38:05,018 [INFO] DbMcusAds:125 - Set database path to: C:\Users\pwlub\.stmcufinder\plugins\mcufinder//mcu/
2025-06-25 20:38:05,021 [WARN] DbFile:41 - Overriding database path with different value: C:\Users\pwlub\.stmcufinder\plugins\mcufinder/ => C:\Users\pwlub\.stmcufinder\plugins\mcufinder
2025-06-25 20:38:05,022 [WARN] DbFile:41 - Overriding database path with different value: C:\Users\pwlub\.stmcufinder\plugins\mcufinder/ => C:\Users\pwlub\.stmcufinder\plugins\mcufinder
2025-06-25 20:38:05,023 [INFO] CrossReferenceDbSqlite:203 - Set database path to: C:\Users\pwlub\.stmcufinder\plugins\mcufinder//mcu/cs/
2025-06-25 20:38:05,073 [INFO] ApplicationProperties:184 - Using Application install path: C:\ST\STM32CubeIDE_1.18.0\STM32CubeIDE\plugins\com.st.stm32cube.common.mx_6.14.0.202502271554
2025-06-25 20:38:05,078 [INFO] PluginManage:196 - Search for loadable plugins [exclusion list=, ]
2025-06-25 20:38:05,083 [INFO] PluginManage:310 - Check plugin analytics
2025-06-25 20:38:10,305 [INFO] AnalyticsPlugin:253 - Accepted Software Licenses: STM32CubeMX.6.14.0
2025-06-25 20:38:10,306 [INFO] AnalyticsPlugin:255 - Accepted CMSIS Pack Licenses: 
2025-06-25 20:38:10,306 [INFO] AnalyticsPlugin:257 - Accepted Firmware Licenses: FW.G4.1.5.0,FW.G4.1.6.0
2025-06-25 20:38:10,312 [INFO] PluginManage:359 - Loaded plugin analytics (category:tool,tabindex:-1)
2025-06-25 20:38:10,312 [INFO] PluginManage:310 - Check plugin cadmodel
2025-06-25 20:38:10,329 [INFO] CADModel:105 - Init CAD model plugin
2025-06-25 20:38:10,329 [INFO] PluginManage:359 - Loaded plugin cadmodel (category:power,tabindex:5)
2025-06-25 20:38:10,330 [INFO] PluginManage:310 - Check plugin clock
2025-06-25 20:38:10,366 [INFO] PluginManage:359 - Loaded plugin clock (category:base,tabindex:2)
2025-06-25 20:38:10,367 [INFO] PluginManage:310 - Check plugin ddr
2025-06-25 20:38:10,375 [INFO] PluginManage:359 - Loaded plugin ddr (category:tool,tabindex:6)
2025-06-25 20:38:10,375 [INFO] PluginManage:310 - Check plugin filemanager
2025-06-25 20:38:10,803 [INFO] PluginManage:359 - Loaded plugin filemanager (category:base,tabindex:10)
2025-06-25 20:38:10,804 [INFO] PluginManage:310 - Check plugin ipmanager
2025-06-25 20:38:10,821 [INFO] PluginManage:359 - Loaded plugin ipmanager (category:base,tabindex:5)
2025-06-25 20:38:10,821 [INFO] PluginManage:310 - Check plugin lpbam
2025-06-25 20:38:10,842 [INFO] PluginManage:359 - Loaded plugin lpbam (category:base,tabindex:0)
2025-06-25 20:38:10,843 [INFO] PluginManage:310 - Check plugin memorymap
2025-06-25 20:38:10,877 [INFO] PluginManage:359 - Loaded plugin memorymap (category:base,tabindex:4)
2025-06-25 20:38:10,877 [INFO] PluginManage:310 - Check plugin pinoutandconfiguration
2025-06-25 20:38:10,899 [INFO] PluginManage:359 - Loaded plugin pinoutandconfiguration (category:base,tabindex:1)
2025-06-25 20:38:10,899 [INFO] PluginManage:310 - Check plugin pinoutconfig
2025-06-25 20:38:11,213 [WARN] SupportedApi:132 - Cannot load RTOS API schema: s4s-elt-must-match.1: The content of 'definitions' must match (annotation?, (simpleType | complexType)?, (unique | key | keyref)*)). A problem was found starting at: attribute.
2025-06-25 20:38:11,920 [INFO] PluginManage:359 - Loaded plugin pinoutconfig (category:base,tabindex:0)
2025-06-25 20:38:11,921 [INFO] PluginManage:310 - Check plugin power
2025-06-25 20:38:11,952 [INFO] PluginManage:359 - Loaded plugin power (category:power,tabindex:4)
2025-06-25 20:38:11,953 [INFO] PluginManage:310 - Check plugin projectmanager
2025-06-25 20:38:12,095 [INFO] PluginManage:359 - Loaded plugin projectmanager (category:projectmanager,tabindex:4)
2025-06-25 20:38:12,096 [INFO] PluginManage:310 - Check plugin rif
2025-06-25 20:38:12,170 [INFO] PluginManage:359 - Loaded plugin rif (category:base,tabindex:3)
2025-06-25 20:38:12,171 [INFO] PluginManage:310 - Check plugin thirdparty
2025-06-25 20:38:12,634 [INFO] PluginManage:359 - Loaded plugin thirdparty (category:base,tabindex:-1)
2025-06-25 20:38:12,634 [INFO] PluginManage:310 - Check plugin tools
2025-06-25 20:38:12,643 [INFO] PluginManage:359 - Loaded plugin tools (category:base,tabindex:7)
2025-06-25 20:38:12,644 [INFO] PluginManage:310 - Check plugin tutovideos
2025-06-25 20:38:12,675 [WARN] IntegrityCheckThread:84 - waiting for thirdparty lock release [integrity check]
2025-06-25 20:38:12,681 [INFO] IntegrityCheckThread:86 - entering critical section [integrity check]
2025-06-25 20:38:12,682 [INFO] ThirdPartyUpdaterWithRetryManager:70 - Updater plugin not ready yet. [1/15]
2025-06-25 20:38:13,175 [INFO] PluginManage:359 - Loaded plugin tutovideos (category:base,tabindex:-1)
2025-06-25 20:38:13,175 [INFO] PluginManage:310 - Check plugin updater
2025-06-25 20:38:13,273 [INFO] PluginManage:359 - Loaded plugin updater (category:base,tabindex:12)
2025-06-25 20:38:13,274 [INFO] PluginManage:310 - Check plugin userauth
2025-06-25 20:38:13,284 [INFO] UserAuth:118 - Init User Auth plugin
2025-06-25 20:38:13,286 [INFO] PluginManage:359 - Loaded plugin userauth (category:base,tabindex:14)
2025-06-25 20:38:13,287 [INFO] PluginManage:283 - PluginManage : Loaded plugins [18]
2025-06-25 20:38:13,858 [INFO] PinOutPanel:1589 - setPackage(No Configuration,No Configuration)
2025-06-25 20:38:14,079 [INFO] CADModel:165 - CPN selected for project level
2025-06-25 20:38:14,080 [INFO] CADModel:114 - Register for checkConnection events
2025-06-25 20:38:14,131 [INFO] IPUIPlugin:80 - create IPUIPlugin
2025-06-25 20:38:14,132 [INFO] PluginManager:220 - loadIPPluginJar : add adc
2025-06-25 20:38:14,142 [INFO] IPUIPlugin:80 - create IPUIPlugin
2025-06-25 20:38:14,142 [INFO] PluginManager:220 - loadIPPluginJar : add aes
2025-06-25 20:38:14,151 [INFO] IPUIPlugin:80 - create IPUIPlugin
2025-06-25 20:38:14,151 [INFO] PluginManager:220 - loadIPPluginJar : add can
2025-06-25 20:38:14,155 [INFO] IPUIPlugin:80 - create IPUIPlugin
2025-06-25 20:38:14,156 [INFO] PluginManager:220 - loadIPPluginJar : add comp
2025-06-25 20:38:14,163 [INFO] IPUIPlugin:80 - create IPUIPlugin
2025-06-25 20:38:14,163 [INFO] PluginManager:220 - loadIPPluginJar : add cryp
2025-06-25 20:38:14,172 [INFO] IPUIPlugin:80 - create IPUIPlugin
2025-06-25 20:38:14,172 [INFO] PluginManager:220 - loadIPPluginJar : add ddr_ctrl_phy
2025-06-25 20:38:14,180 [INFO] IPUIPlugin:80 - create IPUIPlugin
2025-06-25 20:38:14,180 [INFO] PluginManager:220 - loadIPPluginJar : add dfsdm
2025-06-25 20:38:14,191 [INFO] IPUIPlugin:80 - create IPUIPlugin
2025-06-25 20:38:14,192 [INFO] PluginManager:220 - loadIPPluginJar : add dma
2025-06-25 20:38:14,201 [INFO] IPUIPlugin:80 - create IPUIPlugin
2025-06-25 20:38:14,201 [INFO] PluginManager:220 - loadIPPluginJar : add dma3
2025-06-25 20:38:14,209 [INFO] IPUIPlugin:80 - create IPUIPlugin
2025-06-25 20:38:14,211 [INFO] PluginManager:220 - loadIPPluginJar : add extmemmanager
2025-06-25 20:38:14,217 [INFO] IPUIPlugin:80 - create IPUIPlugin
2025-06-25 20:38:14,217 [INFO] PluginManager:220 - loadIPPluginJar : add fatfs
2025-06-25 20:38:14,229 [INFO] IPUIPlugin:80 - create IPUIPlugin
2025-06-25 20:38:14,229 [INFO] PluginManager:220 - loadIPPluginJar : add fmc
2025-06-25 20:38:14,243 [INFO] IPUIPlugin:80 - create IPUIPlugin
2025-06-25 20:38:14,244 [INFO] PluginManager:220 - loadIPPluginJar : add freertos
2025-06-25 20:38:14,249 [INFO] IPUIPlugin:80 - create IPUIPlugin
2025-06-25 20:38:14,249 [INFO] PluginManager:220 - loadIPPluginJar : add genericplugin
2025-06-25 20:38:14,255 [INFO] IPUIPlugin:80 - create IPUIPlugin
2025-06-25 20:38:14,255 [INFO] PluginManager:220 - loadIPPluginJar : add gfxmmu
2025-06-25 20:38:14,268 [INFO] IPUIPlugin:80 - create IPUIPlugin
2025-06-25 20:38:14,268 [INFO] PluginManager:220 - loadIPPluginJar : add gic
2025-06-25 20:38:14,277 [INFO] IPUIPlugin:80 - create IPUIPlugin
2025-06-25 20:38:14,278 [INFO] PluginManager:220 - loadIPPluginJar : add gpio
2025-06-25 20:38:14,285 [INFO] IPUIPlugin:80 - create IPUIPlugin
2025-06-25 20:38:14,285 [INFO] PluginManager:220 - loadIPPluginJar : add gtzc
2025-06-25 20:38:14,292 [INFO] IPUIPlugin:80 - create IPUIPlugin
2025-06-25 20:38:14,292 [INFO] PluginManager:220 - loadIPPluginJar : add hash
2025-06-25 20:38:14,299 [INFO] IPUIPlugin:80 - create IPUIPlugin
2025-06-25 20:38:14,299 [INFO] PluginManager:220 - loadIPPluginJar : add i2c
2025-06-25 20:38:14,305 [INFO] IPUIPlugin:80 - create IPUIPlugin
2025-06-25 20:38:14,305 [INFO] PluginManager:220 - loadIPPluginJar : add i2s
2025-06-25 20:38:14,314 [INFO] IPUIPlugin:80 - create IPUIPlugin
2025-06-25 20:38:14,314 [INFO] PluginManager:220 - loadIPPluginJar : add i3c
2025-06-25 20:38:14,321 [INFO] IPUIPlugin:80 - create IPUIPlugin
2025-06-25 20:38:14,322 [INFO] PluginManager:220 - loadIPPluginJar : add ipddr
2025-06-25 20:38:14,339 [INFO] IPUIPlugin:80 - create IPUIPlugin
2025-06-25 20:38:14,340 [INFO] PluginManager:220 - loadIPPluginJar : add linkedlist
2025-06-25 20:38:14,349 [INFO] IPUIPlugin:80 - create IPUIPlugin
2025-06-25 20:38:14,350 [INFO] PluginManager:220 - loadIPPluginJar : add lorawan
2025-06-25 20:38:14,354 [INFO] IPUIPlugin:80 - create IPUIPlugin
2025-06-25 20:38:14,354 [INFO] PluginManager:220 - loadIPPluginJar : add ltdc
2025-06-25 20:38:14,370 [INFO] IPUIPlugin:80 - create IPUIPlugin
2025-06-25 20:38:14,370 [INFO] PluginManager:220 - loadIPPluginJar : add mdma
2025-06-25 20:38:14,380 [INFO] IPUIPlugin:80 - create IPUIPlugin
2025-06-25 20:38:14,380 [INFO] PluginManager:220 - loadIPPluginJar : add nvic
2025-06-25 20:38:14,387 [INFO] IPUIPlugin:80 - create IPUIPlugin
2025-06-25 20:38:14,388 [INFO] PluginManager:220 - loadIPPluginJar : add opamp
2025-06-25 20:38:14,399 [INFO] IPUIPlugin:80 - create IPUIPlugin
2025-06-25 20:38:14,399 [INFO] PluginManager:220 - loadIPPluginJar : add openamp
2025-06-25 20:38:14,410 [INFO] IPUIPlugin:80 - create IPUIPlugin
2025-06-25 20:38:14,410 [INFO] PluginManager:220 - loadIPPluginJar : add pdm2pcm
2025-06-25 20:38:14,425 [INFO] IPUIPlugin:80 - create IPUIPlugin
2025-06-25 20:38:14,432 [INFO] PluginManager:220 - loadIPPluginJar : add plateformsettings
2025-06-25 20:38:14,446 [INFO] IPUIPlugin:80 - create IPUIPlugin
2025-06-25 20:38:14,446 [INFO] PluginManager:220 - loadIPPluginJar : add quadspi
2025-06-25 20:38:14,451 [INFO] IPUIPlugin:80 - create IPUIPlugin
2025-06-25 20:38:14,453 [INFO] PluginManager:220 - loadIPPluginJar : add radio
2025-06-25 20:38:14,465 [INFO] IPUIPlugin:80 - create IPUIPlugin
2025-06-25 20:38:14,466 [INFO] PluginManager:220 - loadIPPluginJar : add resmgrutility
2025-06-25 20:38:14,475 [INFO] IPUIPlugin:80 - create IPUIPlugin
2025-06-25 20:38:14,475 [INFO] PluginManager:220 - loadIPPluginJar : add sai
2025-06-25 20:38:14,483 [INFO] IPUIPlugin:80 - create IPUIPlugin
2025-06-25 20:38:14,483 [INFO] PluginManager:220 - loadIPPluginJar : add spi
2025-06-25 20:38:14,500 [INFO] IPUIPlugin:80 - create IPUIPlugin
2025-06-25 20:38:14,500 [INFO] PluginManager:220 - loadIPPluginJar : add stm32_wpan
2025-06-25 20:38:14,506 [INFO] IPUIPlugin:80 - create IPUIPlugin
2025-06-25 20:38:14,507 [INFO] PluginManager:220 - loadIPPluginJar : add tim
2025-06-25 20:38:14,516 [INFO] IPUIPlugin:80 - create IPUIPlugin
2025-06-25 20:38:14,517 [INFO] PluginManager:220 - loadIPPluginJar : add touchsensing
2025-06-25 20:38:14,523 [INFO] IPUIPlugin:80 - create IPUIPlugin
2025-06-25 20:38:14,524 [INFO] PluginManager:220 - loadIPPluginJar : add tracer_emb
2025-06-25 20:38:14,531 [INFO] IPUIPlugin:80 - create IPUIPlugin
2025-06-25 20:38:14,531 [INFO] PluginManager:220 - loadIPPluginJar : add ts
2025-06-25 20:38:14,537 [INFO] IPUIPlugin:80 - create IPUIPlugin
2025-06-25 20:38:14,537 [INFO] PluginManager:220 - loadIPPluginJar : add tsc
2025-06-25 20:38:14,544 [INFO] IPUIPlugin:80 - create IPUIPlugin
2025-06-25 20:38:14,544 [INFO] PluginManager:220 - loadIPPluginJar : add ucpd
2025-06-25 20:38:14,552 [INFO] IPUIPlugin:80 - create IPUIPlugin
2025-06-25 20:38:14,552 [INFO] PluginManager:220 - loadIPPluginJar : add usart
2025-06-25 20:38:14,562 [INFO] IPUIPlugin:80 - create IPUIPlugin
2025-06-25 20:38:14,562 [INFO] PluginManager:220 - loadIPPluginJar : add usbx
2025-06-25 20:38:14,830 [FATAL] Updater:351 - Updater called before beeing initialized
2025-06-25 20:38:14,914 [INFO] RulesReader:64 - Compatibility file has been processed (301 Rules)
2025-06-25 20:38:14,951 [INFO] RulesReader:64 - Compatibility file has been processed (301 Rules)
2025-06-25 20:38:14,968 [INFO] CADModel:165 - CPN selected for project level
2025-06-25 20:38:14,968 [INFO] CADModel:114 - Register for checkConnection events
2025-06-25 20:38:14,969 [FATAL] Updater:351 - Updater called before beeing initialized
2025-06-25 20:38:14,969 [ERROR] CADModel:125 - Updater not yet initialized, retry later 
2025-06-25 20:38:15,354 [FATAL] Updater:351 - Updater called before beeing initialized
2025-06-25 20:38:15,361 [INFO] CADModel:165 - CPN selected for project level
2025-06-25 20:38:15,362 [INFO] CADModel:114 - Register for checkConnection events
2025-06-25 20:38:15,362 [FATAL] Updater:351 - Updater called before beeing initialized
2025-06-25 20:38:15,362 [ERROR] CADModel:125 - Updater not yet initialized, retry later 
2025-06-25 20:38:15,372 [FATAL] Updater:351 - Updater called before beeing initialized
2025-06-25 20:38:15,683 [INFO] ThirdPartyUpdaterWithRetryManager:70 - Updater plugin not ready yet. [2/15]
2025-06-25 20:38:15,722 [FATAL] Updater:351 - Updater called before beeing initialized
2025-06-25 20:38:15,754 [INFO] DbMcusAds:53 - JSON generation date=Thu Mar 06 15:54:21 CET 2025 (1741272861825)
2025-06-25 20:38:15,755 [FATAL] Updater:351 - Updater called before beeing initialized
2025-06-25 20:38:15,845 [WARN] DetailPanel:346 - Failed to get advertising image, set to default
2025-06-25 20:38:16,485 [FATAL] Updater:351 - Updater called before beeing initialized
2025-06-25 20:38:16,488 [FATAL] Updater:351 - Updater called before beeing initialized
2025-06-25 20:38:16,488 [FATAL] Updater:351 - Updater called before beeing initialized
2025-06-25 20:38:16,488 [WARN] DetailPanel:346 - Failed to get advertising image, set to default
2025-06-25 20:38:16,490 [FATAL] Updater:351 - Updater called before beeing initialized
2025-06-25 20:38:16,617 [ERROR] Updater:1198 - MainUpdater not yet initialized. External WinMGr cannot be set.
2025-06-25 20:38:16,623 [INFO] Updater:1134 - Updater Version found : 6.14.0
2025-06-25 20:38:16,668 [INFO] ApplicationProperties:184 - Using Application install path: C:\ST\STM32CubeIDE_1.18.0\STM32CubeIDE\plugins\com.st.stm32cube.common.mx_6.14.0.202502271554
2025-06-25 20:38:18,306 [ERROR] LogOutputStream:75 - [STDERR_REDIRECT] Jun 25, 2025 8:38:18 PM java.util.prefs.WindowsPreferences <init>
2025-06-25 20:38:18,323 [ERROR] LogOutputStream:75 - [STDERR_REDIRECT] WARNING: Could not open/create prefs root node Software\JavaSoft\Prefs at root 0xffffffff80000002. Windows RegCreateKeyEx(...) returned error code 5.
2025-06-25 20:38:18,325 [ERROR] LogOutputStream:75 - [STDERR_REDIRECT] 
2025-06-25 20:38:18,685 [FATAL] Updater:351 - Updater called before beeing initialized
2025-06-25 20:38:18,686 [ERROR] IntegrityCheckThread:130 - Cannot retrieve database content from updater: error 21
2025-06-25 20:38:18,686 [INFO] ThirdParty:978 - Integrity check success = false
2025-06-25 20:38:18,687 [INFO] IntegrityCheckThread:100 - exiting critical section [integrity check]
2025-06-25 20:38:18,687 [INFO] IntegrityCheckThread:103 - End integrity checks thread
2025-06-25 20:38:19,312 [INFO] MainUpdater:2872 - connection check result : 10
2025-06-25 20:38:19,314 [INFO] MainUpdater:289 - Updater Check For Update Now.
2025-06-25 20:38:19,314 [INFO] MicroXplorer:498 - Change Database Version : DB.6.0.140
2025-06-25 20:38:19,330 [INFO] McuFinderGlobals:63 - Set McuFinder mode to 2 (CubeIDE integrated)
2025-06-25 20:38:19,355 [INFO] UserAuth:486 - Internet connection configuration mode: 1
2025-06-25 20:38:19,473 [INFO] JxBrowserEngine:152 - Initiate JxBrowser Engine with user profile folder
2025-06-25 20:38:19,868 [INFO] CheckServerUpdateThread:120 - End of CheckServer Thread
2025-06-25 20:38:22,651 [INFO] WebApp:169 - Instantiating new browser for Auth
2025-06-25 20:38:25,537 [INFO] WebApp:463 - Apply proxy settings
2025-06-25 20:38:25,538 [INFO] WebApp:548 - Chromium requires no authentication
2025-06-25 20:38:25,569 [INFO] WebApp:491 - Direct internet connection detected
2025-06-25 20:38:25,650 [INFO] WebApp:894 - Register for checkConnection events
2025-06-25 20:38:25,650 [INFO] WebApp:463 - Apply proxy settings
2025-06-25 20:38:25,651 [INFO] WebApp:548 - Chromium requires no authentication
2025-06-25 20:38:25,657 [INFO] WebApp:491 - Direct internet connection detected
2025-06-25 20:38:26,195 [INFO] WebApp:225 - Starting web application
2025-06-25 20:38:26,196 [INFO] WebApp:593 - Web application path used C:\ST\STM32CubeIDE_1.18.0\STM32CubeIDE\plugins\com.st.stm32cube.common.mx_6.14.0.202502271554\db\plugins\mcufinder\reactClient1\index.html
2025-06-25 20:38:26,711 [INFO] UserAuth:486 - Internet connection configuration mode: 1
2025-06-25 20:38:28,144 [ERROR] LogOutputStream:75 - [STDERR_REDIRECT] Jun 25, 2025 8:38:28 PM org.glassfish.grizzly.http.server.NetworkListener start
2025-06-25 20:38:28,147 [ERROR] LogOutputStream:75 - [STDERR_REDIRECT] INFO: Started listener bound to [localhost:16721]
2025-06-25 20:38:28,148 [ERROR] LogOutputStream:75 - [STDERR_REDIRECT] 
2025-06-25 20:38:28,154 [ERROR] LogOutputStream:75 - [STDERR_REDIRECT] Jun 25, 2025 8:38:28 PM org.glassfish.grizzly.http.server.HttpServer start
2025-06-25 20:38:28,156 [ERROR] LogOutputStream:75 - [STDERR_REDIRECT] INFO: [HttpServer] Started.
2025-06-25 20:38:28,157 [ERROR] LogOutputStream:75 - [STDERR_REDIRECT] 
2025-06-25 20:38:28,553 [INFO] WebApp:191 - Connection restablished
2025-06-25 20:54:38,972 [ERROR] LogOutputStream:75 - [STDERR_REDIRECT] 
2025-06-25 20:54:38,975 [ERROR] LogOutputStream:75 - [STDERR_REDIRECT] 
