2025-06-01 14:35:39,176 [INFO] Activator:176 - 


2025-06-01 14:35:39,192 [INFO] Activator:177 - !SESSION log4j initialized
2025-06-01 14:35:53,131 [INFO] LogOutputStream:77 - [STDOUT_REDIRECT] 
2025-06-01 14:35:53,513 [INFO] LogOutputStream:77 - [STDOUT_REDIRECT] 
2025-06-01 14:36:01,066 [INFO] ApplicationProperties:184 - Using Application install path: C:\ST\STM32CubeIDE_1.18.0\STM32CubeIDE\plugins\com.st.stm32cube.common.mx_6.14.0.202502271554
2025-06-01 14:36:01,108 [INFO] DbMcusXml:78 - Set database path to: C:\ST\STM32CubeIDE_1.18.0\STM32CubeIDE\plugins\com.st.stm32cube.common.mx_6.14.0.202502271554\\db\/mcu/
2025-06-01 14:36:01,109 [INFO] ApiDb:274 - Set plugin database path to: C:\ST\STM32CubeIDE_1.18.0\STM32CubeIDE\plugins\com.st.stm32cube.common.mx_6.14.0.202502271554\\db\/plugins/boardmanager/
2025-06-01 14:36:01,109 [WARN] ApiDb:259 - Overriding images path with different value:  => C:\ST\STM32CubeIDE_1.18.0\STM32CubeIDE\plugins\com.st.stm32cube.common.mx_6.14.0.202502271554\\db\/plugins/mcufinder/images/
2025-06-01 14:36:01,159 [INFO] ApiDb:250 - Set database path to: C:\Users\pwlub\.stmcufinder\plugins\mcufinder//mcu/
2025-06-01 14:36:01,161 [INFO] DbMcusAds:125 - Set database path to: C:\Users\pwlub\.stmcufinder\plugins\mcufinder//mcu/
2025-06-01 14:36:01,166 [INFO] CrossReferenceDbSqlite:203 - Set database path to: C:\Users\pwlub\.stmcufinder\plugins\mcufinder//mcu/cs/
2025-06-01 14:36:01,407 [INFO] RulesReader:64 - Compatibility file has been processed (301 Rules)
2025-06-01 14:36:01,568 [INFO] DbMcusXml:78 - Set database path to: C:\ST\STM32CubeIDE_1.18.0\STM32CubeIDE\plugins\com.st.stm32cube.common.mx_6.14.0.202502271554\\db\/mcu/
2025-06-01 14:36:01,568 [INFO] ApiDb:274 - Set plugin database path to: C:\ST\STM32CubeIDE_1.18.0\STM32CubeIDE\plugins\com.st.stm32cube.common.mx_6.14.0.202502271554\\db\/plugins/boardmanager/
2025-06-01 14:36:01,568 [INFO] ApiDb:261 - Set plugin images path to: C:\ST\STM32CubeIDE_1.18.0\STM32CubeIDE\plugins\com.st.stm32cube.common.mx_6.14.0.202502271554\\db\/plugins/mcufinder/images/
2025-06-01 14:36:01,569 [WARN] DbFile:41 - Overriding database path with different value: C:\Users\pwlub\.stmcufinder\plugins\mcufinder/ => C:\Users\pwlub\.stmcufinder\plugins\mcufinder
2025-06-01 14:36:01,569 [INFO] ApiDb:250 - Set database path to: C:\Users\pwlub\.stmcufinder\plugins\mcufinder//mcu/
2025-06-01 14:36:01,570 [WARN] DbFile:41 - Overriding database path with different value: C:\Users\pwlub\.stmcufinder\plugins\mcufinder/ => C:\Users\pwlub\.stmcufinder\plugins\mcufinder
2025-06-01 14:36:01,570 [INFO] DbMcusAds:125 - Set database path to: C:\Users\pwlub\.stmcufinder\plugins\mcufinder//mcu/
2025-06-01 14:36:01,570 [WARN] DbFile:41 - Overriding database path with different value: C:\Users\pwlub\.stmcufinder\plugins\mcufinder/ => C:\Users\pwlub\.stmcufinder\plugins\mcufinder
2025-06-01 14:36:01,570 [WARN] DbFile:41 - Overriding database path with different value: C:\Users\pwlub\.stmcufinder\plugins\mcufinder/ => C:\Users\pwlub\.stmcufinder\plugins\mcufinder
2025-06-01 14:36:01,570 [INFO] CrossReferenceDbSqlite:203 - Set database path to: C:\Users\pwlub\.stmcufinder\plugins\mcufinder//mcu/cs/
2025-06-01 14:36:01,757 [INFO] MainPanel:272 - HeapMemory: 268435456
2025-06-01 14:36:01,989 [INFO] DbMcusXml:78 - Set database path to: C:\ST\STM32CubeIDE_1.18.0\STM32CubeIDE\plugins\com.st.stm32cube.common.mx_6.14.0.202502271554\\db\/mcu/
2025-06-01 14:36:01,990 [INFO] ApiDb:274 - Set plugin database path to: C:\ST\STM32CubeIDE_1.18.0\STM32CubeIDE\plugins\com.st.stm32cube.common.mx_6.14.0.202502271554\\db\/plugins/boardmanager/
2025-06-01 14:36:01,990 [INFO] ApiDb:261 - Set plugin images path to: C:\ST\STM32CubeIDE_1.18.0\STM32CubeIDE\plugins\com.st.stm32cube.common.mx_6.14.0.202502271554\\db\/plugins/mcufinder/images/
2025-06-01 14:36:01,990 [WARN] DbFile:41 - Overriding database path with different value: C:\Users\pwlub\.stmcufinder\plugins\mcufinder/ => C:\Users\pwlub\.stmcufinder\plugins\mcufinder
2025-06-01 14:36:01,990 [INFO] ApiDb:250 - Set database path to: C:\Users\pwlub\.stmcufinder\plugins\mcufinder//mcu/
2025-06-01 14:36:01,990 [WARN] DbFile:41 - Overriding database path with different value: C:\Users\pwlub\.stmcufinder\plugins\mcufinder/ => C:\Users\pwlub\.stmcufinder\plugins\mcufinder
2025-06-01 14:36:01,991 [INFO] DbMcusAds:125 - Set database path to: C:\Users\pwlub\.stmcufinder\plugins\mcufinder//mcu/
2025-06-01 14:36:01,991 [WARN] DbFile:41 - Overriding database path with different value: C:\Users\pwlub\.stmcufinder\plugins\mcufinder/ => C:\Users\pwlub\.stmcufinder\plugins\mcufinder
2025-06-01 14:36:01,991 [WARN] DbFile:41 - Overriding database path with different value: C:\Users\pwlub\.stmcufinder\plugins\mcufinder/ => C:\Users\pwlub\.stmcufinder\plugins\mcufinder
2025-06-01 14:36:01,991 [INFO] CrossReferenceDbSqlite:203 - Set database path to: C:\Users\pwlub\.stmcufinder\plugins\mcufinder//mcu/cs/
2025-06-01 14:36:02,017 [INFO] ApplicationProperties:184 - Using Application install path: C:\ST\STM32CubeIDE_1.18.0\STM32CubeIDE\plugins\com.st.stm32cube.common.mx_6.14.0.202502271554
2025-06-01 14:36:02,020 [INFO] PluginManage:196 - Search for loadable plugins [exclusion list=, ]
2025-06-01 14:36:02,023 [INFO] PluginManage:310 - Check plugin analytics
2025-06-01 14:36:07,023 [INFO] AnalyticsPlugin:253 - Accepted Software Licenses: STM32CubeMX.6.14.0
2025-06-01 14:36:07,024 [INFO] AnalyticsPlugin:255 - Accepted CMSIS Pack Licenses: 
2025-06-01 14:36:07,024 [INFO] AnalyticsPlugin:257 - Accepted Firmware Licenses: FW.G4.1.5.0,FW.G4.1.6.0
2025-06-01 14:36:07,028 [INFO] PluginManage:359 - Loaded plugin analytics (category:tool,tabindex:-1)
2025-06-01 14:36:07,028 [INFO] PluginManage:310 - Check plugin cadmodel
2025-06-01 14:36:07,040 [INFO] CADModel:105 - Init CAD model plugin
2025-06-01 14:36:07,040 [INFO] PluginManage:359 - Loaded plugin cadmodel (category:power,tabindex:5)
2025-06-01 14:36:07,040 [INFO] PluginManage:310 - Check plugin clock
2025-06-01 14:36:07,059 [INFO] PluginManage:359 - Loaded plugin clock (category:base,tabindex:2)
2025-06-01 14:36:07,060 [INFO] PluginManage:310 - Check plugin ddr
2025-06-01 14:36:07,065 [INFO] PluginManage:359 - Loaded plugin ddr (category:tool,tabindex:6)
2025-06-01 14:36:07,065 [INFO] PluginManage:310 - Check plugin filemanager
2025-06-01 14:36:07,365 [INFO] PluginManage:359 - Loaded plugin filemanager (category:base,tabindex:10)
2025-06-01 14:36:07,366 [INFO] PluginManage:310 - Check plugin ipmanager
2025-06-01 14:36:07,379 [INFO] PluginManage:359 - Loaded plugin ipmanager (category:base,tabindex:5)
2025-06-01 14:36:07,380 [INFO] PluginManage:310 - Check plugin lpbam
2025-06-01 14:36:07,400 [INFO] PluginManage:359 - Loaded plugin lpbam (category:base,tabindex:0)
2025-06-01 14:36:07,400 [INFO] PluginManage:310 - Check plugin memorymap
2025-06-01 14:36:07,432 [INFO] PluginManage:359 - Loaded plugin memorymap (category:base,tabindex:4)
2025-06-01 14:36:07,433 [INFO] PluginManage:310 - Check plugin pinoutandconfiguration
2025-06-01 14:36:07,448 [INFO] PluginManage:359 - Loaded plugin pinoutandconfiguration (category:base,tabindex:1)
2025-06-01 14:36:07,448 [INFO] PluginManage:310 - Check plugin pinoutconfig
2025-06-01 14:36:07,670 [WARN] SupportedApi:132 - Cannot load RTOS API schema: s4s-elt-must-match.1: The content of 'definitions' must match (annotation?, (simpleType | complexType)?, (unique | key | keyref)*)). A problem was found starting at: attribute.
2025-06-01 14:36:07,911 [INFO] PluginManage:359 - Loaded plugin pinoutconfig (category:base,tabindex:0)
2025-06-01 14:36:07,911 [INFO] PluginManage:310 - Check plugin power
2025-06-01 14:36:07,929 [INFO] PluginManage:359 - Loaded plugin power (category:power,tabindex:4)
2025-06-01 14:36:07,929 [INFO] PluginManage:310 - Check plugin projectmanager
2025-06-01 14:36:07,953 [INFO] PluginManage:359 - Loaded plugin projectmanager (category:projectmanager,tabindex:4)
2025-06-01 14:36:07,953 [INFO] PluginManage:310 - Check plugin rif
2025-06-01 14:36:07,966 [INFO] PluginManage:359 - Loaded plugin rif (category:base,tabindex:3)
2025-06-01 14:36:07,966 [INFO] PluginManage:310 - Check plugin thirdparty
2025-06-01 14:36:08,285 [INFO] PluginManage:359 - Loaded plugin thirdparty (category:base,tabindex:-1)
2025-06-01 14:36:08,285 [INFO] PluginManage:310 - Check plugin tools
2025-06-01 14:36:08,285 [WARN] IntegrityCheckThread:84 - waiting for thirdparty lock release [integrity check]
2025-06-01 14:36:08,288 [INFO] IntegrityCheckThread:86 - entering critical section [integrity check]
2025-06-01 14:36:08,290 [INFO] ThirdPartyUpdaterWithRetryManager:70 - Updater plugin not ready yet. [1/15]
2025-06-01 14:36:08,295 [INFO] PluginManage:359 - Loaded plugin tools (category:base,tabindex:7)
2025-06-01 14:36:08,296 [INFO] PluginManage:310 - Check plugin tutovideos
2025-06-01 14:36:08,669 [INFO] PluginManage:359 - Loaded plugin tutovideos (category:base,tabindex:-1)
2025-06-01 14:36:08,670 [INFO] PluginManage:310 - Check plugin updater
2025-06-01 14:36:08,708 [INFO] PluginManage:359 - Loaded plugin updater (category:base,tabindex:12)
2025-06-01 14:36:08,708 [INFO] PluginManage:310 - Check plugin userauth
2025-06-01 14:36:08,716 [INFO] UserAuth:118 - Init User Auth plugin
2025-06-01 14:36:08,718 [INFO] PluginManage:359 - Loaded plugin userauth (category:base,tabindex:14)
2025-06-01 14:36:08,719 [INFO] PluginManage:283 - PluginManage : Loaded plugins [18]
2025-06-01 14:36:09,212 [INFO] PinOutPanel:1589 - setPackage(No Configuration,No Configuration)
2025-06-01 14:36:09,518 [INFO] CADModel:165 - CPN selected for project level
2025-06-01 14:36:09,518 [INFO] CADModel:114 - Register for checkConnection events
2025-06-01 14:36:09,585 [INFO] IPUIPlugin:80 - create IPUIPlugin
2025-06-01 14:36:09,586 [INFO] PluginManager:220 - loadIPPluginJar : add adc
2025-06-01 14:36:09,593 [INFO] IPUIPlugin:80 - create IPUIPlugin
2025-06-01 14:36:09,593 [INFO] PluginManager:220 - loadIPPluginJar : add aes
2025-06-01 14:36:09,599 [INFO] IPUIPlugin:80 - create IPUIPlugin
2025-06-01 14:36:09,599 [INFO] PluginManager:220 - loadIPPluginJar : add can
2025-06-01 14:36:09,603 [INFO] IPUIPlugin:80 - create IPUIPlugin
2025-06-01 14:36:09,603 [INFO] PluginManager:220 - loadIPPluginJar : add comp
2025-06-01 14:36:09,608 [INFO] IPUIPlugin:80 - create IPUIPlugin
2025-06-01 14:36:09,609 [INFO] PluginManager:220 - loadIPPluginJar : add cryp
2025-06-01 14:36:09,616 [INFO] IPUIPlugin:80 - create IPUIPlugin
2025-06-01 14:36:09,616 [INFO] PluginManager:220 - loadIPPluginJar : add ddr_ctrl_phy
2025-06-01 14:36:09,622 [INFO] IPUIPlugin:80 - create IPUIPlugin
2025-06-01 14:36:09,622 [INFO] PluginManager:220 - loadIPPluginJar : add dfsdm
2025-06-01 14:36:09,630 [INFO] IPUIPlugin:80 - create IPUIPlugin
2025-06-01 14:36:09,630 [INFO] PluginManager:220 - loadIPPluginJar : add dma
2025-06-01 14:36:09,636 [INFO] IPUIPlugin:80 - create IPUIPlugin
2025-06-01 14:36:09,636 [INFO] PluginManager:220 - loadIPPluginJar : add dma3
2025-06-01 14:36:09,642 [INFO] IPUIPlugin:80 - create IPUIPlugin
2025-06-01 14:36:09,642 [INFO] PluginManager:220 - loadIPPluginJar : add extmemmanager
2025-06-01 14:36:09,646 [INFO] IPUIPlugin:80 - create IPUIPlugin
2025-06-01 14:36:09,646 [INFO] PluginManager:220 - loadIPPluginJar : add fatfs
2025-06-01 14:36:09,654 [INFO] IPUIPlugin:80 - create IPUIPlugin
2025-06-01 14:36:09,654 [INFO] PluginManager:220 - loadIPPluginJar : add fmc
2025-06-01 14:36:09,663 [INFO] IPUIPlugin:80 - create IPUIPlugin
2025-06-01 14:36:09,664 [INFO] PluginManager:220 - loadIPPluginJar : add freertos
2025-06-01 14:36:09,666 [INFO] IPUIPlugin:80 - create IPUIPlugin
2025-06-01 14:36:09,667 [INFO] PluginManager:220 - loadIPPluginJar : add genericplugin
2025-06-01 14:36:09,672 [INFO] IPUIPlugin:80 - create IPUIPlugin
2025-06-01 14:36:09,672 [INFO] PluginManager:220 - loadIPPluginJar : add gfxmmu
2025-06-01 14:36:09,682 [INFO] IPUIPlugin:80 - create IPUIPlugin
2025-06-01 14:36:09,682 [INFO] PluginManager:220 - loadIPPluginJar : add gic
2025-06-01 14:36:09,691 [INFO] IPUIPlugin:80 - create IPUIPlugin
2025-06-01 14:36:09,692 [INFO] PluginManager:220 - loadIPPluginJar : add gpio
2025-06-01 14:36:09,697 [INFO] IPUIPlugin:80 - create IPUIPlugin
2025-06-01 14:36:09,698 [INFO] PluginManager:220 - loadIPPluginJar : add gtzc
2025-06-01 14:36:09,703 [INFO] IPUIPlugin:80 - create IPUIPlugin
2025-06-01 14:36:09,703 [INFO] PluginManager:220 - loadIPPluginJar : add hash
2025-06-01 14:36:09,707 [INFO] IPUIPlugin:80 - create IPUIPlugin
2025-06-01 14:36:09,708 [INFO] PluginManager:220 - loadIPPluginJar : add i2c
2025-06-01 14:36:09,713 [INFO] IPUIPlugin:80 - create IPUIPlugin
2025-06-01 14:36:09,713 [INFO] PluginManager:220 - loadIPPluginJar : add i2s
2025-06-01 14:36:09,718 [INFO] IPUIPlugin:80 - create IPUIPlugin
2025-06-01 14:36:09,718 [INFO] PluginManager:220 - loadIPPluginJar : add i3c
2025-06-01 14:36:09,726 [INFO] IPUIPlugin:80 - create IPUIPlugin
2025-06-01 14:36:09,726 [INFO] PluginManager:220 - loadIPPluginJar : add ipddr
2025-06-01 14:36:09,741 [INFO] IPUIPlugin:80 - create IPUIPlugin
2025-06-01 14:36:09,741 [INFO] PluginManager:220 - loadIPPluginJar : add linkedlist
2025-06-01 14:36:09,747 [INFO] IPUIPlugin:80 - create IPUIPlugin
2025-06-01 14:36:09,748 [INFO] PluginManager:220 - loadIPPluginJar : add lorawan
2025-06-01 14:36:09,751 [INFO] IPUIPlugin:80 - create IPUIPlugin
2025-06-01 14:36:09,752 [INFO] PluginManager:220 - loadIPPluginJar : add ltdc
2025-06-01 14:36:09,763 [INFO] IPUIPlugin:80 - create IPUIPlugin
2025-06-01 14:36:09,764 [INFO] PluginManager:220 - loadIPPluginJar : add mdma
2025-06-01 14:36:09,770 [INFO] IPUIPlugin:80 - create IPUIPlugin
2025-06-01 14:36:09,771 [INFO] PluginManager:220 - loadIPPluginJar : add nvic
2025-06-01 14:36:09,777 [INFO] IPUIPlugin:80 - create IPUIPlugin
2025-06-01 14:36:09,777 [INFO] PluginManager:220 - loadIPPluginJar : add opamp
2025-06-01 14:36:09,783 [INFO] IPUIPlugin:80 - create IPUIPlugin
2025-06-01 14:36:09,784 [INFO] PluginManager:220 - loadIPPluginJar : add openamp
2025-06-01 14:36:09,791 [INFO] IPUIPlugin:80 - create IPUIPlugin
2025-06-01 14:36:09,791 [INFO] PluginManager:220 - loadIPPluginJar : add pdm2pcm
2025-06-01 14:36:09,800 [INFO] IPUIPlugin:80 - create IPUIPlugin
2025-06-01 14:36:09,804 [INFO] PluginManager:220 - loadIPPluginJar : add plateformsettings
2025-06-01 14:36:09,808 [INFO] IPUIPlugin:80 - create IPUIPlugin
2025-06-01 14:36:09,808 [INFO] PluginManager:220 - loadIPPluginJar : add quadspi
2025-06-01 14:36:09,811 [INFO] IPUIPlugin:80 - create IPUIPlugin
2025-06-01 14:36:09,812 [INFO] PluginManager:220 - loadIPPluginJar : add radio
2025-06-01 14:36:09,819 [INFO] IPUIPlugin:80 - create IPUIPlugin
2025-06-01 14:36:09,819 [INFO] PluginManager:220 - loadIPPluginJar : add resmgrutility
2025-06-01 14:36:09,825 [INFO] IPUIPlugin:80 - create IPUIPlugin
2025-06-01 14:36:09,825 [INFO] PluginManager:220 - loadIPPluginJar : add sai
2025-06-01 14:36:09,831 [INFO] IPUIPlugin:80 - create IPUIPlugin
2025-06-01 14:36:09,831 [INFO] PluginManager:220 - loadIPPluginJar : add spi
2025-06-01 14:36:09,843 [INFO] IPUIPlugin:80 - create IPUIPlugin
2025-06-01 14:36:09,843 [INFO] PluginManager:220 - loadIPPluginJar : add stm32_wpan
2025-06-01 14:36:09,846 [INFO] IPUIPlugin:80 - create IPUIPlugin
2025-06-01 14:36:09,846 [INFO] PluginManager:220 - loadIPPluginJar : add tim
2025-06-01 14:36:09,852 [INFO] IPUIPlugin:80 - create IPUIPlugin
2025-06-01 14:36:09,853 [INFO] PluginManager:220 - loadIPPluginJar : add touchsensing
2025-06-01 14:36:09,857 [INFO] IPUIPlugin:80 - create IPUIPlugin
2025-06-01 14:36:09,858 [INFO] PluginManager:220 - loadIPPluginJar : add tracer_emb
2025-06-01 14:36:09,862 [INFO] IPUIPlugin:80 - create IPUIPlugin
2025-06-01 14:36:09,863 [INFO] PluginManager:220 - loadIPPluginJar : add ts
2025-06-01 14:36:09,867 [INFO] IPUIPlugin:80 - create IPUIPlugin
2025-06-01 14:36:09,867 [INFO] PluginManager:220 - loadIPPluginJar : add tsc
2025-06-01 14:36:09,872 [INFO] IPUIPlugin:80 - create IPUIPlugin
2025-06-01 14:36:09,873 [INFO] PluginManager:220 - loadIPPluginJar : add ucpd
2025-06-01 14:36:09,879 [INFO] IPUIPlugin:80 - create IPUIPlugin
2025-06-01 14:36:09,879 [INFO] PluginManager:220 - loadIPPluginJar : add usart
2025-06-01 14:36:09,887 [INFO] IPUIPlugin:80 - create IPUIPlugin
2025-06-01 14:36:09,887 [INFO] PluginManager:220 - loadIPPluginJar : add usbx
2025-06-01 14:36:10,050 [FATAL] Updater:351 - Updater called before beeing initialized
2025-06-01 14:36:10,097 [INFO] RulesReader:64 - Compatibility file has been processed (301 Rules)
2025-06-01 14:36:10,118 [INFO] RulesReader:64 - Compatibility file has been processed (301 Rules)
2025-06-01 14:36:10,132 [INFO] CADModel:165 - CPN selected for project level
2025-06-01 14:36:10,132 [INFO] CADModel:114 - Register for checkConnection events
2025-06-01 14:36:10,132 [FATAL] Updater:351 - Updater called before beeing initialized
2025-06-01 14:36:10,132 [ERROR] CADModel:125 - Updater not yet initialized, retry later 
2025-06-01 14:36:10,367 [FATAL] Updater:351 - Updater called before beeing initialized
2025-06-01 14:36:10,370 [INFO] CADModel:165 - CPN selected for project level
2025-06-01 14:36:10,370 [INFO] CADModel:114 - Register for checkConnection events
2025-06-01 14:36:10,370 [FATAL] Updater:351 - Updater called before beeing initialized
2025-06-01 14:36:10,370 [ERROR] CADModel:125 - Updater not yet initialized, retry later 
2025-06-01 14:36:10,378 [FATAL] Updater:351 - Updater called before beeing initialized
2025-06-01 14:36:10,805 [FATAL] Updater:351 - Updater called before beeing initialized
2025-06-01 14:36:10,824 [INFO] DbMcusAds:53 - JSON generation date=Thu Mar 06 15:54:21 CET 2025 (1741272861825)
2025-06-01 14:36:10,825 [FATAL] Updater:351 - Updater called before beeing initialized
2025-06-01 14:36:10,896 [WARN] DetailPanel:346 - Failed to get advertising image, set to default
2025-06-01 14:36:11,293 [INFO] ThirdPartyUpdaterWithRetryManager:70 - Updater plugin not ready yet. [2/15]
2025-06-01 14:36:11,319 [FATAL] Updater:351 - Updater called before beeing initialized
2025-06-01 14:36:11,323 [FATAL] Updater:351 - Updater called before beeing initialized
2025-06-01 14:36:11,323 [FATAL] Updater:351 - Updater called before beeing initialized
2025-06-01 14:36:11,323 [WARN] DetailPanel:346 - Failed to get advertising image, set to default
2025-06-01 14:36:11,325 [FATAL] Updater:351 - Updater called before beeing initialized
2025-06-01 14:36:11,398 [ERROR] Updater:1198 - MainUpdater not yet initialized. External WinMGr cannot be set.
2025-06-01 14:36:11,401 [INFO] Updater:1134 - Updater Version found : 6.14.0
2025-06-01 14:36:11,426 [INFO] ApplicationProperties:184 - Using Application install path: C:\ST\STM32CubeIDE_1.18.0\STM32CubeIDE\plugins\com.st.stm32cube.common.mx_6.14.0.202502271554
2025-06-01 14:36:13,014 [ERROR] LogOutputStream:75 - [STDERR_REDIRECT] Jun 01, 2025 2:36:13 PM java.util.prefs.WindowsPreferences <init>
2025-06-01 14:36:13,020 [ERROR] LogOutputStream:75 - [STDERR_REDIRECT] WARNING: Could not open/create prefs root node Software\JavaSoft\Prefs at root 0xffffffff80000002. Windows RegCreateKeyEx(...) returned error code 5.
2025-06-01 14:36:13,020 [ERROR] LogOutputStream:75 - [STDERR_REDIRECT] 
2025-06-01 14:36:14,255 [INFO] MainUpdater:2872 - connection check result : 10
2025-06-01 14:36:14,257 [INFO] MainUpdater:289 - Updater Check For Update Now.
2025-06-01 14:36:14,257 [INFO] MicroXplorer:498 - Change Database Version : DB.6.0.140
2025-06-01 14:36:14,301 [INFO] McuFinderGlobals:63 - Set McuFinder mode to 2 (CubeIDE integrated)
2025-06-01 14:36:14,322 [WARN] MainUpdater:1193 - Updater busy. Cannot search thirdparties
2025-06-01 14:36:14,323 [INFO] ThirdPartyUpdaterWithRetryManager:96 - Updater plugin is busy. [1/15]
2025-06-01 14:36:14,349 [INFO] UserAuth:486 - Internet connection configuration mode: 1
2025-06-01 14:36:14,452 [INFO] JxBrowserEngine:152 - Initiate JxBrowser Engine with user profile folder
2025-06-01 14:36:15,194 [INFO] CheckServerUpdateThread:120 - End of CheckServer Thread
2025-06-01 14:36:18,417 [INFO] WebApp:169 - Instantiating new browser for Auth
2025-06-01 14:36:18,732 [WARN] PackLoader:240 - Cannot read IP mode file for STMicroelectronics.FP-SNS-MOTENVWB1.1.4.0
2025-06-01 14:36:18,802 [WARN] PackLoader:240 - Cannot read IP mode file for STMicroelectronics.FP-ATR-ASTRA1.2.0.2
2025-06-01 14:36:18,857 [WARN] PackLoader:240 - Cannot read IP mode file for STMicroelectronics.X-CUBE-SMBUS.2.1.0
2025-06-01 14:36:18,951 [WARN] PackLoader:240 - Cannot read IP mode file for STMicroelectronics.X-CUBE-WB05N.1.1.0
2025-06-01 14:36:18,996 [WARN] PackLoader:240 - Cannot read IP mode file for STMicroelectronics.X-CUBE-ST60.1.0.0
2025-06-01 14:36:19,135 [WARN] PackLoader:240 - Cannot read IP mode file for STMicroelectronics.X-CUBE-AZRTOS-F7.1.1.0
2025-06-01 14:36:19,285 [WARN] PackLoader:240 - Cannot read IP mode file for Infineon.AIROC-Wi-Fi-Bluetooth-STM32.1.7.0
2025-06-01 14:36:19,363 [WARN] PackLoader:240 - Cannot read IP mode file for STMicroelectronics.X-CUBE-DISPLAY.3.0.0
2025-06-01 14:36:19,442 [WARN] PackLoader:240 - Cannot read IP mode file for STMicroelectronics.X-CUBE-NFC10.1.0.0
2025-06-01 14:36:19,515 [WARN] PackLoader:240 - Cannot read IP mode file for STMicroelectronics.X-CUBE-BLEMGR.4.0.0
2025-06-01 14:36:19,584 [WARN] PackLoader:240 - Cannot read IP mode file for emotas.I-CUBE-CANOPEN.1.3.0
2025-06-01 14:36:19,648 [WARN] ConditionMgr:438 - getConditionDescription Invalid condition id : Cortex-A Device cause : null
2025-06-01 14:36:19,728 [WARN] ConditionMgr:1044 - genDependencies : Invalid condition id : Cortex-A Device cause : null
2025-06-01 14:36:19,729 [WARN] ConditionMgr:1044 - genDependencies : Invalid condition id : Cortex-A Device cause : null
2025-06-01 14:36:19,729 [WARN] ConditionMgr:1044 - genDependencies : Invalid condition id : Cortex-A Device cause : null
2025-06-01 14:36:19,781 [WARN] PackLoader:240 - Cannot read IP mode file for STMicroelectronics.X-CUBE-AI.10.0.0
2025-06-01 14:36:19,816 [WARN] PackLoader:240 - Cannot read IP mode file for STMicroelectronics.FP-SNS-SMARTAG2.1.2.0
2025-06-01 14:36:19,853 [WARN] PackLoader:240 - Cannot read IP mode file for STMicroelectronics.FP-SNS-FLIGHT1.5.1.0
2025-06-01 14:36:20,165 [WARN] PackLoader:240 - Cannot read IP mode file for STMicroelectronics.X-CUBE-MEMS1.11.1.0
2025-06-01 14:36:21,238 [INFO] LogOutputStream:77 - [STDOUT_REDIRECT] 1 : Invalid condition id : UX_CORESTACK_Condition cause : null
2025-06-01 14:36:21,239 [INFO] LogOutputStream:77 - [STDOUT_REDIRECT] 1 : Invalid condition id : UX_CORESTACK_Condition cause : null
2025-06-01 14:36:21,242 [INFO] LogOutputStream:77 - [STDOUT_REDIRECT] 1 : Invalid condition id : UX_CORESTACK_Condition cause : null
2025-06-01 14:36:21,244 [INFO] LogOutputStream:77 - [STDOUT_REDIRECT] 1 : Invalid condition id : UX_CORESTACK_Condition cause : null
2025-06-01 14:36:21,245 [INFO] LogOutputStream:77 - [STDOUT_REDIRECT] 1 : Invalid condition id : UX_CORESTACK_Condition cause : null
2025-06-01 14:36:21,250 [WARN] PackLoader:240 - Cannot read IP mode file for STMicroelectronics.X-CUBE-AZRTOS-WL.2.0.0
2025-06-01 14:36:21,352 [WARN] PackLoader:240 - Cannot read IP mode file for STMicroelectronics.FP-SNS-MOTENV1.5.0.0
2025-06-01 14:36:21,422 [INFO] WebApp:463 - Apply proxy settings
2025-06-01 14:36:21,423 [INFO] WebApp:548 - Chromium requires no authentication
2025-06-01 14:36:21,433 [WARN] PackLoader:240 - Cannot read IP mode file for WES.I-CUBE-Cesium.1.3.0
2025-06-01 14:36:21,442 [INFO] WebApp:491 - Direct internet connection detected
2025-06-01 14:36:21,471 [WARN] PackLoader:240 - Cannot read IP mode file for STMicroelectronics.X-CUBE-BLE2.3.3.0
2025-06-01 14:36:21,511 [WARN] PackLoader:240 - Cannot read IP mode file for STMicroelectronics.X-CUBE-NFC9.1.0.0
2025-06-01 14:36:21,517 [INFO] WebApp:894 - Register for checkConnection events
2025-06-01 14:36:21,518 [INFO] WebApp:463 - Apply proxy settings
2025-06-01 14:36:21,518 [INFO] WebApp:548 - Chromium requires no authentication
2025-06-01 14:36:21,519 [INFO] WebApp:491 - Direct internet connection detected
2025-06-01 14:36:21,552 [WARN] PackLoader:240 - Cannot read IP mode file for STMicroelectronics.X-CUBE-BLE1.7.1.0
2025-06-01 14:36:22,347 [WARN] PackLoader:240 - Cannot read IP mode file for STMicroelectronics.X-CUBE-MEMS1.11.2.0
2025-06-01 14:36:22,552 [INFO] WebApp:191 - Connection restablished
2025-06-01 14:36:22,981 [INFO] WebApp:225 - Starting web application
2025-06-01 14:36:22,982 [INFO] WebApp:593 - Web application path used C:\ST\STM32CubeIDE_1.18.0\STM32CubeIDE\plugins\com.st.stm32cube.common.mx_6.14.0.202502271554\db\plugins\mcufinder\reactClient1\index.html
2025-06-01 14:36:23,584 [WARN] PackLoader:240 - Cannot read IP mode file for STMicroelectronics.X-CUBE-AZRTOS-G0.1.1.0
2025-06-01 14:36:23,621 [WARN] PackLoader:240 - Cannot read IP mode file for STMicroelectronics.X-CUBE-SAFEA1.1.2.2
2025-06-01 14:36:23,671 [WARN] PackLoader:240 - Cannot read IP mode file for STMicroelectronics.X-CUBE-NFC4.3.0.0
2025-06-01 14:36:23,718 [WARN] PackLoader:240 - Cannot read IP mode file for EmbeddedOffice.I-CUBE-FS-RTOS.1.0.1
2025-06-01 14:36:23,751 [WARN] PackLoader:240 - Cannot read IP mode file for STMicroelectronics.X-CUBE-WB05N.2.0.0
2025-06-01 14:36:23,791 [WARN] PackLoader:240 - Cannot read IP mode file for wolfSSL.I-CUBE-wolfTPM.3.8.0
2025-06-01 14:36:23,852 [WARN] PackLoader:240 - Cannot read IP mode file for STMicroelectronics.X-CUBE-TCPP.4.2.0
2025-06-01 14:36:23,944 [WARN] PackLoader:240 - Cannot read IP mode file for RealThread.X-CUBE-RT-Thread_Nano.4.1.1
2025-06-01 14:36:23,977 [WARN] PackLoader:240 - Cannot read IP mode file for STMicroelectronics.FP-ATR-SIGFOX1.3.2.0
2025-06-01 14:36:24,021 [WARN] PackLoader:240 - Cannot read IP mode file for STMicroelectronics.X-CUBE-EEPRMA1.5.1.0
2025-06-01 14:36:24,058 [WARN] PackLoader:240 - Cannot read IP mode file for ITTIA_DB.I-CUBE-ITTIADB.8.9.0
2025-06-01 14:36:24,139 [WARN] PackLoader:240 - Cannot read IP mode file for SEGGER.I-CUBE-embOS.1.3.1
2025-06-01 14:36:24,225 [WARN] PackLoader:240 - Cannot read IP mode file for STMicroelectronics.X-CUBE-ALGOBUILD.1.4.0
2025-06-01 14:36:24,349 [WARN] PackLoader:240 - Cannot read IP mode file for STMicroelectronics.X-CUBE-AZRTOS-F4.1.1.0
2025-06-01 14:36:24,428 [WARN] PackLoader:240 - Cannot read IP mode file for Avnet-IotConnect.X-CUBE-IoTC-DA16k-PMOD.1.0.0
2025-06-01 14:36:24,468 [WARN] PackLoader:240 - Cannot read IP mode file for STMicroelectronics.X-CUBE-ISPU.2.1.0
2025-06-01 14:36:24,593 [WARN] PackLoader:240 - Cannot read IP mode file for STMicroelectronics.X-CUBE-AZRTOS-L5.2.0.0
2025-06-01 14:36:24,648 [WARN] PackLoader:240 - Cannot read IP mode file for STMicroelectronics.X-CUBE-NFC6.3.1.0
2025-06-01 14:36:24,860 [WARN] PackLoader:240 - Cannot read IP mode file for STMicroelectronics.X-CUBE-DPower.1.2.0
2025-06-01 14:36:25,001 [WARN] PackLoader:240 - Cannot read IP mode file for STMicroelectronics.X-CUBE-FREERTOS.1.3.1
2025-06-01 14:36:25,034 [WARN] PackLoader:240 - Cannot read IP mode file for STMicroelectronics.X-CUBE-FREERTOS.1.3.0
2025-06-01 14:36:25,077 [WARN] PackLoader:240 - Cannot read IP mode file for STMicroelectronics.X-CUBE-NFC7.1.0.1
2025-06-01 14:36:25,152 [WARN] ConditionMgr:438 - getConditionDescription Invalid condition id : LAN8742 Phy interface Condition cause : null
2025-06-01 14:36:25,153 [WARN] PackLoader:240 - Cannot read IP mode file for STMicroelectronics.X-CUBE-AZRTOS-L4.2.0.0
2025-06-01 14:36:25,159 [WARN] ConditionMgr:1044 - genDependencies : Invalid condition id : LAN8742 Phy interface Condition cause : null
2025-06-01 14:36:25,160 [WARN] ConditionMgr:1044 - genDependencies : Invalid condition id : LAN8742 Phy interface Condition cause : null
2025-06-01 14:36:25,160 [WARN] ConditionMgr:1044 - genDependencies : Invalid condition id : LAN8742 Phy interface Condition cause : null
2025-06-01 14:36:25,206 [WARN] PackLoader:240 - Cannot read IP mode file for STMicroelectronics.X-CUBE-SFXS2LP1.4.0.0
2025-06-01 14:36:25,281 [WARN] PackLoader:240 - Cannot read IP mode file for STMicroelectronics.X-CUBE-AZRTOS-H7.3.3.0
2025-06-01 14:36:25,378 [WARN] ConditionMgr:438 - getConditionDescription Invalid condition id : UX DEVICE CLASS RTOS Condition cause : null
2025-06-01 14:36:25,378 [WARN] ConditionMgr:438 - getConditionDescription Invalid condition id : UX DEVICE CLASS RTOS Condition cause : null
2025-06-01 14:36:25,383 [WARN] PackLoader:240 - Cannot read IP mode file for STMicroelectronics.X-CUBE-AZRTOS-WB.2.0.0
2025-06-01 14:36:25,384 [WARN] ConditionMgr:1044 - genDependencies : Invalid condition id : UX DEVICE CLASS RTOS Condition cause : null
2025-06-01 14:36:25,384 [WARN] ConditionMgr:1044 - genDependencies : Invalid condition id : UX DEVICE CLASS RTOS Condition cause : null
2025-06-01 14:36:25,385 [WARN] ConditionMgr:1044 - genDependencies : Invalid condition id : UX DEVICE CLASS RTOS Condition cause : null
2025-06-01 14:36:25,386 [WARN] ConditionMgr:1044 - genDependencies : Invalid condition id : UX DEVICE CLASS RTOS Condition cause : null
2025-06-01 14:36:25,386 [WARN] ConditionMgr:1044 - genDependencies : Invalid condition id : UX DEVICE CLASS RTOS Condition cause : null
2025-06-01 14:36:25,536 [WARN] PackLoader:240 - Cannot read IP mode file for STMicroelectronics.X-CUBE-GNSS1.7.0.1
2025-06-01 14:36:25,612 [WARN] PackLoader:240 - Cannot read IP mode file for STMicroelectronics.X-CUBE-TOUCHGFX.4.25.0
2025-06-01 14:36:25,665 [WARN] PackLoader:240 - Cannot read IP mode file for STMicroelectronics.FP-SNS-STBOX1.2.0.0
2025-06-01 14:36:25,748 [WARN] PackLoader:240 - Cannot read IP mode file for STMicroelectronics.X-CUBE-SUBG2.5.0.0
2025-06-01 14:36:25,860 [WARN] PackLoader:240 - Cannot read IP mode file for Cesanta.I-CUBE-Mongoose.7.13.0
2025-06-01 14:36:25,928 [WARN] PackLoader:240 - Cannot read IP mode file for STMicroelectronics.X-CUBE-AZRTOS-G4.2.0.0
2025-06-01 14:36:25,952 [WARN] PackLoader:240 - Cannot read IP mode file for wolfSSL.I-CUBE-wolfSSH.1.4.20
2025-06-01 14:36:25,982 [WARN] PackLoader:240 - Cannot read IP mode file for STMicroelectronics.X-CUBE-NFC7.2.0.0
2025-06-01 14:36:26,026 [WARN] PackLoader:240 - Cannot read IP mode file for STMicroelectronics.X-CUBE-IPS.3.1.0
2025-06-01 14:36:26,075 [WARN] PackLoader:240 - Cannot read IP mode file for STMicroelectronics.X-CUBE-ALS.1.0.2
2025-06-01 14:36:26,111 [WARN] PackLoader:240 - Cannot read IP mode file for portGmbH.I-Cube-SoM-uGOAL.1.1.0
2025-06-01 14:36:26,178 [WARN] PackLoader:240 - Cannot read IP mode file for STMicroelectronics.X-CUBE-AZRTOS-H7RS.1.0.0
2025-06-01 14:36:26,250 [WARN] PackLoader:240 - Cannot read IP mode file for STMicroelectronics.X-CUBE-TOF1.3.4.2
2025-06-01 14:36:26,333 [WARN] PackLoader:240 - Cannot read IP mode file for STMicroelectronics.X-CUBE-TOF1.3.4.3
2025-06-01 14:36:26,350 [INFO] ThirdParty:978 - Integrity check success = true
2025-06-01 14:36:26,350 [INFO] IntegrityCheckThread:100 - exiting critical section [integrity check]
2025-06-01 14:36:26,350 [INFO] IntegrityCheckThread:103 - End integrity checks thread
2025-06-01 14:36:26,824 [INFO] UserAuth:486 - Internet connection configuration mode: 1
2025-06-01 14:36:28,181 [ERROR] LogOutputStream:75 - [STDERR_REDIRECT] Jun 01, 2025 2:36:28 PM org.glassfish.grizzly.http.server.NetworkListener start
2025-06-01 14:36:28,182 [ERROR] LogOutputStream:75 - [STDERR_REDIRECT] INFO: Started listener bound to [localhost:16721]
2025-06-01 14:36:28,183 [ERROR] LogOutputStream:75 - [STDERR_REDIRECT] 
2025-06-01 14:36:28,185 [ERROR] LogOutputStream:75 - [STDERR_REDIRECT] Jun 01, 2025 2:36:28 PM org.glassfish.grizzly.http.server.HttpServer start
2025-06-01 14:36:28,191 [ERROR] LogOutputStream:75 - [STDERR_REDIRECT] INFO: [HttpServer] Started.
2025-06-01 14:36:28,191 [ERROR] LogOutputStream:75 - [STDERR_REDIRECT] 
2025-06-01 14:48:22,342 [INFO] WebApp:194 - Connection lost
2025-06-01 14:51:06,124 [INFO] WebApp:191 - Connection restablished
2025-06-01 17:11:22,590 [ERROR] LogOutputStream:75 - [STDERR_REDIRECT] 
