2025-05-22 21:19:36,326 [INFO] Activator:176 - 


2025-05-22 21:19:36,334 [INFO] Activator:177 - !SESSION log4j initialized
2025-05-22 21:19:58,056 [INFO] LogOutputStream:77 - [STDOUT_REDIRECT] 
2025-05-22 21:20:02,408 [INFO] LogOutputStream:77 - [STDOUT_REDIRECT] 
2025-05-22 21:20:10,767 [INFO] ApplicationProperties:184 - Using Application install path: C:\ST\STM32CubeIDE_1.18.0\STM32CubeIDE\plugins\com.st.stm32cube.common.mx_6.14.0.202502271554
2025-05-22 21:20:10,819 [INFO] DbMcusXml:78 - Set database path to: C:\ST\STM32CubeIDE_1.18.0\STM32CubeIDE\plugins\com.st.stm32cube.common.mx_6.14.0.202502271554\\db\/mcu/
2025-05-22 21:20:10,821 [INFO] ApiDb:274 - Set plugin database path to: C:\ST\STM32CubeIDE_1.18.0\STM32CubeIDE\plugins\com.st.stm32cube.common.mx_6.14.0.202502271554\\db\/plugins/boardmanager/
2025-05-22 21:20:10,821 [WARN] ApiDb:259 - Overriding images path with different value:  => C:\ST\STM32CubeIDE_1.18.0\STM32CubeIDE\plugins\com.st.stm32cube.common.mx_6.14.0.202502271554\\db\/plugins/mcufinder/images/
2025-05-22 21:20:10,871 [INFO] ApiDb:250 - Set database path to: C:\Users\pwlub\.stmcufinder\plugins\mcufinder//mcu/
2025-05-22 21:20:10,874 [INFO] DbMcusAds:125 - Set database path to: C:\Users\pwlub\.stmcufinder\plugins\mcufinder//mcu/
2025-05-22 21:20:10,887 [INFO] CrossReferenceDbSqlite:203 - Set database path to: C:\Users\pwlub\.stmcufinder\plugins\mcufinder//mcu/cs/
2025-05-22 21:20:11,394 [INFO] RulesReader:64 - Compatibility file has been processed (301 Rules)
2025-05-22 21:20:11,632 [INFO] DbMcusXml:78 - Set database path to: C:\ST\STM32CubeIDE_1.18.0\STM32CubeIDE\plugins\com.st.stm32cube.common.mx_6.14.0.202502271554\\db\/mcu/
2025-05-22 21:20:11,632 [INFO] ApiDb:274 - Set plugin database path to: C:\ST\STM32CubeIDE_1.18.0\STM32CubeIDE\plugins\com.st.stm32cube.common.mx_6.14.0.202502271554\\db\/plugins/boardmanager/
2025-05-22 21:20:11,633 [INFO] ApiDb:261 - Set plugin images path to: C:\ST\STM32CubeIDE_1.18.0\STM32CubeIDE\plugins\com.st.stm32cube.common.mx_6.14.0.202502271554\\db\/plugins/mcufinder/images/
2025-05-22 21:20:11,633 [WARN] DbFile:41 - Overriding database path with different value: C:\Users\pwlub\.stmcufinder\plugins\mcufinder/ => C:\Users\pwlub\.stmcufinder\plugins\mcufinder
2025-05-22 21:20:11,634 [INFO] ApiDb:250 - Set database path to: C:\Users\pwlub\.stmcufinder\plugins\mcufinder//mcu/
2025-05-22 21:20:11,634 [WARN] DbFile:41 - Overriding database path with different value: C:\Users\pwlub\.stmcufinder\plugins\mcufinder/ => C:\Users\pwlub\.stmcufinder\plugins\mcufinder
2025-05-22 21:20:11,635 [INFO] DbMcusAds:125 - Set database path to: C:\Users\pwlub\.stmcufinder\plugins\mcufinder//mcu/
2025-05-22 21:20:11,635 [WARN] DbFile:41 - Overriding database path with different value: C:\Users\pwlub\.stmcufinder\plugins\mcufinder/ => C:\Users\pwlub\.stmcufinder\plugins\mcufinder
2025-05-22 21:20:11,635 [WARN] DbFile:41 - Overriding database path with different value: C:\Users\pwlub\.stmcufinder\plugins\mcufinder/ => C:\Users\pwlub\.stmcufinder\plugins\mcufinder
2025-05-22 21:20:11,636 [INFO] CrossReferenceDbSqlite:203 - Set database path to: C:\Users\pwlub\.stmcufinder\plugins\mcufinder//mcu/cs/
2025-05-22 21:20:12,001 [INFO] MainPanel:272 - HeapMemory: 282066944
2025-05-22 21:20:12,550 [INFO] DbMcusXml:78 - Set database path to: C:\ST\STM32CubeIDE_1.18.0\STM32CubeIDE\plugins\com.st.stm32cube.common.mx_6.14.0.202502271554\\db\/mcu/
2025-05-22 21:20:12,550 [INFO] ApiDb:274 - Set plugin database path to: C:\ST\STM32CubeIDE_1.18.0\STM32CubeIDE\plugins\com.st.stm32cube.common.mx_6.14.0.202502271554\\db\/plugins/boardmanager/
2025-05-22 21:20:12,551 [INFO] ApiDb:261 - Set plugin images path to: C:\ST\STM32CubeIDE_1.18.0\STM32CubeIDE\plugins\com.st.stm32cube.common.mx_6.14.0.202502271554\\db\/plugins/mcufinder/images/
2025-05-22 21:20:12,552 [WARN] DbFile:41 - Overriding database path with different value: C:\Users\pwlub\.stmcufinder\plugins\mcufinder/ => C:\Users\pwlub\.stmcufinder\plugins\mcufinder
2025-05-22 21:20:12,553 [INFO] ApiDb:250 - Set database path to: C:\Users\pwlub\.stmcufinder\plugins\mcufinder//mcu/
2025-05-22 21:20:12,553 [WARN] DbFile:41 - Overriding database path with different value: C:\Users\pwlub\.stmcufinder\plugins\mcufinder/ => C:\Users\pwlub\.stmcufinder\plugins\mcufinder
2025-05-22 21:20:12,553 [INFO] DbMcusAds:125 - Set database path to: C:\Users\pwlub\.stmcufinder\plugins\mcufinder//mcu/
2025-05-22 21:20:12,553 [WARN] DbFile:41 - Overriding database path with different value: C:\Users\pwlub\.stmcufinder\plugins\mcufinder/ => C:\Users\pwlub\.stmcufinder\plugins\mcufinder
2025-05-22 21:20:12,554 [WARN] DbFile:41 - Overriding database path with different value: C:\Users\pwlub\.stmcufinder\plugins\mcufinder/ => C:\Users\pwlub\.stmcufinder\plugins\mcufinder
2025-05-22 21:20:12,554 [INFO] CrossReferenceDbSqlite:203 - Set database path to: C:\Users\pwlub\.stmcufinder\plugins\mcufinder//mcu/cs/
2025-05-22 21:20:12,626 [INFO] ApplicationProperties:184 - Using Application install path: C:\ST\STM32CubeIDE_1.18.0\STM32CubeIDE\plugins\com.st.stm32cube.common.mx_6.14.0.202502271554
2025-05-22 21:20:12,630 [INFO] PluginManage:196 - Search for loadable plugins [exclusion list=, ]
2025-05-22 21:20:12,635 [INFO] PluginManage:310 - Check plugin analytics
2025-05-22 21:20:17,947 [INFO] AnalyticsPlugin:253 - Accepted Software Licenses: STM32CubeMX.6.14.0
2025-05-22 21:20:17,948 [INFO] AnalyticsPlugin:255 - Accepted CMSIS Pack Licenses: 
2025-05-22 21:20:17,948 [INFO] AnalyticsPlugin:257 - Accepted Firmware Licenses: FW.G4.1.5.0,FW.G4.1.6.0
2025-05-22 21:20:17,956 [INFO] PluginManage:359 - Loaded plugin analytics (category:tool,tabindex:-1)
2025-05-22 21:20:17,957 [INFO] PluginManage:310 - Check plugin cadmodel
2025-05-22 21:20:17,973 [INFO] CADModel:105 - Init CAD model plugin
2025-05-22 21:20:17,974 [INFO] PluginManage:359 - Loaded plugin cadmodel (category:power,tabindex:5)
2025-05-22 21:20:17,974 [INFO] PluginManage:310 - Check plugin clock
2025-05-22 21:20:18,003 [INFO] PluginManage:359 - Loaded plugin clock (category:base,tabindex:2)
2025-05-22 21:20:18,003 [INFO] PluginManage:310 - Check plugin ddr
2025-05-22 21:20:18,012 [INFO] PluginManage:359 - Loaded plugin ddr (category:tool,tabindex:6)
2025-05-22 21:20:18,013 [INFO] PluginManage:310 - Check plugin filemanager
2025-05-22 21:20:18,385 [INFO] PluginManage:359 - Loaded plugin filemanager (category:base,tabindex:10)
2025-05-22 21:20:18,386 [INFO] PluginManage:310 - Check plugin ipmanager
2025-05-22 21:20:18,400 [INFO] PluginManage:359 - Loaded plugin ipmanager (category:base,tabindex:5)
2025-05-22 21:20:18,400 [INFO] PluginManage:310 - Check plugin lpbam
2025-05-22 21:20:18,418 [INFO] PluginManage:359 - Loaded plugin lpbam (category:base,tabindex:0)
2025-05-22 21:20:18,418 [INFO] PluginManage:310 - Check plugin memorymap
2025-05-22 21:20:18,447 [INFO] PluginManage:359 - Loaded plugin memorymap (category:base,tabindex:4)
2025-05-22 21:20:18,447 [INFO] PluginManage:310 - Check plugin pinoutandconfiguration
2025-05-22 21:20:18,628 [INFO] PluginManage:359 - Loaded plugin pinoutandconfiguration (category:base,tabindex:1)
2025-05-22 21:20:18,628 [INFO] PluginManage:310 - Check plugin pinoutconfig
2025-05-22 21:20:19,089 [WARN] SupportedApi:132 - Cannot load RTOS API schema: s4s-elt-must-match.1: The content of 'definitions' must match (annotation?, (simpleType | complexType)?, (unique | key | keyref)*)). A problem was found starting at: attribute.
2025-05-22 21:20:19,748 [INFO] PluginManage:359 - Loaded plugin pinoutconfig (category:base,tabindex:0)
2025-05-22 21:20:19,748 [INFO] PluginManage:310 - Check plugin power
2025-05-22 21:20:19,774 [INFO] PluginManage:359 - Loaded plugin power (category:power,tabindex:4)
2025-05-22 21:20:19,775 [INFO] PluginManage:310 - Check plugin projectmanager
2025-05-22 21:20:19,846 [INFO] PluginManage:359 - Loaded plugin projectmanager (category:projectmanager,tabindex:4)
2025-05-22 21:20:19,848 [INFO] PluginManage:310 - Check plugin rif
2025-05-22 21:20:19,874 [INFO] PluginManage:359 - Loaded plugin rif (category:base,tabindex:3)
2025-05-22 21:20:19,875 [INFO] PluginManage:310 - Check plugin thirdparty
2025-05-22 21:20:20,417 [INFO] PluginManage:359 - Loaded plugin thirdparty (category:base,tabindex:-1)
2025-05-22 21:20:20,417 [INFO] PluginManage:310 - Check plugin tools
2025-05-22 21:20:20,425 [WARN] IntegrityCheckThread:84 - waiting for thirdparty lock release [integrity check]
2025-05-22 21:20:20,426 [INFO] IntegrityCheckThread:86 - entering critical section [integrity check]
2025-05-22 21:20:20,427 [INFO] PluginManage:359 - Loaded plugin tools (category:base,tabindex:7)
2025-05-22 21:20:20,427 [INFO] ThirdPartyUpdaterWithRetryManager:70 - Updater plugin not ready yet. [1/15]
2025-05-22 21:20:20,427 [INFO] PluginManage:310 - Check plugin tutovideos
2025-05-22 21:20:20,863 [INFO] PluginManage:359 - Loaded plugin tutovideos (category:base,tabindex:-1)
2025-05-22 21:20:20,864 [INFO] PluginManage:310 - Check plugin updater
2025-05-22 21:20:20,927 [INFO] PluginManage:359 - Loaded plugin updater (category:base,tabindex:12)
2025-05-22 21:20:20,928 [INFO] PluginManage:310 - Check plugin userauth
2025-05-22 21:20:20,937 [INFO] UserAuth:118 - Init User Auth plugin
2025-05-22 21:20:20,939 [INFO] PluginManage:359 - Loaded plugin userauth (category:base,tabindex:14)
2025-05-22 21:20:20,940 [INFO] PluginManage:283 - PluginManage : Loaded plugins [18]
2025-05-22 21:20:21,457 [INFO] PinOutPanel:1589 - setPackage(No Configuration,No Configuration)
2025-05-22 21:20:21,731 [INFO] CADModel:165 - CPN selected for project level
2025-05-22 21:20:21,732 [INFO] CADModel:114 - Register for checkConnection events
2025-05-22 21:20:21,799 [INFO] IPUIPlugin:80 - create IPUIPlugin
2025-05-22 21:20:21,800 [INFO] PluginManager:220 - loadIPPluginJar : add adc
2025-05-22 21:20:21,811 [INFO] IPUIPlugin:80 - create IPUIPlugin
2025-05-22 21:20:21,811 [INFO] PluginManager:220 - loadIPPluginJar : add aes
2025-05-22 21:20:21,821 [INFO] IPUIPlugin:80 - create IPUIPlugin
2025-05-22 21:20:21,822 [INFO] PluginManager:220 - loadIPPluginJar : add can
2025-05-22 21:20:21,827 [INFO] IPUIPlugin:80 - create IPUIPlugin
2025-05-22 21:20:21,827 [INFO] PluginManager:220 - loadIPPluginJar : add comp
2025-05-22 21:20:21,837 [INFO] IPUIPlugin:80 - create IPUIPlugin
2025-05-22 21:20:21,838 [INFO] PluginManager:220 - loadIPPluginJar : add cryp
2025-05-22 21:20:21,850 [INFO] IPUIPlugin:80 - create IPUIPlugin
2025-05-22 21:20:21,850 [INFO] PluginManager:220 - loadIPPluginJar : add ddr_ctrl_phy
2025-05-22 21:20:21,860 [INFO] IPUIPlugin:80 - create IPUIPlugin
2025-05-22 21:20:21,860 [INFO] PluginManager:220 - loadIPPluginJar : add dfsdm
2025-05-22 21:20:21,874 [INFO] IPUIPlugin:80 - create IPUIPlugin
2025-05-22 21:20:21,875 [INFO] PluginManager:220 - loadIPPluginJar : add dma
2025-05-22 21:20:21,884 [INFO] IPUIPlugin:80 - create IPUIPlugin
2025-05-22 21:20:21,885 [INFO] PluginManager:220 - loadIPPluginJar : add dma3
2025-05-22 21:20:21,897 [INFO] IPUIPlugin:80 - create IPUIPlugin
2025-05-22 21:20:21,897 [INFO] PluginManager:220 - loadIPPluginJar : add extmemmanager
2025-05-22 21:20:21,905 [INFO] IPUIPlugin:80 - create IPUIPlugin
2025-05-22 21:20:21,905 [INFO] PluginManager:220 - loadIPPluginJar : add fatfs
2025-05-22 21:20:21,931 [INFO] IPUIPlugin:80 - create IPUIPlugin
2025-05-22 21:20:21,931 [INFO] PluginManager:220 - loadIPPluginJar : add fmc
2025-05-22 21:20:21,945 [INFO] IPUIPlugin:80 - create IPUIPlugin
2025-05-22 21:20:21,946 [INFO] PluginManager:220 - loadIPPluginJar : add freertos
2025-05-22 21:20:21,951 [INFO] IPUIPlugin:80 - create IPUIPlugin
2025-05-22 21:20:21,951 [INFO] PluginManager:220 - loadIPPluginJar : add genericplugin
2025-05-22 21:20:21,959 [INFO] IPUIPlugin:80 - create IPUIPlugin
2025-05-22 21:20:21,959 [INFO] PluginManager:220 - loadIPPluginJar : add gfxmmu
2025-05-22 21:20:21,975 [INFO] IPUIPlugin:80 - create IPUIPlugin
2025-05-22 21:20:21,976 [INFO] PluginManager:220 - loadIPPluginJar : add gic
2025-05-22 21:20:21,987 [INFO] IPUIPlugin:80 - create IPUIPlugin
2025-05-22 21:20:21,988 [INFO] PluginManager:220 - loadIPPluginJar : add gpio
2025-05-22 21:20:21,997 [INFO] IPUIPlugin:80 - create IPUIPlugin
2025-05-22 21:20:21,997 [INFO] PluginManager:220 - loadIPPluginJar : add gtzc
2025-05-22 21:20:22,007 [INFO] IPUIPlugin:80 - create IPUIPlugin
2025-05-22 21:20:22,007 [INFO] PluginManager:220 - loadIPPluginJar : add hash
2025-05-22 21:20:22,016 [INFO] IPUIPlugin:80 - create IPUIPlugin
2025-05-22 21:20:22,017 [INFO] PluginManager:220 - loadIPPluginJar : add i2c
2025-05-22 21:20:22,025 [INFO] IPUIPlugin:80 - create IPUIPlugin
2025-05-22 21:20:22,026 [INFO] PluginManager:220 - loadIPPluginJar : add i2s
2025-05-22 21:20:22,035 [INFO] IPUIPlugin:80 - create IPUIPlugin
2025-05-22 21:20:22,036 [INFO] PluginManager:220 - loadIPPluginJar : add i3c
2025-05-22 21:20:22,092 [INFO] IPUIPlugin:80 - create IPUIPlugin
2025-05-22 21:20:22,092 [INFO] PluginManager:220 - loadIPPluginJar : add ipddr
2025-05-22 21:20:22,112 [INFO] IPUIPlugin:80 - create IPUIPlugin
2025-05-22 21:20:22,112 [INFO] PluginManager:220 - loadIPPluginJar : add linkedlist
2025-05-22 21:20:22,127 [INFO] IPUIPlugin:80 - create IPUIPlugin
2025-05-22 21:20:22,128 [INFO] PluginManager:220 - loadIPPluginJar : add lorawan
2025-05-22 21:20:22,133 [INFO] IPUIPlugin:80 - create IPUIPlugin
2025-05-22 21:20:22,133 [INFO] PluginManager:220 - loadIPPluginJar : add ltdc
2025-05-22 21:20:22,158 [INFO] IPUIPlugin:80 - create IPUIPlugin
2025-05-22 21:20:22,159 [INFO] PluginManager:220 - loadIPPluginJar : add mdma
2025-05-22 21:20:22,170 [INFO] IPUIPlugin:80 - create IPUIPlugin
2025-05-22 21:20:22,171 [INFO] PluginManager:220 - loadIPPluginJar : add nvic
2025-05-22 21:20:22,182 [INFO] IPUIPlugin:80 - create IPUIPlugin
2025-05-22 21:20:22,182 [INFO] PluginManager:220 - loadIPPluginJar : add opamp
2025-05-22 21:20:22,194 [INFO] IPUIPlugin:80 - create IPUIPlugin
2025-05-22 21:20:22,194 [INFO] PluginManager:220 - loadIPPluginJar : add openamp
2025-05-22 21:20:22,208 [INFO] IPUIPlugin:80 - create IPUIPlugin
2025-05-22 21:20:22,208 [INFO] PluginManager:220 - loadIPPluginJar : add pdm2pcm
2025-05-22 21:20:22,237 [INFO] IPUIPlugin:80 - create IPUIPlugin
2025-05-22 21:20:22,246 [INFO] PluginManager:220 - loadIPPluginJar : add plateformsettings
2025-05-22 21:20:22,252 [INFO] IPUIPlugin:80 - create IPUIPlugin
2025-05-22 21:20:22,254 [INFO] PluginManager:220 - loadIPPluginJar : add quadspi
2025-05-22 21:20:22,260 [INFO] IPUIPlugin:80 - create IPUIPlugin
2025-05-22 21:20:22,262 [INFO] PluginManager:220 - loadIPPluginJar : add radio
2025-05-22 21:20:22,274 [INFO] IPUIPlugin:80 - create IPUIPlugin
2025-05-22 21:20:22,275 [INFO] PluginManager:220 - loadIPPluginJar : add resmgrutility
2025-05-22 21:20:22,285 [INFO] IPUIPlugin:80 - create IPUIPlugin
2025-05-22 21:20:22,285 [INFO] PluginManager:220 - loadIPPluginJar : add sai
2025-05-22 21:20:22,294 [INFO] IPUIPlugin:80 - create IPUIPlugin
2025-05-22 21:20:22,294 [INFO] PluginManager:220 - loadIPPluginJar : add spi
2025-05-22 21:20:22,331 [INFO] IPUIPlugin:80 - create IPUIPlugin
2025-05-22 21:20:22,331 [INFO] PluginManager:220 - loadIPPluginJar : add stm32_wpan
2025-05-22 21:20:22,339 [INFO] IPUIPlugin:80 - create IPUIPlugin
2025-05-22 21:20:22,339 [INFO] PluginManager:220 - loadIPPluginJar : add tim
2025-05-22 21:20:22,351 [INFO] IPUIPlugin:80 - create IPUIPlugin
2025-05-22 21:20:22,352 [INFO] PluginManager:220 - loadIPPluginJar : add touchsensing
2025-05-22 21:20:22,359 [INFO] IPUIPlugin:80 - create IPUIPlugin
2025-05-22 21:20:22,360 [INFO] PluginManager:220 - loadIPPluginJar : add tracer_emb
2025-05-22 21:20:22,449 [INFO] IPUIPlugin:80 - create IPUIPlugin
2025-05-22 21:20:22,449 [INFO] PluginManager:220 - loadIPPluginJar : add ts
2025-05-22 21:20:22,459 [INFO] IPUIPlugin:80 - create IPUIPlugin
2025-05-22 21:20:22,459 [INFO] PluginManager:220 - loadIPPluginJar : add tsc
2025-05-22 21:20:22,465 [INFO] IPUIPlugin:80 - create IPUIPlugin
2025-05-22 21:20:22,465 [INFO] PluginManager:220 - loadIPPluginJar : add ucpd
2025-05-22 21:20:22,475 [INFO] IPUIPlugin:80 - create IPUIPlugin
2025-05-22 21:20:22,475 [INFO] PluginManager:220 - loadIPPluginJar : add usart
2025-05-22 21:20:22,485 [INFO] IPUIPlugin:80 - create IPUIPlugin
2025-05-22 21:20:22,485 [INFO] PluginManager:220 - loadIPPluginJar : add usbx
2025-05-22 21:20:22,794 [FATAL] Updater:351 - Updater called before beeing initialized
2025-05-22 21:20:22,955 [INFO] RulesReader:64 - Compatibility file has been processed (301 Rules)
2025-05-22 21:20:23,006 [INFO] RulesReader:64 - Compatibility file has been processed (301 Rules)
2025-05-22 21:20:23,034 [INFO] CADModel:165 - CPN selected for project level
2025-05-22 21:20:23,035 [INFO] CADModel:114 - Register for checkConnection events
2025-05-22 21:20:23,035 [FATAL] Updater:351 - Updater called before beeing initialized
2025-05-22 21:20:23,036 [ERROR] CADModel:125 - Updater not yet initialized, retry later 
2025-05-22 21:20:23,427 [FATAL] Updater:351 - Updater called before beeing initialized
2025-05-22 21:20:23,428 [INFO] ThirdPartyUpdaterWithRetryManager:70 - Updater plugin not ready yet. [2/15]
2025-05-22 21:20:23,431 [INFO] CADModel:165 - CPN selected for project level
2025-05-22 21:20:23,431 [INFO] CADModel:114 - Register for checkConnection events
2025-05-22 21:20:23,431 [FATAL] Updater:351 - Updater called before beeing initialized
2025-05-22 21:20:23,431 [ERROR] CADModel:125 - Updater not yet initialized, retry later 
2025-05-22 21:20:23,436 [FATAL] Updater:351 - Updater called before beeing initialized
2025-05-22 21:20:23,843 [FATAL] Updater:351 - Updater called before beeing initialized
2025-05-22 21:20:23,871 [INFO] DbMcusAds:53 - JSON generation date=Thu Mar 06 15:54:21 CET 2025 (1741272861825)
2025-05-22 21:20:23,872 [FATAL] Updater:351 - Updater called before beeing initialized
2025-05-22 21:20:23,968 [WARN] DetailPanel:346 - Failed to get advertising image, set to default
2025-05-22 21:20:24,757 [FATAL] Updater:351 - Updater called before beeing initialized
2025-05-22 21:20:24,760 [FATAL] Updater:351 - Updater called before beeing initialized
2025-05-22 21:20:24,761 [FATAL] Updater:351 - Updater called before beeing initialized
2025-05-22 21:20:24,761 [WARN] DetailPanel:346 - Failed to get advertising image, set to default
2025-05-22 21:20:24,762 [FATAL] Updater:351 - Updater called before beeing initialized
2025-05-22 21:20:24,932 [ERROR] Updater:1198 - MainUpdater not yet initialized. External WinMGr cannot be set.
2025-05-22 21:20:24,940 [INFO] Updater:1134 - Updater Version found : 6.14.0
2025-05-22 21:20:24,990 [INFO] ApplicationProperties:184 - Using Application install path: C:\ST\STM32CubeIDE_1.18.0\STM32CubeIDE\plugins\com.st.stm32cube.common.mx_6.14.0.202502271554
2025-05-22 21:20:26,428 [FATAL] Updater:351 - Updater called before beeing initialized
2025-05-22 21:20:26,429 [ERROR] IntegrityCheckThread:130 - Cannot retrieve database content from updater: error 21
2025-05-22 21:20:26,430 [INFO] ThirdParty:978 - Integrity check success = false
2025-05-22 21:20:26,430 [INFO] IntegrityCheckThread:100 - exiting critical section [integrity check]
2025-05-22 21:20:26,431 [INFO] IntegrityCheckThread:103 - End integrity checks thread
2025-05-22 21:20:26,629 [ERROR] LogOutputStream:75 - [STDERR_REDIRECT] May 22, 2025 9:20:26 PM java.util.prefs.WindowsPreferences <init>
2025-05-22 21:20:26,645 [ERROR] LogOutputStream:75 - [STDERR_REDIRECT] WARNING: Could not open/create prefs root node Software\JavaSoft\Prefs at root 0xffffffff80000002. Windows RegCreateKeyEx(...) returned error code 5.
2025-05-22 21:20:26,646 [ERROR] LogOutputStream:75 - [STDERR_REDIRECT] 
2025-05-22 21:20:27,406 [INFO] MainUpdater:2872 - connection check result : 10
2025-05-22 21:20:27,406 [INFO] MainUpdater:3566 - Updater definition file requires update
2025-05-22 21:20:27,409 [INFO] MainUpdater:289 - Updater Check For Update Now.
2025-05-22 21:20:27,409 [INFO] MicroXplorer:498 - Change Database Version : DB.6.0.140
2025-05-22 21:20:27,439 [INFO] McuFinderGlobals:63 - Set McuFinder mode to 2 (CubeIDE integrated)
2025-05-22 21:20:27,462 [INFO] UserAuth:486 - Internet connection configuration mode: 1
2025-05-22 21:20:27,480 [INFO] ServerAccessManage:473 - Download File updaters.zip
2025-05-22 21:20:27,591 [INFO] JxBrowserEngine:152 - Initiate JxBrowser Engine with user profile folder
2025-05-22 21:20:27,846 [INFO] FileExtend:242 - Unzip File : updaters.zip
2025-05-22 21:20:27,847 [INFO] FileExtend:257 - Standard Zip Deflate
2025-05-22 21:20:29,444 [INFO] ServerAccessManage:473 - Download File PacksControlFlags.xml
2025-05-22 21:20:29,821 [INFO] ServerAccessManage:473 - Download File cubemx.pidx
2025-05-22 21:20:35,998 [INFO] ServerAccessManage:473 - Download File STMicroelectronics.X-CUBE-ST60.pdsc
2025-05-22 21:20:39,610 [WARN] PackLoader:240 - Cannot read IP mode file for STMicroelectronics.X-CUBE-ST60.1.0.0
2025-05-22 21:20:39,616 [INFO] PopulateThirdPartyThread:66 - Ending populate Thread
2025-05-22 21:20:39,619 [INFO] ThirdParty:1030 - CMSIS Pack Vendor :STMicroelectronics X-CUBE-ST60 1.0.0
2025-05-22 21:20:39,620 [INFO] LoadServerUpdatesThread:375 - End of LoadServerUpdate Thread
2025-05-22 21:20:40,124 [INFO] CheckServerUpdateThread:120 - End of CheckServer Thread
2025-05-22 21:20:40,834 [INFO] WebApp:169 - Instantiating new browser for Auth
2025-05-22 21:20:44,610 [INFO] WebApp:463 - Apply proxy settings
2025-05-22 21:20:44,611 [INFO] WebApp:548 - Chromium requires no authentication
2025-05-22 21:20:44,634 [INFO] WebApp:491 - Direct internet connection detected
2025-05-22 21:20:44,735 [INFO] WebApp:894 - Register for checkConnection events
2025-05-22 21:20:44,735 [INFO] WebApp:463 - Apply proxy settings
2025-05-22 21:20:44,736 [INFO] WebApp:548 - Chromium requires no authentication
2025-05-22 21:20:44,741 [INFO] WebApp:491 - Direct internet connection detected
2025-05-22 21:20:45,471 [INFO] WebApp:225 - Starting web application
2025-05-22 21:20:45,472 [INFO] WebApp:593 - Web application path used C:\ST\STM32CubeIDE_1.18.0\STM32CubeIDE\plugins\com.st.stm32cube.common.mx_6.14.0.202502271554\db\plugins\mcufinder\reactClient1\index.html
2025-05-22 21:20:45,839 [INFO] UserAuth:486 - Internet connection configuration mode: 1
2025-05-22 21:20:46,351 [INFO] WebApp:191 - Connection restablished
2025-05-22 21:20:47,451 [ERROR] LogOutputStream:75 - [STDERR_REDIRECT] May 22, 2025 9:20:47 PM org.glassfish.grizzly.http.server.NetworkListener start
2025-05-22 21:20:47,456 [ERROR] LogOutputStream:75 - [STDERR_REDIRECT] INFO: Started listener bound to [localhost:16721]
2025-05-22 21:20:47,456 [ERROR] LogOutputStream:75 - [STDERR_REDIRECT] 
2025-05-22 21:20:47,460 [ERROR] LogOutputStream:75 - [STDERR_REDIRECT] May 22, 2025 9:20:47 PM org.glassfish.grizzly.http.server.HttpServer start
2025-05-22 21:20:47,462 [ERROR] LogOutputStream:75 - [STDERR_REDIRECT] INFO: [HttpServer] Started.
2025-05-22 21:20:47,463 [ERROR] LogOutputStream:75 - [STDERR_REDIRECT] 
2025-05-22 21:44:31,828 [INFO] WebApp:194 - Connection lost
2025-05-22 21:44:32,447 [INFO] WebApp:191 - Connection restablished
2025-05-22 21:44:33,182 [INFO] WebApp:194 - Connection lost
2025-05-22 21:44:34,168 [INFO] WebApp:191 - Connection restablished
2025-05-22 21:44:34,214 [INFO] WebApp:194 - Connection lost
2025-05-22 21:44:34,581 [INFO] WebApp:191 - Connection restablished
2025-05-22 21:55:14,010 [INFO] Activator:176 - 


2025-05-22 21:55:14,010 [INFO] Activator:177 - !SESSION log4j initialized
2025-05-22 21:55:33,492 [INFO] LogOutputStream:77 - [STDOUT_REDIRECT] 
2025-05-22 21:55:40,708 [INFO] ApplicationProperties:184 - Using Application install path: C:\ST\STM32CubeIDE_1.18.0\STM32CubeIDE\plugins\com.st.stm32cube.common.mx_6.14.0.202502271554
2025-05-22 21:55:40,753 [INFO] DbMcusXml:78 - Set database path to: C:\ST\STM32CubeIDE_1.18.0\STM32CubeIDE\plugins\com.st.stm32cube.common.mx_6.14.0.202502271554\\db\/mcu/
2025-05-22 21:55:40,754 [INFO] ApiDb:274 - Set plugin database path to: C:\ST\STM32CubeIDE_1.18.0\STM32CubeIDE\plugins\com.st.stm32cube.common.mx_6.14.0.202502271554\\db\/plugins/boardmanager/
2025-05-22 21:55:40,754 [WARN] ApiDb:259 - Overriding images path with different value:  => C:\ST\STM32CubeIDE_1.18.0\STM32CubeIDE\plugins\com.st.stm32cube.common.mx_6.14.0.202502271554\\db\/plugins/mcufinder/images/
2025-05-22 21:55:40,769 [INFO] ApiDb:250 - Set database path to: C:\Users\pwlub\.stmcufinder\plugins\mcufinder//mcu/
2025-05-22 21:55:40,772 [INFO] DbMcusAds:125 - Set database path to: C:\Users\pwlub\.stmcufinder\plugins\mcufinder//mcu/
2025-05-22 21:55:40,778 [INFO] CrossReferenceDbSqlite:203 - Set database path to: C:\Users\pwlub\.stmcufinder\plugins\mcufinder//mcu/cs/
2025-05-22 21:55:41,146 [INFO] RulesReader:64 - Compatibility file has been processed (301 Rules)
2025-05-22 21:55:41,365 [INFO] DbMcusXml:78 - Set database path to: C:\ST\STM32CubeIDE_1.18.0\STM32CubeIDE\plugins\com.st.stm32cube.common.mx_6.14.0.202502271554\\db\/mcu/
2025-05-22 21:55:41,365 [INFO] ApiDb:274 - Set plugin database path to: C:\ST\STM32CubeIDE_1.18.0\STM32CubeIDE\plugins\com.st.stm32cube.common.mx_6.14.0.202502271554\\db\/plugins/boardmanager/
2025-05-22 21:55:41,366 [INFO] ApiDb:261 - Set plugin images path to: C:\ST\STM32CubeIDE_1.18.0\STM32CubeIDE\plugins\com.st.stm32cube.common.mx_6.14.0.202502271554\\db\/plugins/mcufinder/images/
2025-05-22 21:55:41,367 [WARN] DbFile:41 - Overriding database path with different value: C:\Users\pwlub\.stmcufinder\plugins\mcufinder/ => C:\Users\pwlub\.stmcufinder\plugins\mcufinder
2025-05-22 21:55:41,367 [INFO] ApiDb:250 - Set database path to: C:\Users\pwlub\.stmcufinder\plugins\mcufinder//mcu/
2025-05-22 21:55:41,367 [WARN] DbFile:41 - Overriding database path with different value: C:\Users\pwlub\.stmcufinder\plugins\mcufinder/ => C:\Users\pwlub\.stmcufinder\plugins\mcufinder
2025-05-22 21:55:41,367 [INFO] DbMcusAds:125 - Set database path to: C:\Users\pwlub\.stmcufinder\plugins\mcufinder//mcu/
2025-05-22 21:55:41,367 [WARN] DbFile:41 - Overriding database path with different value: C:\Users\pwlub\.stmcufinder\plugins\mcufinder/ => C:\Users\pwlub\.stmcufinder\plugins\mcufinder
2025-05-22 21:55:41,368 [WARN] DbFile:41 - Overriding database path with different value: C:\Users\pwlub\.stmcufinder\plugins\mcufinder/ => C:\Users\pwlub\.stmcufinder\plugins\mcufinder
2025-05-22 21:55:41,368 [INFO] CrossReferenceDbSqlite:203 - Set database path to: C:\Users\pwlub\.stmcufinder\plugins\mcufinder//mcu/cs/
2025-05-22 21:55:41,631 [INFO] MainPanel:272 - HeapMemory: 276824064
2025-05-22 21:55:41,955 [INFO] DbMcusXml:78 - Set database path to: C:\ST\STM32CubeIDE_1.18.0\STM32CubeIDE\plugins\com.st.stm32cube.common.mx_6.14.0.202502271554\\db\/mcu/
2025-05-22 21:55:41,955 [INFO] ApiDb:274 - Set plugin database path to: C:\ST\STM32CubeIDE_1.18.0\STM32CubeIDE\plugins\com.st.stm32cube.common.mx_6.14.0.202502271554\\db\/plugins/boardmanager/
2025-05-22 21:55:41,956 [INFO] ApiDb:261 - Set plugin images path to: C:\ST\STM32CubeIDE_1.18.0\STM32CubeIDE\plugins\com.st.stm32cube.common.mx_6.14.0.202502271554\\db\/plugins/mcufinder/images/
2025-05-22 21:55:41,957 [WARN] DbFile:41 - Overriding database path with different value: C:\Users\pwlub\.stmcufinder\plugins\mcufinder/ => C:\Users\pwlub\.stmcufinder\plugins\mcufinder
2025-05-22 21:55:41,957 [INFO] ApiDb:250 - Set database path to: C:\Users\pwlub\.stmcufinder\plugins\mcufinder//mcu/
2025-05-22 21:55:41,957 [WARN] DbFile:41 - Overriding database path with different value: C:\Users\pwlub\.stmcufinder\plugins\mcufinder/ => C:\Users\pwlub\.stmcufinder\plugins\mcufinder
2025-05-22 21:55:41,958 [INFO] DbMcusAds:125 - Set database path to: C:\Users\pwlub\.stmcufinder\plugins\mcufinder//mcu/
2025-05-22 21:55:41,958 [WARN] DbFile:41 - Overriding database path with different value: C:\Users\pwlub\.stmcufinder\plugins\mcufinder/ => C:\Users\pwlub\.stmcufinder\plugins\mcufinder
2025-05-22 21:55:41,958 [WARN] DbFile:41 - Overriding database path with different value: C:\Users\pwlub\.stmcufinder\plugins\mcufinder/ => C:\Users\pwlub\.stmcufinder\plugins\mcufinder
2025-05-22 21:55:41,959 [INFO] CrossReferenceDbSqlite:203 - Set database path to: C:\Users\pwlub\.stmcufinder\plugins\mcufinder//mcu/cs/
2025-05-22 21:55:42,018 [INFO] ApplicationProperties:184 - Using Application install path: C:\ST\STM32CubeIDE_1.18.0\STM32CubeIDE\plugins\com.st.stm32cube.common.mx_6.14.0.202502271554
2025-05-22 21:55:42,022 [INFO] PluginManage:196 - Search for loadable plugins [exclusion list=, ]
2025-05-22 21:55:42,025 [INFO] PluginManage:310 - Check plugin analytics
2025-05-22 21:55:47,231 [INFO] AnalyticsPlugin:253 - Accepted Software Licenses: STM32CubeMX.6.14.0
2025-05-22 21:55:47,232 [INFO] AnalyticsPlugin:255 - Accepted CMSIS Pack Licenses: 
2025-05-22 21:55:47,232 [INFO] AnalyticsPlugin:257 - Accepted Firmware Licenses: FW.G4.1.5.0,FW.G4.1.6.0
2025-05-22 21:55:47,238 [INFO] PluginManage:359 - Loaded plugin analytics (category:tool,tabindex:-1)
2025-05-22 21:55:47,239 [INFO] PluginManage:310 - Check plugin cadmodel
2025-05-22 21:55:47,255 [INFO] CADModel:105 - Init CAD model plugin
2025-05-22 21:55:47,255 [INFO] PluginManage:359 - Loaded plugin cadmodel (category:power,tabindex:5)
2025-05-22 21:55:47,256 [INFO] PluginManage:310 - Check plugin clock
2025-05-22 21:55:47,280 [INFO] PluginManage:359 - Loaded plugin clock (category:base,tabindex:2)
2025-05-22 21:55:47,281 [INFO] PluginManage:310 - Check plugin ddr
2025-05-22 21:55:47,288 [INFO] PluginManage:359 - Loaded plugin ddr (category:tool,tabindex:6)
2025-05-22 21:55:47,288 [INFO] PluginManage:310 - Check plugin filemanager
2025-05-22 21:55:47,936 [INFO] PluginManage:359 - Loaded plugin filemanager (category:base,tabindex:10)
2025-05-22 21:55:47,937 [INFO] PluginManage:310 - Check plugin ipmanager
2025-05-22 21:55:47,965 [INFO] PluginManage:359 - Loaded plugin ipmanager (category:base,tabindex:5)
2025-05-22 21:55:47,967 [INFO] PluginManage:310 - Check plugin lpbam
2025-05-22 21:55:47,990 [INFO] PluginManage:359 - Loaded plugin lpbam (category:base,tabindex:0)
2025-05-22 21:55:47,990 [INFO] PluginManage:310 - Check plugin memorymap
2025-05-22 21:55:48,028 [INFO] PluginManage:359 - Loaded plugin memorymap (category:base,tabindex:4)
2025-05-22 21:55:48,029 [INFO] PluginManage:310 - Check plugin pinoutandconfiguration
2025-05-22 21:55:48,066 [INFO] PluginManage:359 - Loaded plugin pinoutandconfiguration (category:base,tabindex:1)
2025-05-22 21:55:48,067 [INFO] PluginManage:310 - Check plugin pinoutconfig
2025-05-22 21:55:48,451 [WARN] SupportedApi:132 - Cannot load RTOS API schema: s4s-elt-must-match.1: The content of 'definitions' must match (annotation?, (simpleType | complexType)?, (unique | key | keyref)*)). A problem was found starting at: attribute.
2025-05-22 21:55:49,179 [INFO] PluginManage:359 - Loaded plugin pinoutconfig (category:base,tabindex:0)
2025-05-22 21:55:49,180 [INFO] PluginManage:310 - Check plugin power
2025-05-22 21:55:49,205 [INFO] PluginManage:359 - Loaded plugin power (category:power,tabindex:4)
2025-05-22 21:55:49,205 [INFO] PluginManage:310 - Check plugin projectmanager
2025-05-22 21:55:49,336 [INFO] PluginManage:359 - Loaded plugin projectmanager (category:projectmanager,tabindex:4)
2025-05-22 21:55:49,337 [INFO] PluginManage:310 - Check plugin rif
2025-05-22 21:55:49,361 [INFO] PluginManage:359 - Loaded plugin rif (category:base,tabindex:3)
2025-05-22 21:55:49,361 [INFO] PluginManage:310 - Check plugin thirdparty
2025-05-22 21:55:49,801 [INFO] PluginManage:359 - Loaded plugin thirdparty (category:base,tabindex:-1)
2025-05-22 21:55:49,802 [INFO] PluginManage:310 - Check plugin tools
2025-05-22 21:55:49,803 [WARN] IntegrityCheckThread:84 - waiting for thirdparty lock release [integrity check]
2025-05-22 21:55:49,807 [INFO] IntegrityCheckThread:86 - entering critical section [integrity check]
2025-05-22 21:55:49,808 [INFO] PluginManage:359 - Loaded plugin tools (category:base,tabindex:7)
2025-05-22 21:55:49,808 [INFO] PluginManage:310 - Check plugin tutovideos
2025-05-22 21:55:49,810 [INFO] ThirdPartyUpdaterWithRetryManager:70 - Updater plugin not ready yet. [1/15]
2025-05-22 21:55:50,421 [INFO] PluginManage:359 - Loaded plugin tutovideos (category:base,tabindex:-1)
2025-05-22 21:55:50,422 [INFO] PluginManage:310 - Check plugin updater
2025-05-22 21:55:50,633 [INFO] PluginManage:359 - Loaded plugin updater (category:base,tabindex:12)
2025-05-22 21:55:50,633 [INFO] PluginManage:310 - Check plugin userauth
2025-05-22 21:55:50,672 [INFO] UserAuth:118 - Init User Auth plugin
2025-05-22 21:55:50,680 [INFO] PluginManage:359 - Loaded plugin userauth (category:base,tabindex:14)
2025-05-22 21:55:50,681 [INFO] PluginManage:283 - PluginManage : Loaded plugins [18]
2025-05-22 21:55:51,482 [INFO] PinOutPanel:1589 - setPackage(No Configuration,No Configuration)
2025-05-22 21:55:51,785 [INFO] CADModel:165 - CPN selected for project level
2025-05-22 21:55:51,785 [INFO] CADModel:114 - Register for checkConnection events
2025-05-22 21:55:51,835 [INFO] IPUIPlugin:80 - create IPUIPlugin
2025-05-22 21:55:51,835 [INFO] PluginManager:220 - loadIPPluginJar : add adc
2025-05-22 21:55:51,850 [INFO] IPUIPlugin:80 - create IPUIPlugin
2025-05-22 21:55:51,851 [INFO] PluginManager:220 - loadIPPluginJar : add aes
2025-05-22 21:55:51,864 [INFO] IPUIPlugin:80 - create IPUIPlugin
2025-05-22 21:55:51,864 [INFO] PluginManager:220 - loadIPPluginJar : add can
2025-05-22 21:55:51,868 [INFO] IPUIPlugin:80 - create IPUIPlugin
2025-05-22 21:55:51,869 [INFO] PluginManager:220 - loadIPPluginJar : add comp
2025-05-22 21:55:51,888 [INFO] IPUIPlugin:80 - create IPUIPlugin
2025-05-22 21:55:51,888 [INFO] PluginManager:220 - loadIPPluginJar : add cryp
2025-05-22 21:55:51,903 [INFO] IPUIPlugin:80 - create IPUIPlugin
2025-05-22 21:55:51,904 [INFO] PluginManager:220 - loadIPPluginJar : add ddr_ctrl_phy
2025-05-22 21:55:51,913 [INFO] IPUIPlugin:80 - create IPUIPlugin
2025-05-22 21:55:51,913 [INFO] PluginManager:220 - loadIPPluginJar : add dfsdm
2025-05-22 21:55:51,927 [INFO] IPUIPlugin:80 - create IPUIPlugin
2025-05-22 21:55:51,928 [INFO] PluginManager:220 - loadIPPluginJar : add dma
2025-05-22 21:55:51,935 [INFO] IPUIPlugin:80 - create IPUIPlugin
2025-05-22 21:55:51,936 [INFO] PluginManager:220 - loadIPPluginJar : add dma3
2025-05-22 21:55:51,943 [INFO] IPUIPlugin:80 - create IPUIPlugin
2025-05-22 21:55:51,944 [INFO] PluginManager:220 - loadIPPluginJar : add extmemmanager
2025-05-22 21:55:51,948 [INFO] IPUIPlugin:80 - create IPUIPlugin
2025-05-22 21:55:51,949 [INFO] PluginManager:220 - loadIPPluginJar : add fatfs
2025-05-22 21:55:51,960 [INFO] IPUIPlugin:80 - create IPUIPlugin
2025-05-22 21:55:51,960 [INFO] PluginManager:220 - loadIPPluginJar : add fmc
2025-05-22 21:55:51,972 [INFO] IPUIPlugin:80 - create IPUIPlugin
2025-05-22 21:55:51,973 [INFO] PluginManager:220 - loadIPPluginJar : add freertos
2025-05-22 21:55:51,977 [INFO] IPUIPlugin:80 - create IPUIPlugin
2025-05-22 21:55:51,977 [INFO] PluginManager:220 - loadIPPluginJar : add genericplugin
2025-05-22 21:55:51,983 [INFO] IPUIPlugin:80 - create IPUIPlugin
2025-05-22 21:55:51,984 [INFO] PluginManager:220 - loadIPPluginJar : add gfxmmu
2025-05-22 21:55:52,017 [INFO] IPUIPlugin:80 - create IPUIPlugin
2025-05-22 21:55:52,018 [INFO] PluginManager:220 - loadIPPluginJar : add gic
2025-05-22 21:55:52,028 [INFO] IPUIPlugin:80 - create IPUIPlugin
2025-05-22 21:55:52,028 [INFO] PluginManager:220 - loadIPPluginJar : add gpio
2025-05-22 21:55:52,035 [INFO] IPUIPlugin:80 - create IPUIPlugin
2025-05-22 21:55:52,035 [INFO] PluginManager:220 - loadIPPluginJar : add gtzc
2025-05-22 21:55:52,043 [INFO] IPUIPlugin:80 - create IPUIPlugin
2025-05-22 21:55:52,043 [INFO] PluginManager:220 - loadIPPluginJar : add hash
2025-05-22 21:55:52,052 [INFO] IPUIPlugin:80 - create IPUIPlugin
2025-05-22 21:55:52,053 [INFO] PluginManager:220 - loadIPPluginJar : add i2c
2025-05-22 21:55:52,059 [INFO] IPUIPlugin:80 - create IPUIPlugin
2025-05-22 21:55:52,059 [INFO] PluginManager:220 - loadIPPluginJar : add i2s
2025-05-22 21:55:52,067 [INFO] IPUIPlugin:80 - create IPUIPlugin
2025-05-22 21:55:52,068 [INFO] PluginManager:220 - loadIPPluginJar : add i3c
2025-05-22 21:55:52,079 [INFO] IPUIPlugin:80 - create IPUIPlugin
2025-05-22 21:55:52,080 [INFO] PluginManager:220 - loadIPPluginJar : add ipddr
2025-05-22 21:55:52,097 [INFO] IPUIPlugin:80 - create IPUIPlugin
2025-05-22 21:55:52,098 [INFO] PluginManager:220 - loadIPPluginJar : add linkedlist
2025-05-22 21:55:52,106 [INFO] IPUIPlugin:80 - create IPUIPlugin
2025-05-22 21:55:52,106 [INFO] PluginManager:220 - loadIPPluginJar : add lorawan
2025-05-22 21:55:52,111 [INFO] IPUIPlugin:80 - create IPUIPlugin
2025-05-22 21:55:52,112 [INFO] PluginManager:220 - loadIPPluginJar : add ltdc
2025-05-22 21:55:52,138 [INFO] IPUIPlugin:80 - create IPUIPlugin
2025-05-22 21:55:52,138 [INFO] PluginManager:220 - loadIPPluginJar : add mdma
2025-05-22 21:55:52,148 [INFO] IPUIPlugin:80 - create IPUIPlugin
2025-05-22 21:55:52,148 [INFO] PluginManager:220 - loadIPPluginJar : add nvic
2025-05-22 21:55:52,155 [INFO] IPUIPlugin:80 - create IPUIPlugin
2025-05-22 21:55:52,156 [INFO] PluginManager:220 - loadIPPluginJar : add opamp
2025-05-22 21:55:52,164 [INFO] IPUIPlugin:80 - create IPUIPlugin
2025-05-22 21:55:52,164 [INFO] PluginManager:220 - loadIPPluginJar : add openamp
2025-05-22 21:55:52,176 [INFO] IPUIPlugin:80 - create IPUIPlugin
2025-05-22 21:55:52,177 [INFO] PluginManager:220 - loadIPPluginJar : add pdm2pcm
2025-05-22 21:55:52,192 [INFO] IPUIPlugin:80 - create IPUIPlugin
2025-05-22 21:55:52,200 [INFO] PluginManager:220 - loadIPPluginJar : add plateformsettings
2025-05-22 21:55:52,204 [INFO] IPUIPlugin:80 - create IPUIPlugin
2025-05-22 21:55:52,204 [INFO] PluginManager:220 - loadIPPluginJar : add quadspi
2025-05-22 21:55:52,210 [INFO] IPUIPlugin:80 - create IPUIPlugin
2025-05-22 21:55:52,214 [INFO] PluginManager:220 - loadIPPluginJar : add radio
2025-05-22 21:55:52,224 [INFO] IPUIPlugin:80 - create IPUIPlugin
2025-05-22 21:55:52,224 [INFO] PluginManager:220 - loadIPPluginJar : add resmgrutility
2025-05-22 21:55:52,232 [INFO] IPUIPlugin:80 - create IPUIPlugin
2025-05-22 21:55:52,233 [INFO] PluginManager:220 - loadIPPluginJar : add sai
2025-05-22 21:55:52,239 [INFO] IPUIPlugin:80 - create IPUIPlugin
2025-05-22 21:55:52,239 [INFO] PluginManager:220 - loadIPPluginJar : add spi
2025-05-22 21:55:52,278 [INFO] IPUIPlugin:80 - create IPUIPlugin
2025-05-22 21:55:52,278 [INFO] PluginManager:220 - loadIPPluginJar : add stm32_wpan
2025-05-22 21:55:52,283 [INFO] IPUIPlugin:80 - create IPUIPlugin
2025-05-22 21:55:52,283 [INFO] PluginManager:220 - loadIPPluginJar : add tim
2025-05-22 21:55:52,292 [INFO] IPUIPlugin:80 - create IPUIPlugin
2025-05-22 21:55:52,293 [INFO] PluginManager:220 - loadIPPluginJar : add touchsensing
2025-05-22 21:55:52,298 [INFO] IPUIPlugin:80 - create IPUIPlugin
2025-05-22 21:55:52,298 [INFO] PluginManager:220 - loadIPPluginJar : add tracer_emb
2025-05-22 21:55:52,304 [INFO] IPUIPlugin:80 - create IPUIPlugin
2025-05-22 21:55:52,305 [INFO] PluginManager:220 - loadIPPluginJar : add ts
2025-05-22 21:55:52,309 [INFO] IPUIPlugin:80 - create IPUIPlugin
2025-05-22 21:55:52,310 [INFO] PluginManager:220 - loadIPPluginJar : add tsc
2025-05-22 21:55:52,315 [INFO] IPUIPlugin:80 - create IPUIPlugin
2025-05-22 21:55:52,315 [INFO] PluginManager:220 - loadIPPluginJar : add ucpd
2025-05-22 21:55:52,323 [INFO] IPUIPlugin:80 - create IPUIPlugin
2025-05-22 21:55:52,324 [INFO] PluginManager:220 - loadIPPluginJar : add usart
2025-05-22 21:55:52,333 [INFO] IPUIPlugin:80 - create IPUIPlugin
2025-05-22 21:55:52,334 [INFO] PluginManager:220 - loadIPPluginJar : add usbx
2025-05-22 21:55:52,664 [FATAL] Updater:351 - Updater called before beeing initialized
2025-05-22 21:55:52,748 [INFO] RulesReader:64 - Compatibility file has been processed (301 Rules)
2025-05-22 21:55:52,799 [INFO] RulesReader:64 - Compatibility file has been processed (301 Rules)
2025-05-22 21:55:52,822 [INFO] CADModel:165 - CPN selected for project level
2025-05-22 21:55:52,822 [INFO] CADModel:114 - Register for checkConnection events
2025-05-22 21:55:52,822 [FATAL] Updater:351 - Updater called before beeing initialized
2025-05-22 21:55:52,823 [ERROR] CADModel:125 - Updater not yet initialized, retry later 
2025-05-22 21:55:52,856 [INFO] ThirdPartyUpdaterWithRetryManager:70 - Updater plugin not ready yet. [2/15]
2025-05-22 21:55:53,232 [FATAL] Updater:351 - Updater called before beeing initialized
2025-05-22 21:55:53,236 [INFO] CADModel:165 - CPN selected for project level
2025-05-22 21:55:53,237 [INFO] CADModel:114 - Register for checkConnection events
2025-05-22 21:55:53,237 [FATAL] Updater:351 - Updater called before beeing initialized
2025-05-22 21:55:53,237 [ERROR] CADModel:125 - Updater not yet initialized, retry later 
2025-05-22 21:55:53,247 [FATAL] Updater:351 - Updater called before beeing initialized
2025-05-22 21:55:53,645 [FATAL] Updater:351 - Updater called before beeing initialized
2025-05-22 21:55:53,655 [INFO] DbMcusAds:53 - JSON generation date=Thu Mar 06 15:54:21 CET 2025 (1741272861825)
2025-05-22 21:55:53,655 [FATAL] Updater:351 - Updater called before beeing initialized
2025-05-22 21:55:53,737 [WARN] DetailPanel:346 - Failed to get advertising image, set to default
2025-05-22 21:55:54,356 [FATAL] Updater:351 - Updater called before beeing initialized
2025-05-22 21:55:54,360 [FATAL] Updater:351 - Updater called before beeing initialized
2025-05-22 21:55:54,361 [FATAL] Updater:351 - Updater called before beeing initialized
2025-05-22 21:55:54,361 [WARN] DetailPanel:346 - Failed to get advertising image, set to default
2025-05-22 21:55:54,363 [FATAL] Updater:351 - Updater called before beeing initialized
2025-05-22 21:55:54,607 [ERROR] Updater:1198 - MainUpdater not yet initialized. External WinMGr cannot be set.
2025-05-22 21:55:54,612 [INFO] Updater:1134 - Updater Version found : 6.14.0
2025-05-22 21:55:54,658 [INFO] ApplicationProperties:184 - Using Application install path: C:\ST\STM32CubeIDE_1.18.0\STM32CubeIDE\plugins\com.st.stm32cube.common.mx_6.14.0.202502271554
2025-05-22 21:55:55,858 [FATAL] Updater:351 - Updater called before beeing initialized
2025-05-22 21:55:55,860 [ERROR] IntegrityCheckThread:130 - Cannot retrieve database content from updater: error 21
2025-05-22 21:55:55,862 [INFO] ThirdParty:978 - Integrity check success = false
2025-05-22 21:55:55,862 [INFO] IntegrityCheckThread:100 - exiting critical section [integrity check]
2025-05-22 21:55:55,863 [INFO] IntegrityCheckThread:103 - End integrity checks thread
2025-05-22 21:55:56,269 [ERROR] LogOutputStream:75 - [STDERR_REDIRECT] May 22, 2025 9:55:56 PM java.util.prefs.WindowsPreferences <init>
2025-05-22 21:55:56,281 [ERROR] LogOutputStream:75 - [STDERR_REDIRECT] WARNING: Could not open/create prefs root node Software\JavaSoft\Prefs at root 0xffffffff80000002. Windows RegCreateKeyEx(...) returned error code 5.
2025-05-22 21:55:56,281 [ERROR] LogOutputStream:75 - [STDERR_REDIRECT] 
2025-05-22 21:55:56,962 [INFO] MainUpdater:2872 - connection check result : 10
2025-05-22 21:55:56,964 [INFO] MainUpdater:289 - Updater Check For Update Now.
2025-05-22 21:55:56,964 [INFO] MicroXplorer:498 - Change Database Version : DB.6.0.140
2025-05-22 21:55:56,979 [INFO] McuFinderGlobals:63 - Set McuFinder mode to 2 (CubeIDE integrated)
2025-05-22 21:55:56,982 [INFO] UserAuth:486 - Internet connection configuration mode: 1
2025-05-22 21:55:57,044 [INFO] JxBrowserEngine:152 - Initiate JxBrowser Engine with user profile folder
2025-05-22 21:55:57,619 [INFO] CheckServerUpdateThread:120 - End of CheckServer Thread
2025-05-22 21:55:58,937 [INFO] WebApp:169 - Instantiating new browser for Auth
2025-05-22 21:56:03,885 [INFO] WebApp:463 - Apply proxy settings
2025-05-22 21:56:03,886 [INFO] WebApp:548 - Chromium requires no authentication
2025-05-22 21:56:03,913 [INFO] WebApp:491 - Direct internet connection detected
2025-05-22 21:56:03,998 [INFO] WebApp:894 - Register for checkConnection events
2025-05-22 21:56:03,998 [INFO] WebApp:463 - Apply proxy settings
2025-05-22 21:56:03,999 [INFO] WebApp:548 - Chromium requires no authentication
2025-05-22 21:56:04,003 [INFO] WebApp:491 - Direct internet connection detected
2025-05-22 21:56:04,669 [INFO] WebApp:225 - Starting web application
2025-05-22 21:56:04,670 [INFO] WebApp:593 - Web application path used C:\ST\STM32CubeIDE_1.18.0\STM32CubeIDE\plugins\com.st.stm32cube.common.mx_6.14.0.202502271554\db\plugins\mcufinder\reactClient1\index.html
2025-05-22 21:56:04,999 [INFO] UserAuth:486 - Internet connection configuration mode: 1
2025-05-22 21:56:05,796 [INFO] WebApp:191 - Connection restablished
2025-05-22 21:56:07,423 [ERROR] LogOutputStream:75 - [STDERR_REDIRECT] May 22, 2025 9:56:07 PM org.glassfish.grizzly.http.server.NetworkListener start
2025-05-22 21:56:07,427 [ERROR] LogOutputStream:75 - [STDERR_REDIRECT] INFO: Started listener bound to [localhost:16721]
2025-05-22 21:56:07,428 [ERROR] LogOutputStream:75 - [STDERR_REDIRECT] 
2025-05-22 21:56:07,433 [ERROR] LogOutputStream:75 - [STDERR_REDIRECT] May 22, 2025 9:56:07 PM org.glassfish.grizzly.http.server.HttpServer start
2025-05-22 21:56:07,434 [ERROR] LogOutputStream:75 - [STDERR_REDIRECT] INFO: [HttpServer] Started.
2025-05-22 21:56:07,435 [ERROR] LogOutputStream:75 - [STDERR_REDIRECT] 
2025-05-22 21:56:09,629 [INFO] LogOutputStream:77 - [STDOUT_REDIRECT] 
