2025-08-05 16:30:55,989 [ERROR] ConfigurationRetriever:142 - IOException on connection: sw-center.st.com
2025-08-05 16:30:56,044 [ERROR] ConfigurationRetriever:142 - IOException on connection: sw-center.st.com
2025-08-05 16:30:56,049 [ERROR] ConfigurationRetriever:142 - IOException on connection: sw-center.st.com
2025-08-05 16:44:29,315 [INFO] Activator:176 - 


2025-08-05 16:44:29,317 [INFO] Activator:177 - !SESSION log4j initialized
2025-08-05 16:44:38,208 [INFO] LogOutputStream:77 - [STDOUT_REDIRECT] 
2025-08-05 16:44:38,885 [ERROR] ConfigurationRetriever:142 - IOException on connection: sw-center.st.com
2025-08-05 16:44:38,892 [ERROR] ConfigurationRetriever:142 - IOException on connection: sw-center.st.com
2025-08-05 16:44:38,922 [ERROR] ConfigurationRetriever:142 - IOException on connection: sw-center.st.com
2025-08-05 16:44:40,050 [INFO] ApplicationProperties:184 - Using Application install path: C:\ST\STM32CubeIDE_1.18.0\STM32CubeIDE\plugins\com.st.stm32cube.common.mx_6.14.0.202502271554
2025-08-05 16:44:40,080 [INFO] DbMcusXml:78 - Set database path to: C:\ST\STM32CubeIDE_1.18.0\STM32CubeIDE\plugins\com.st.stm32cube.common.mx_6.14.0.202502271554\\db\/mcu/
2025-08-05 16:44:40,081 [INFO] ApiDb:274 - Set plugin database path to: C:\ST\STM32CubeIDE_1.18.0\STM32CubeIDE\plugins\com.st.stm32cube.common.mx_6.14.0.202502271554\\db\/plugins/boardmanager/
2025-08-05 16:44:40,081 [WARN] ApiDb:259 - Overriding images path with different value:  => C:\ST\STM32CubeIDE_1.18.0\STM32CubeIDE\plugins\com.st.stm32cube.common.mx_6.14.0.202502271554\\db\/plugins/mcufinder/images/
2025-08-05 16:44:40,091 [INFO] ApiDb:250 - Set database path to: C:\Users\pwlub\.stmcufinder\plugins\mcufinder//mcu/
2025-08-05 16:44:40,093 [INFO] DbMcusAds:125 - Set database path to: C:\Users\pwlub\.stmcufinder\plugins\mcufinder//mcu/
2025-08-05 16:44:40,098 [INFO] CrossReferenceDbSqlite:203 - Set database path to: C:\Users\pwlub\.stmcufinder\plugins\mcufinder//mcu/cs/
2025-08-05 16:44:40,366 [INFO] RulesReader:64 - Compatibility file has been processed (301 Rules)
2025-08-05 16:44:40,562 [INFO] DbMcusXml:78 - Set database path to: C:\ST\STM32CubeIDE_1.18.0\STM32CubeIDE\plugins\com.st.stm32cube.common.mx_6.14.0.202502271554\\db\/mcu/
2025-08-05 16:44:40,562 [INFO] ApiDb:274 - Set plugin database path to: C:\ST\STM32CubeIDE_1.18.0\STM32CubeIDE\plugins\com.st.stm32cube.common.mx_6.14.0.202502271554\\db\/plugins/boardmanager/
2025-08-05 16:44:40,563 [INFO] ApiDb:261 - Set plugin images path to: C:\ST\STM32CubeIDE_1.18.0\STM32CubeIDE\plugins\com.st.stm32cube.common.mx_6.14.0.202502271554\\db\/plugins/mcufinder/images/
2025-08-05 16:44:40,563 [WARN] DbFile:41 - Overriding database path with different value: C:\Users\pwlub\.stmcufinder\plugins\mcufinder/ => C:\Users\pwlub\.stmcufinder\plugins\mcufinder
2025-08-05 16:44:40,563 [INFO] ApiDb:250 - Set database path to: C:\Users\pwlub\.stmcufinder\plugins\mcufinder//mcu/
2025-08-05 16:44:40,563 [WARN] DbFile:41 - Overriding database path with different value: C:\Users\pwlub\.stmcufinder\plugins\mcufinder/ => C:\Users\pwlub\.stmcufinder\plugins\mcufinder
2025-08-05 16:44:40,564 [INFO] DbMcusAds:125 - Set database path to: C:\Users\pwlub\.stmcufinder\plugins\mcufinder//mcu/
2025-08-05 16:44:40,564 [WARN] DbFile:41 - Overriding database path with different value: C:\Users\pwlub\.stmcufinder\plugins\mcufinder/ => C:\Users\pwlub\.stmcufinder\plugins\mcufinder
2025-08-05 16:44:40,564 [WARN] DbFile:41 - Overriding database path with different value: C:\Users\pwlub\.stmcufinder\plugins\mcufinder/ => C:\Users\pwlub\.stmcufinder\plugins\mcufinder
2025-08-05 16:44:40,565 [INFO] CrossReferenceDbSqlite:203 - Set database path to: C:\Users\pwlub\.stmcufinder\plugins\mcufinder//mcu/cs/
2025-08-05 16:44:40,607 [INFO] LogOutputStream:77 - [STDOUT_REDIRECT] 
2025-08-05 16:44:40,770 [INFO] MainPanel:272 - HeapMemory: 268435456
2025-08-05 16:44:41,087 [INFO] DbMcusXml:78 - Set database path to: C:\ST\STM32CubeIDE_1.18.0\STM32CubeIDE\plugins\com.st.stm32cube.common.mx_6.14.0.202502271554\\db\/mcu/
2025-08-05 16:44:41,088 [INFO] ApiDb:274 - Set plugin database path to: C:\ST\STM32CubeIDE_1.18.0\STM32CubeIDE\plugins\com.st.stm32cube.common.mx_6.14.0.202502271554\\db\/plugins/boardmanager/
2025-08-05 16:44:41,088 [INFO] ApiDb:261 - Set plugin images path to: C:\ST\STM32CubeIDE_1.18.0\STM32CubeIDE\plugins\com.st.stm32cube.common.mx_6.14.0.202502271554\\db\/plugins/mcufinder/images/
2025-08-05 16:44:41,088 [WARN] DbFile:41 - Overriding database path with different value: C:\Users\pwlub\.stmcufinder\plugins\mcufinder/ => C:\Users\pwlub\.stmcufinder\plugins\mcufinder
2025-08-05 16:44:41,089 [INFO] ApiDb:250 - Set database path to: C:\Users\pwlub\.stmcufinder\plugins\mcufinder//mcu/
2025-08-05 16:44:41,089 [WARN] DbFile:41 - Overriding database path with different value: C:\Users\pwlub\.stmcufinder\plugins\mcufinder/ => C:\Users\pwlub\.stmcufinder\plugins\mcufinder
2025-08-05 16:44:41,089 [INFO] DbMcusAds:125 - Set database path to: C:\Users\pwlub\.stmcufinder\plugins\mcufinder//mcu/
2025-08-05 16:44:41,089 [WARN] DbFile:41 - Overriding database path with different value: C:\Users\pwlub\.stmcufinder\plugins\mcufinder/ => C:\Users\pwlub\.stmcufinder\plugins\mcufinder
2025-08-05 16:44:41,089 [WARN] DbFile:41 - Overriding database path with different value: C:\Users\pwlub\.stmcufinder\plugins\mcufinder/ => C:\Users\pwlub\.stmcufinder\plugins\mcufinder
2025-08-05 16:44:41,089 [INFO] CrossReferenceDbSqlite:203 - Set database path to: C:\Users\pwlub\.stmcufinder\plugins\mcufinder//mcu/cs/
2025-08-05 16:44:41,125 [INFO] ApplicationProperties:184 - Using Application install path: C:\ST\STM32CubeIDE_1.18.0\STM32CubeIDE\plugins\com.st.stm32cube.common.mx_6.14.0.202502271554
2025-08-05 16:44:41,127 [INFO] PluginManage:196 - Search for loadable plugins [exclusion list=, ]
2025-08-05 16:44:41,130 [INFO] PluginManage:310 - Check plugin analytics
2025-08-05 16:44:41,405 [INFO] AnalyticsPlugin:253 - Accepted Software Licenses: STM32CubeMX.6.14.0
2025-08-05 16:44:41,405 [INFO] AnalyticsPlugin:255 - Accepted CMSIS Pack Licenses: 
2025-08-05 16:44:41,407 [INFO] AnalyticsPlugin:257 - Accepted Firmware Licenses: FW.G4.1.5.0,FW.G4.1.6.0
2025-08-05 16:44:41,410 [INFO] PluginManage:359 - Loaded plugin analytics (category:tool,tabindex:-1)
2025-08-05 16:44:41,411 [INFO] PluginManage:310 - Check plugin cadmodel
2025-08-05 16:44:41,427 [INFO] CADModel:105 - Init CAD model plugin
2025-08-05 16:44:41,428 [INFO] PluginManage:359 - Loaded plugin cadmodel (category:power,tabindex:5)
2025-08-05 16:44:41,428 [INFO] PluginManage:310 - Check plugin clock
2025-08-05 16:44:41,445 [ERROR] ConfigurationRetriever:142 - IOException on connection: sw-center.st.com
2025-08-05 16:44:41,446 [INFO] PluginManage:359 - Loaded plugin clock (category:base,tabindex:2)
2025-08-05 16:44:41,446 [INFO] PluginManage:310 - Check plugin ddr
2025-08-05 16:44:41,450 [INFO] PluginManage:359 - Loaded plugin ddr (category:tool,tabindex:6)
2025-08-05 16:44:41,451 [INFO] PluginManage:310 - Check plugin filemanager
2025-08-05 16:44:41,452 [ERROR] ConfigurationRetriever:142 - IOException on connection: sw-center.st.com
2025-08-05 16:44:41,459 [ERROR] ConfigurationRetriever:142 - IOException on connection: sw-center.st.com
2025-08-05 16:44:41,687 [INFO] PluginManage:359 - Loaded plugin filemanager (category:base,tabindex:10)
2025-08-05 16:44:41,687 [INFO] PluginManage:310 - Check plugin ipmanager
2025-08-05 16:44:41,700 [INFO] PluginManage:359 - Loaded plugin ipmanager (category:base,tabindex:5)
2025-08-05 16:44:41,700 [INFO] PluginManage:310 - Check plugin lpbam
2025-08-05 16:44:41,711 [INFO] PluginManage:359 - Loaded plugin lpbam (category:base,tabindex:0)
2025-08-05 16:44:41,712 [INFO] PluginManage:310 - Check plugin memorymap
2025-08-05 16:44:41,732 [INFO] PluginManage:359 - Loaded plugin memorymap (category:base,tabindex:4)
2025-08-05 16:44:41,732 [INFO] PluginManage:310 - Check plugin pinoutandconfiguration
2025-08-05 16:44:41,747 [INFO] PluginManage:359 - Loaded plugin pinoutandconfiguration (category:base,tabindex:1)
2025-08-05 16:44:41,747 [INFO] PluginManage:310 - Check plugin pinoutconfig
2025-08-05 16:44:41,916 [WARN] SupportedApi:132 - Cannot load RTOS API schema: s4s-elt-must-match.1: The content of 'definitions' must match (annotation?, (simpleType | complexType)?, (unique | key | keyref)*)). A problem was found starting at: attribute.
2025-08-05 16:44:42,126 [INFO] PluginManage:359 - Loaded plugin pinoutconfig (category:base,tabindex:0)
2025-08-05 16:44:42,126 [INFO] PluginManage:310 - Check plugin power
2025-08-05 16:44:42,139 [INFO] PluginManage:359 - Loaded plugin power (category:power,tabindex:4)
2025-08-05 16:44:42,139 [INFO] PluginManage:310 - Check plugin projectmanager
2025-08-05 16:44:42,169 [INFO] PluginManage:359 - Loaded plugin projectmanager (category:projectmanager,tabindex:4)
2025-08-05 16:44:42,169 [INFO] PluginManage:310 - Check plugin rif
2025-08-05 16:44:42,180 [INFO] PluginManage:359 - Loaded plugin rif (category:base,tabindex:3)
2025-08-05 16:44:42,180 [INFO] PluginManage:310 - Check plugin thirdparty
2025-08-05 16:44:42,394 [INFO] PluginManage:359 - Loaded plugin thirdparty (category:base,tabindex:-1)
2025-08-05 16:44:42,394 [INFO] PluginManage:310 - Check plugin tools
2025-08-05 16:44:42,393 [WARN] IntegrityCheckThread:84 - waiting for thirdparty lock release [integrity check]
2025-08-05 16:44:42,396 [INFO] IntegrityCheckThread:86 - entering critical section [integrity check]
2025-08-05 16:44:42,397 [INFO] ThirdPartyUpdaterWithRetryManager:70 - Updater plugin not ready yet. [1/15]
2025-08-05 16:44:42,398 [INFO] PluginManage:359 - Loaded plugin tools (category:base,tabindex:7)
2025-08-05 16:44:42,399 [INFO] PluginManage:310 - Check plugin tutovideos
2025-08-05 16:44:42,611 [INFO] PluginManage:359 - Loaded plugin tutovideos (category:base,tabindex:-1)
2025-08-05 16:44:42,612 [INFO] PluginManage:310 - Check plugin updater
2025-08-05 16:44:42,650 [INFO] PluginManage:359 - Loaded plugin updater (category:base,tabindex:12)
2025-08-05 16:44:42,651 [INFO] PluginManage:310 - Check plugin userauth
2025-08-05 16:44:42,658 [INFO] UserAuth:118 - Init User Auth plugin
2025-08-05 16:44:42,660 [INFO] PluginManage:359 - Loaded plugin userauth (category:base,tabindex:14)
2025-08-05 16:44:42,661 [INFO] PluginManage:283 - PluginManage : Loaded plugins [18]
2025-08-05 16:44:43,020 [INFO] PinOutPanel:1589 - setPackage(No Configuration,No Configuration)
2025-08-05 16:44:43,156 [INFO] CADModel:165 - CPN selected for project level
2025-08-05 16:44:43,157 [INFO] CADModel:114 - Register for checkConnection events
2025-08-05 16:44:43,187 [INFO] IPUIPlugin:80 - create IPUIPlugin
2025-08-05 16:44:43,188 [INFO] PluginManager:220 - loadIPPluginJar : add adc
2025-08-05 16:44:43,192 [INFO] IPUIPlugin:80 - create IPUIPlugin
2025-08-05 16:44:43,192 [INFO] PluginManager:220 - loadIPPluginJar : add aes
2025-08-05 16:44:43,197 [INFO] IPUIPlugin:80 - create IPUIPlugin
2025-08-05 16:44:43,197 [INFO] PluginManager:220 - loadIPPluginJar : add can
2025-08-05 16:44:43,201 [INFO] IPUIPlugin:80 - create IPUIPlugin
2025-08-05 16:44:43,202 [INFO] PluginManager:220 - loadIPPluginJar : add comp
2025-08-05 16:44:43,206 [INFO] IPUIPlugin:80 - create IPUIPlugin
2025-08-05 16:44:43,206 [INFO] PluginManager:220 - loadIPPluginJar : add cryp
2025-08-05 16:44:43,211 [INFO] IPUIPlugin:80 - create IPUIPlugin
2025-08-05 16:44:43,211 [INFO] PluginManager:220 - loadIPPluginJar : add ddr_ctrl_phy
2025-08-05 16:44:43,216 [INFO] IPUIPlugin:80 - create IPUIPlugin
2025-08-05 16:44:43,216 [INFO] PluginManager:220 - loadIPPluginJar : add dfsdm
2025-08-05 16:44:43,224 [INFO] IPUIPlugin:80 - create IPUIPlugin
2025-08-05 16:44:43,225 [INFO] PluginManager:220 - loadIPPluginJar : add dma
2025-08-05 16:44:43,229 [INFO] IPUIPlugin:80 - create IPUIPlugin
2025-08-05 16:44:43,229 [INFO] PluginManager:220 - loadIPPluginJar : add dma3
2025-08-05 16:44:43,235 [INFO] IPUIPlugin:80 - create IPUIPlugin
2025-08-05 16:44:43,235 [INFO] PluginManager:220 - loadIPPluginJar : add extmemmanager
2025-08-05 16:44:43,238 [INFO] IPUIPlugin:80 - create IPUIPlugin
2025-08-05 16:44:43,238 [INFO] PluginManager:220 - loadIPPluginJar : add fatfs
2025-08-05 16:44:43,245 [INFO] IPUIPlugin:80 - create IPUIPlugin
2025-08-05 16:44:43,245 [INFO] PluginManager:220 - loadIPPluginJar : add fmc
2025-08-05 16:44:43,254 [INFO] IPUIPlugin:80 - create IPUIPlugin
2025-08-05 16:44:43,254 [INFO] PluginManager:220 - loadIPPluginJar : add freertos
2025-08-05 16:44:43,256 [INFO] IPUIPlugin:80 - create IPUIPlugin
2025-08-05 16:44:43,257 [INFO] PluginManager:220 - loadIPPluginJar : add genericplugin
2025-08-05 16:44:43,260 [INFO] IPUIPlugin:80 - create IPUIPlugin
2025-08-05 16:44:43,260 [INFO] PluginManager:220 - loadIPPluginJar : add gfxmmu
2025-08-05 16:44:43,267 [INFO] IPUIPlugin:80 - create IPUIPlugin
2025-08-05 16:44:43,267 [INFO] PluginManager:220 - loadIPPluginJar : add gic
2025-08-05 16:44:43,273 [INFO] IPUIPlugin:80 - create IPUIPlugin
2025-08-05 16:44:43,273 [INFO] PluginManager:220 - loadIPPluginJar : add gpio
2025-08-05 16:44:43,277 [INFO] IPUIPlugin:80 - create IPUIPlugin
2025-08-05 16:44:43,278 [INFO] PluginManager:220 - loadIPPluginJar : add gtzc
2025-08-05 16:44:43,283 [INFO] IPUIPlugin:80 - create IPUIPlugin
2025-08-05 16:44:43,283 [INFO] PluginManager:220 - loadIPPluginJar : add hash
2025-08-05 16:44:43,288 [INFO] IPUIPlugin:80 - create IPUIPlugin
2025-08-05 16:44:43,288 [INFO] PluginManager:220 - loadIPPluginJar : add i2c
2025-08-05 16:44:43,292 [INFO] IPUIPlugin:80 - create IPUIPlugin
2025-08-05 16:44:43,292 [INFO] PluginManager:220 - loadIPPluginJar : add i2s
2025-08-05 16:44:43,298 [INFO] IPUIPlugin:80 - create IPUIPlugin
2025-08-05 16:44:43,298 [INFO] PluginManager:220 - loadIPPluginJar : add i3c
2025-08-05 16:44:43,304 [INFO] IPUIPlugin:80 - create IPUIPlugin
2025-08-05 16:44:43,304 [INFO] PluginManager:220 - loadIPPluginJar : add ipddr
2025-08-05 16:44:43,314 [INFO] IPUIPlugin:80 - create IPUIPlugin
2025-08-05 16:44:43,314 [INFO] PluginManager:220 - loadIPPluginJar : add linkedlist
2025-08-05 16:44:43,318 [INFO] IPUIPlugin:80 - create IPUIPlugin
2025-08-05 16:44:43,318 [INFO] PluginManager:220 - loadIPPluginJar : add lorawan
2025-08-05 16:44:43,320 [INFO] IPUIPlugin:80 - create IPUIPlugin
2025-08-05 16:44:43,320 [INFO] PluginManager:220 - loadIPPluginJar : add ltdc
2025-08-05 16:44:43,329 [INFO] IPUIPlugin:80 - create IPUIPlugin
2025-08-05 16:44:43,329 [INFO] PluginManager:220 - loadIPPluginJar : add mdma
2025-08-05 16:44:43,335 [INFO] IPUIPlugin:80 - create IPUIPlugin
2025-08-05 16:44:43,335 [INFO] PluginManager:220 - loadIPPluginJar : add nvic
2025-08-05 16:44:43,340 [INFO] IPUIPlugin:80 - create IPUIPlugin
2025-08-05 16:44:43,340 [INFO] PluginManager:220 - loadIPPluginJar : add opamp
2025-08-05 16:44:43,346 [INFO] IPUIPlugin:80 - create IPUIPlugin
2025-08-05 16:44:43,346 [INFO] PluginManager:220 - loadIPPluginJar : add openamp
2025-08-05 16:44:43,351 [INFO] IPUIPlugin:80 - create IPUIPlugin
2025-08-05 16:44:43,352 [INFO] PluginManager:220 - loadIPPluginJar : add pdm2pcm
2025-08-05 16:44:43,362 [INFO] IPUIPlugin:80 - create IPUIPlugin
2025-08-05 16:44:43,367 [INFO] PluginManager:220 - loadIPPluginJar : add plateformsettings
2025-08-05 16:44:43,370 [INFO] IPUIPlugin:80 - create IPUIPlugin
2025-08-05 16:44:43,370 [INFO] PluginManager:220 - loadIPPluginJar : add quadspi
2025-08-05 16:44:43,373 [INFO] IPUIPlugin:80 - create IPUIPlugin
2025-08-05 16:44:43,374 [INFO] PluginManager:220 - loadIPPluginJar : add radio
2025-08-05 16:44:43,379 [INFO] IPUIPlugin:80 - create IPUIPlugin
2025-08-05 16:44:43,379 [INFO] PluginManager:220 - loadIPPluginJar : add resmgrutility
2025-08-05 16:44:43,384 [INFO] IPUIPlugin:80 - create IPUIPlugin
2025-08-05 16:44:43,384 [INFO] PluginManager:220 - loadIPPluginJar : add sai
2025-08-05 16:44:43,388 [INFO] IPUIPlugin:80 - create IPUIPlugin
2025-08-05 16:44:43,388 [INFO] PluginManager:220 - loadIPPluginJar : add spi
2025-08-05 16:44:43,397 [INFO] IPUIPlugin:80 - create IPUIPlugin
2025-08-05 16:44:43,397 [INFO] PluginManager:220 - loadIPPluginJar : add stm32_wpan
2025-08-05 16:44:43,400 [INFO] IPUIPlugin:80 - create IPUIPlugin
2025-08-05 16:44:43,400 [INFO] PluginManager:220 - loadIPPluginJar : add tim
2025-08-05 16:44:43,405 [INFO] IPUIPlugin:80 - create IPUIPlugin
2025-08-05 16:44:43,405 [INFO] PluginManager:220 - loadIPPluginJar : add touchsensing
2025-08-05 16:44:43,409 [INFO] IPUIPlugin:80 - create IPUIPlugin
2025-08-05 16:44:43,409 [INFO] PluginManager:220 - loadIPPluginJar : add tracer_emb
2025-08-05 16:44:43,413 [INFO] IPUIPlugin:80 - create IPUIPlugin
2025-08-05 16:44:43,413 [INFO] PluginManager:220 - loadIPPluginJar : add ts
2025-08-05 16:44:43,416 [INFO] IPUIPlugin:80 - create IPUIPlugin
2025-08-05 16:44:43,416 [INFO] PluginManager:220 - loadIPPluginJar : add tsc
2025-08-05 16:44:43,419 [INFO] IPUIPlugin:80 - create IPUIPlugin
2025-08-05 16:44:43,419 [INFO] PluginManager:220 - loadIPPluginJar : add ucpd
2025-08-05 16:44:43,423 [INFO] IPUIPlugin:80 - create IPUIPlugin
2025-08-05 16:44:43,423 [INFO] PluginManager:220 - loadIPPluginJar : add usart
2025-08-05 16:44:43,430 [INFO] IPUIPlugin:80 - create IPUIPlugin
2025-08-05 16:44:43,430 [INFO] PluginManager:220 - loadIPPluginJar : add usbx
2025-08-05 16:44:43,605 [FATAL] Updater:351 - Updater called before beeing initialized
2025-08-05 16:44:43,653 [INFO] RulesReader:64 - Compatibility file has been processed (301 Rules)
2025-08-05 16:44:43,677 [INFO] RulesReader:64 - Compatibility file has been processed (301 Rules)
2025-08-05 16:44:43,688 [INFO] CADModel:165 - CPN selected for project level
2025-08-05 16:44:43,688 [INFO] CADModel:114 - Register for checkConnection events
2025-08-05 16:44:43,688 [FATAL] Updater:351 - Updater called before beeing initialized
2025-08-05 16:44:43,689 [ERROR] CADModel:125 - Updater not yet initialized, retry later 
2025-08-05 16:44:43,906 [FATAL] Updater:351 - Updater called before beeing initialized
2025-08-05 16:44:43,910 [INFO] CADModel:165 - CPN selected for project level
2025-08-05 16:44:43,910 [INFO] CADModel:114 - Register for checkConnection events
2025-08-05 16:44:43,910 [FATAL] Updater:351 - Updater called before beeing initialized
2025-08-05 16:44:43,910 [ERROR] CADModel:125 - Updater not yet initialized, retry later 
2025-08-05 16:44:43,919 [FATAL] Updater:351 - Updater called before beeing initialized
2025-08-05 16:44:44,302 [FATAL] Updater:351 - Updater called before beeing initialized
2025-08-05 16:44:44,309 [INFO] DbMcusAds:53 - JSON generation date=Thu Mar 06 15:54:21 CET 2025 (1741272861825)
2025-08-05 16:44:44,309 [FATAL] Updater:351 - Updater called before beeing initialized
2025-08-05 16:44:44,370 [WARN] DetailPanel:346 - Failed to get advertising image, set to default
2025-08-05 16:44:44,721 [FATAL] Updater:351 - Updater called before beeing initialized
2025-08-05 16:44:44,722 [FATAL] Updater:351 - Updater called before beeing initialized
2025-08-05 16:44:44,722 [FATAL] Updater:351 - Updater called before beeing initialized
2025-08-05 16:44:44,723 [WARN] DetailPanel:346 - Failed to get advertising image, set to default
2025-08-05 16:44:44,724 [FATAL] Updater:351 - Updater called before beeing initialized
2025-08-05 16:44:44,807 [ERROR] Updater:1198 - MainUpdater not yet initialized. External WinMGr cannot be set.
2025-08-05 16:44:44,810 [INFO] Updater:1134 - Updater Version found : 6.14.0
2025-08-05 16:44:44,832 [INFO] ApplicationProperties:184 - Using Application install path: C:\ST\STM32CubeIDE_1.18.0\STM32CubeIDE\plugins\com.st.stm32cube.common.mx_6.14.0.202502271554
2025-08-05 16:44:45,399 [INFO] ThirdPartyUpdaterWithRetryManager:70 - Updater plugin not ready yet. [2/15]
2025-08-05 16:44:46,425 [ERROR] LogOutputStream:75 - [STDERR_REDIRECT] Aug 05, 2025 4:44:46 PM java.util.prefs.WindowsPreferences <init>
2025-08-05 16:44:46,444 [ERROR] LogOutputStream:75 - [STDERR_REDIRECT] WARNING: Could not open/create prefs root node Software\JavaSoft\Prefs at root 0xffffffff80000002. Windows RegCreateKeyEx(...) returned error code 5.
2025-08-05 16:44:46,445 [ERROR] LogOutputStream:75 - [STDERR_REDIRECT] 
2025-08-05 16:44:46,816 [INFO] MainUpdater:2872 - connection check result : 22
2025-08-05 16:44:46,817 [INFO] MainUpdater:289 - Updater Check For Update Now.
2025-08-05 16:44:46,817 [INFO] MicroXplorer:498 - Change Database Version : DB.6.0.140
2025-08-05 16:44:46,827 [INFO] McuFinderGlobals:63 - Set McuFinder mode to 2 (CubeIDE integrated)
2025-08-05 16:44:46,828 [INFO] UserAuth:486 - Internet connection configuration mode: 2
2025-08-05 16:44:46,837 [INFO] UserAuth:486 - Internet connection configuration mode: 2
2025-08-05 16:44:47,236 [INFO] CheckServerUpdateThread:120 - End of CheckServer Thread
2025-08-05 16:44:47,533 [ERROR] LogOutputStream:75 - [STDERR_REDIRECT] Aug 05, 2025 4:44:47 PM org.glassfish.grizzly.http.server.NetworkListener start
2025-08-05 16:44:47,535 [ERROR] LogOutputStream:75 - [STDERR_REDIRECT] INFO: Started listener bound to [localhost:16722]
2025-08-05 16:44:47,536 [ERROR] LogOutputStream:75 - [STDERR_REDIRECT] 
2025-08-05 16:44:47,538 [ERROR] LogOutputStream:75 - [STDERR_REDIRECT] Aug 05, 2025 4:44:47 PM org.glassfish.grizzly.http.server.HttpServer start
2025-08-05 16:44:47,539 [ERROR] LogOutputStream:75 - [STDERR_REDIRECT] INFO: [HttpServer] Started.
2025-08-05 16:44:47,540 [ERROR] LogOutputStream:75 - [STDERR_REDIRECT] 
2025-08-05 16:44:48,749 [WARN] PackLoader:240 - Cannot read IP mode file for STMicroelectronics.FP-SNS-MOTENVWB1.1.4.0
2025-08-05 16:44:48,764 [WARN] PackLoader:240 - Cannot read IP mode file for STMicroelectronics.FP-ATR-ASTRA1.2.0.2
2025-08-05 16:44:48,780 [WARN] PackLoader:240 - Cannot read IP mode file for STMicroelectronics.X-CUBE-SMBUS.2.1.0
2025-08-05 16:44:48,793 [WARN] PackLoader:240 - Cannot read IP mode file for STMicroelectronics.X-CUBE-WB05N.1.1.0
2025-08-05 16:44:48,803 [WARN] PackLoader:240 - Cannot read IP mode file for STMicroelectronics.X-CUBE-ST60.1.0.0
2025-08-05 16:44:48,861 [WARN] PackLoader:240 - Cannot read IP mode file for STMicroelectronics.X-CUBE-AZRTOS-F7.1.1.0
2025-08-05 16:44:48,921 [WARN] PackLoader:240 - Cannot read IP mode file for Infineon.AIROC-Wi-Fi-Bluetooth-STM32.1.7.0
2025-08-05 16:44:48,981 [WARN] PackLoader:240 - Cannot read IP mode file for STMicroelectronics.X-CUBE-AZRTOS-H7.3.4.0
2025-08-05 16:44:48,999 [WARN] PackLoader:240 - Cannot read IP mode file for STMicroelectronics.X-CUBE-DISPLAY.3.0.0
2025-08-05 16:44:49,017 [WARN] PackLoader:240 - Cannot read IP mode file for STMicroelectronics.X-CUBE-NFC10.1.0.0
2025-08-05 16:44:49,039 [WARN] PackLoader:240 - Cannot read IP mode file for STMicroelectronics.X-CUBE-BLEMGR.4.0.0
2025-08-05 16:44:49,052 [WARN] PackLoader:240 - Cannot read IP mode file for emotas.I-CUBE-CANOPEN.1.3.0
2025-08-05 16:44:49,058 [WARN] ConditionMgr:438 - getConditionDescription Invalid condition id : Cortex-A Device cause : null
2025-08-05 16:44:49,079 [WARN] ConditionMgr:1044 - genDependencies : Invalid condition id : Cortex-A Device cause : null
2025-08-05 16:44:49,080 [WARN] ConditionMgr:1044 - genDependencies : Invalid condition id : Cortex-A Device cause : null
2025-08-05 16:44:49,080 [WARN] ConditionMgr:1044 - genDependencies : Invalid condition id : Cortex-A Device cause : null
2025-08-05 16:44:49,085 [WARN] PackLoader:240 - Cannot read IP mode file for STMicroelectronics.X-CUBE-AI.10.0.0
2025-08-05 16:44:49,094 [ERROR] Engine:466 - C:\Users\pwlub\.stm32cubemx\thirdparties\pdsc\STMicroelectronics.FP-SNS-STBOX1.2.1.0.pdsc: PDSC version is not supported
2025-08-05 16:44:49,101 [WARN] PackLoader:240 - Cannot read IP mode file for STMicroelectronics.FP-SNS-SMARTAG2.1.2.0
2025-08-05 16:44:49,108 [WARN] PackLoader:240 - Cannot read IP mode file for STMicroelectronics.FP-SNS-FLIGHT1.5.1.0
2025-08-05 16:44:49,213 [WARN] PackLoader:240 - Cannot read IP mode file for STMicroelectronics.X-CUBE-MEMS1.11.1.0
2025-08-05 16:44:49,437 [INFO] LogOutputStream:77 - [STDOUT_REDIRECT] 1 : Invalid condition id : UX_CORESTACK_Condition cause : null
2025-08-05 16:44:49,437 [INFO] LogOutputStream:77 - [STDOUT_REDIRECT] 1 : Invalid condition id : UX_CORESTACK_Condition cause : null
2025-08-05 16:44:49,440 [INFO] LogOutputStream:77 - [STDOUT_REDIRECT] 1 : Invalid condition id : UX_CORESTACK_Condition cause : null
2025-08-05 16:44:49,442 [INFO] LogOutputStream:77 - [STDOUT_REDIRECT] 1 : Invalid condition id : UX_CORESTACK_Condition cause : null
2025-08-05 16:44:49,444 [INFO] LogOutputStream:77 - [STDOUT_REDIRECT] 1 : Invalid condition id : UX_CORESTACK_Condition cause : null
2025-08-05 16:44:49,478 [WARN] PackLoader:240 - Cannot read IP mode file for STMicroelectronics.X-CUBE-AZRTOS-WL.2.0.0
2025-08-05 16:44:49,488 [WARN] PackLoader:240 - Cannot read IP mode file for STMicroelectronics.FP-SNS-MOTENV1.5.0.0
2025-08-05 16:44:49,520 [WARN] PackLoader:240 - Cannot read IP mode file for WES.I-CUBE-Cesium.1.3.0
2025-08-05 16:44:49,528 [WARN] PackLoader:240 - Cannot read IP mode file for STMicroelectronics.X-CUBE-BLE2.3.3.0
2025-08-05 16:44:49,540 [WARN] PackLoader:240 - Cannot read IP mode file for STMicroelectronics.X-CUBE-NFC9.1.0.0
2025-08-05 16:44:49,553 [WARN] PackLoader:240 - Cannot read IP mode file for STMicroelectronics.X-CUBE-BLE1.7.1.0
2025-08-05 16:44:49,565 [WARN] PackLoader:240 - Cannot read IP mode file for STMicroelectronics.X-CUBE-EEPRMA1.5.2.0
2025-08-05 16:44:49,576 [WARN] PackLoader:240 - Cannot read IP mode file for STMicroelectronics.X-CUBE-AI.10.1.0
2025-08-05 16:44:49,692 [WARN] PackLoader:240 - Cannot read IP mode file for STMicroelectronics.X-CUBE-MEMS1.11.2.0
2025-08-05 16:44:50,062 [WARN] PackLoader:240 - Cannot read IP mode file for STMicroelectronics.X-CUBE-AZRTOS-G0.1.1.0
2025-08-05 16:44:50,074 [WARN] PackLoader:240 - Cannot read IP mode file for STMicroelectronics.X-CUBE-SAFEA1.1.2.2
2025-08-05 16:44:50,084 [WARN] PackLoader:240 - Cannot read IP mode file for STMicroelectronics.X-CUBE-NFC4.3.0.0
2025-08-05 16:44:50,103 [WARN] PackLoader:240 - Cannot read IP mode file for EmbeddedOffice.I-CUBE-FS-RTOS.1.0.1
2025-08-05 16:44:50,120 [WARN] PackLoader:240 - Cannot read IP mode file for STMicroelectronics.X-CUBE-WB05N.2.0.0
2025-08-05 16:44:50,130 [WARN] PackLoader:240 - Cannot read IP mode file for wolfSSL.I-CUBE-wolfTPM.3.8.0
2025-08-05 16:44:50,140 [WARN] PackLoader:240 - Cannot read IP mode file for STMicroelectronics.X-CUBE-TCPP.4.2.0
2025-08-05 16:44:50,148 [WARN] PackLoader:240 - Cannot read IP mode file for RealThread.X-CUBE-RT-Thread_Nano.4.1.1
2025-08-05 16:44:50,153 [WARN] PackLoader:240 - Cannot read IP mode file for STMicroelectronics.FP-ATR-SIGFOX1.3.2.0
2025-08-05 16:44:50,159 [WARN] PackLoader:240 - Cannot read IP mode file for STMicroelectronics.X-CUBE-EEPRMA1.5.1.0
2025-08-05 16:44:50,168 [WARN] PackLoader:240 - Cannot read IP mode file for ITTIA_DB.I-CUBE-ITTIADB.8.9.0
2025-08-05 16:44:50,177 [WARN] PackLoader:240 - Cannot read IP mode file for STMicroelectronics.X-CUBE-ST67W61.1.0.0
2025-08-05 16:44:50,234 [WARN] PackLoader:240 - Cannot read IP mode file for SEGGER.I-CUBE-embOS.1.3.1
2025-08-05 16:44:50,295 [WARN] PackLoader:240 - Cannot read IP mode file for STMicroelectronics.X-CUBE-ALGOBUILD.1.4.0
2025-08-05 16:44:50,356 [WARN] PackLoader:240 - Cannot read IP mode file for STMicroelectronics.X-CUBE-MEMS1.11.3.0
2025-08-05 16:44:50,525 [WARN] PackLoader:240 - Cannot read IP mode file for STMicroelectronics.X-CUBE-PM33A1.1.0.0
2025-08-05 16:44:50,544 [WARN] PackLoader:240 - Cannot read IP mode file for STMicroelectronics.X-CUBE-AZRTOS-F4.1.1.0
2025-08-05 16:44:50,553 [WARN] PackLoader:240 - Cannot read IP mode file for Avnet-IotConnect.X-CUBE-IoTC-DA16k-PMOD.1.0.0
2025-08-05 16:44:50,559 [WARN] PackLoader:240 - Cannot read IP mode file for STMicroelectronics.X-CUBE-ISPU.2.1.0
2025-08-05 16:44:50,568 [WARN] PackLoader:240 - Cannot read IP mode file for STMicroelectronics.X-CUBE-NFC12.1.0.0
2025-08-05 16:44:50,584 [WARN] PackLoader:240 - Cannot read IP mode file for STMicroelectronics.X-CUBE-AZRTOS-L5.2.0.0
2025-08-05 16:44:50,594 [WARN] PackLoader:240 - Cannot read IP mode file for STMicroelectronics.X-CUBE-NFC6.3.1.0
2025-08-05 16:44:50,601 [WARN] PackLoader:240 - Cannot read IP mode file for STMicroelectronics.X-CUBE-DPower.1.2.0
2025-08-05 16:44:50,609 [WARN] PackLoader:240 - Cannot read IP mode file for STMicroelectronics.X-CUBE-FREERTOS.1.3.1
2025-08-05 16:44:50,613 [WARN] PackLoader:240 - Cannot read IP mode file for STMicroelectronics.X-CUBE-FREERTOS.1.3.0
2025-08-05 16:44:50,621 [WARN] PackLoader:240 - Cannot read IP mode file for STMicroelectronics.X-CUBE-NFC7.1.0.1
2025-08-05 16:44:50,661 [WARN] PackLoader:240 - Cannot read IP mode file for STMicroelectronics.FP-SNS-STAIOTCFT.1.0.0
2025-08-05 16:44:50,687 [WARN] ConditionMgr:438 - getConditionDescription Invalid condition id : LAN8742 Phy interface Condition cause : null
2025-08-05 16:44:50,689 [WARN] PackLoader:240 - Cannot read IP mode file for STMicroelectronics.X-CUBE-AZRTOS-L4.2.0.0
2025-08-05 16:44:50,690 [WARN] ConditionMgr:1044 - genDependencies : Invalid condition id : LAN8742 Phy interface Condition cause : null
2025-08-05 16:44:50,691 [WARN] ConditionMgr:1044 - genDependencies : Invalid condition id : LAN8742 Phy interface Condition cause : null
2025-08-05 16:44:50,692 [WARN] ConditionMgr:1044 - genDependencies : Invalid condition id : LAN8742 Phy interface Condition cause : null
2025-08-05 16:44:50,702 [WARN] PackLoader:240 - Cannot read IP mode file for STMicroelectronics.X-CUBE-SFXS2LP1.4.0.0
2025-08-05 16:44:50,729 [WARN] PackLoader:240 - Cannot read IP mode file for STMicroelectronics.X-CUBE-AZRTOS-H7.3.3.0
2025-08-05 16:44:50,745 [WARN] PackLoader:240 - Cannot read IP mode file for STMicroelectronics.X-CUBE-BLEMGR.4.1.0
2025-08-05 16:44:50,769 [WARN] ConditionMgr:438 - getConditionDescription Invalid condition id : UX DEVICE CLASS RTOS Condition cause : null
2025-08-05 16:44:50,769 [WARN] ConditionMgr:438 - getConditionDescription Invalid condition id : UX DEVICE CLASS RTOS Condition cause : null
2025-08-05 16:44:50,772 [WARN] PackLoader:240 - Cannot read IP mode file for STMicroelectronics.X-CUBE-AZRTOS-WB.2.0.0
2025-08-05 16:44:50,773 [WARN] ConditionMgr:1044 - genDependencies : Invalid condition id : UX DEVICE CLASS RTOS Condition cause : null
2025-08-05 16:44:50,773 [WARN] ConditionMgr:1044 - genDependencies : Invalid condition id : UX DEVICE CLASS RTOS Condition cause : null
2025-08-05 16:44:50,774 [WARN] ConditionMgr:1044 - genDependencies : Invalid condition id : UX DEVICE CLASS RTOS Condition cause : null
2025-08-05 16:44:50,774 [WARN] ConditionMgr:1044 - genDependencies : Invalid condition id : UX DEVICE CLASS RTOS Condition cause : null
2025-08-05 16:44:50,775 [WARN] ConditionMgr:1044 - genDependencies : Invalid condition id : UX DEVICE CLASS RTOS Condition cause : null
2025-08-05 16:44:50,782 [WARN] PackLoader:240 - Cannot read IP mode file for STMicroelectronics.X-CUBE-GNSS1.7.0.1
2025-08-05 16:44:50,789 [WARN] PackLoader:240 - Cannot read IP mode file for STMicroelectronics.X-CUBE-TOUCHGFX.4.25.0
2025-08-05 16:44:50,796 [WARN] PackLoader:240 - Cannot read IP mode file for STMicroelectronics.FP-SNS-STBOX1.2.0.0
2025-08-05 16:44:50,814 [WARN] PackLoader:240 - Cannot read IP mode file for STMicroelectronics.X-CUBE-SUBG2.5.0.0
2025-08-05 16:44:50,824 [WARN] PackLoader:240 - Cannot read IP mode file for Cesanta.I-CUBE-Mongoose.7.13.0
2025-08-05 16:44:50,841 [WARN] PackLoader:240 - Cannot read IP mode file for STMicroelectronics.X-CUBE-AZRTOS-G4.2.0.0
2025-08-05 16:44:50,849 [WARN] PackLoader:240 - Cannot read IP mode file for wolfSSL.I-CUBE-wolfSSH.1.4.20
2025-08-05 16:44:50,854 [WARN] PackLoader:240 - Cannot read IP mode file for STMicroelectronics.X-CUBE-NFC7.2.0.0
2025-08-05 16:44:50,910 [WARN] PackLoader:240 - Cannot read IP mode file for STMicroelectronics.X-CUBE-IPS.3.1.0
2025-08-05 16:44:50,922 [WARN] PackLoader:240 - Cannot read IP mode file for STMicroelectronics.X-CUBE-ALS.1.0.2
2025-08-05 16:44:50,930 [WARN] PackLoader:240 - Cannot read IP mode file for portGmbH.I-Cube-SoM-uGOAL.1.1.0
2025-08-05 16:44:50,946 [WARN] PackLoader:240 - Cannot read IP mode file for STMicroelectronics.X-CUBE-AZRTOS-H7RS.1.0.0
2025-08-05 16:44:50,962 [WARN] PackLoader:240 - Cannot read IP mode file for STMicroelectronics.X-CUBE-TOF1.3.4.2
2025-08-05 16:44:50,989 [WARN] PackLoader:240 - Cannot read IP mode file for STMicroelectronics.X-CUBE-TOF1.3.4.3
2025-08-05 16:44:51,003 [INFO] ThirdParty:978 - Integrity check success = true
2025-08-05 16:44:51,004 [INFO] IntegrityCheckThread:100 - exiting critical section [integrity check]
2025-08-05 16:44:51,004 [INFO] IntegrityCheckThread:103 - End integrity checks thread
2025-08-05 16:56:27,525 [ERROR] ConfigurationRetriever:142 - IOException on connection: sw-center.st.com
2025-08-05 16:56:27,529 [ERROR] ConfigurationRetriever:142 - IOException on connection: sw-center.st.com
2025-08-05 16:56:27,533 [ERROR] ConfigurationRetriever:142 - IOException on connection: sw-center.st.com
