15:05:22 **** Incremental Build of configuration Debug for project firmware ****
make -j4 all 
arm-none-eabi-g++ "../Tasks/Src/communication_task.cpp" -mcpu=cortex-m4 -std=gnu++20 -g3 -DDEBUG -DUSE_HAL_DRIVER -DSTM32G473xx -c -I../Core/Inc -I../Drivers/STM32G4xx_HAL_Driver/Inc -I../Drivers/STM32G4xx_HAL_Driver/Inc/Legacy -I../Drivers/CMSIS/Device/ST/STM32G4xx/Include -I../Drivers/CMSIS/Include -I../Middlewares/Third_Party/FreeRTOS/Source/include -I../Middlewares/Third_Party/FreeRTOS/Source/CMSIS_RTOS_V2 -I../Middlewares/Third_Party/FreeRTOS/Source/portable/GCC/ARM_CM4F -I../Components/AIN/Inc -I../Components/DATA/Inc -I../Components/TCA6416A/Inc -I../Components/PUTM_EV_CAN_LIBRARY/lib -I../Tasks/Inc -O0 -ffunction-sections -fdata-sections -fno-exceptions -fno-rtti -fno-use-cxa-atexit -Wall -Wextra -Wfatal-errors -pedantic -Wmissing-include-dirs -Wswitch-default -Wswitch-enum -Wconversion -fstack-usage -fcyclomatic-complexity -MMD -MP -MF"Tasks/Src/communication_task.d" -MT"Tasks/Src/communication_task.o" --specs=nano.specs -mfpu=fpv4-sp-d16 -mfloat-abi=hard -mthumb -o "Tasks/Src/communication_task.o"
In file included from ../Components/PUTM_EV_CAN_LIBRARY/lib/can_interface.hpp:16,
                 from ../Tasks/Src/communication_task.cpp:11:
../Components/PUTM_EV_CAN_LIBRARY/lib/message_abstraction.hpp: In constructor 'constexpr PUTM_CAN::Device_base::Device_base(uint32_t, uint8_t)':
../Components/PUTM_EV_CAN_LIBRARY/lib/message_abstraction.hpp:86:60: warning: conversion from 'uint32_t' {aka 'long unsigned int'} to 'const short unsigned int:12' may change value [-Wconversion]
   86 |     constexpr Device_base(uint32_t ide, uint8_t dlc) : IDE{ide}, DLC{dlc}, new_data{false} {}
      |                                                            ^~~
../Components/PUTM_EV_CAN_LIBRARY/lib/message_abstraction.hpp:86:70: warning: conversion from 'uint8_t' {aka 'unsigned char'} to 'const unsigned char:4' may change value [-Wconversion]
   86 |     constexpr Device_base(uint32_t ide, uint8_t dlc) : IDE{ide}, DLC{dlc}, new_data{false} {}
      |                                                                      ^~~
../Components/PUTM_EV_CAN_LIBRARY/lib/can_interface.hpp: In function 'void HAL_FDCAN_RxFifo0Callback(FDCAN_HandleTypeDef*, uint32_t)':
../Components/PUTM_EV_CAN_LIBRARY/lib/can_interface.hpp:198:71: warning: unused parameter 'RxFifo0ITs' [-Wunused-parameter]
  198 | void HAL_FDCAN_RxFifo0Callback(FDCAN_HandleTypeDef* hfdcan1, uint32_t RxFifo0ITs) {
      |                                                              ~~~~~~~~~^~~~~~~~~~
../Tasks/Src/communication_task.cpp: In function 'void Communication_Task(void*)':
../Tasks/Src/communication_task.cpp:35:31: warning: unused parameter 'argument' [-Wunused-parameter]
   35 | void Communication_Task(void* argument) {
      |                         ~~~~~~^~~~~~~~
arm-none-eabi-g++ -o "firmware.elf" @"objects.list"   -mcpu=cortex-m4 -T"C:\Users\pwlub\Desktop\PUTM_EV_REARBOX_2024\firmware\STM32G473RCTX_FLASH.ld" --specs=nosys.specs -Wl,-Map="firmware.map" -Wl,--gc-sections -static --specs=nano.specs -mfpu=fpv4-sp-d16 -mfloat-abi=hard -mthumb -Wl,--start-group -lc -lm -lstdc++ -lsupc++ -Wl,--end-group
Finished building target: firmware.elf
 
arm-none-eabi-size  firmware.elf 
arm-none-eabi-objdump -h -S firmware.elf  > "firmware.list"
   text	   data	    bss	    dec	    hex	filename
  67668	    652	  23060	  91380	  164f4	firmware.elf
Finished building: default.size.stdout
 
Finished building: firmware.list
 

15:05:25 Build Finished. 0 errors, 4 warnings. (took 2s.519ms)

